Component: Arm Compiler for Embedded 6.23 Tool: armlink [5f102400]

==============================================================================

Section Cross References

    main.o(.text.SysTick_Handler) refers to main.o(.bss.duty) for duty
    main.o(.text.SysTick_Handler) refers to main.o(.bss.ticks) for ticks
    main.o(.text.SysTick_Handler) refers to main.o(.text.LEDS_ON) for LEDS_ON
    main.o(.text.SysTick_Handler) refers to main.o(.text.LEDS_OFF) for LEDS_OFF
    main.o(.ARM.exidx.text.SysTick_Handler) refers to main.o(.text.SysTick_Handler) for [Anonymous Symbol]
    main.o(.ARM.exidx.text.LEDS_ON) refers to main.o(.text.LEDS_ON) for [Anonymous Symbol]
    main.o(.ARM.exidx.text.LEDS_OFF) refers to main.o(.text.LEDS_OFF) for [Anonymous Symbol]
    main.o(.text.main) refers to main.o(.rodata.str1.1) for .L.str
    main.o(.text.main) refers to generalserial.o(.text.ES_Serial) for ES_Serial
    main.o(.text.main) refers to generalserial.o(.text.ES_printf) for ES_printf
    main.o(.text.main) refers to main.o(.text.LEDs_Init) for LEDs_Init
    main.o(.text.main) refers to main.o(.text.Switches_Init) for Switches_Init
    main.o(.text.main) refers to main.o(.text.SysTick_Init_10kHz) for SysTick_Init_10kHz
    main.o(.text.main) refers to main.o(.text.setDutyClampedPrint) for setDutyClampedPrint
    main.o(.text.main) refers to main.o(.bss.duty) for duty
    main.o(.text.main) refers to main.o(.text.debounce_delay_ms) for debounce_delay_ms
    main.o(.ARM.exidx.text.main) refers to main.o(.text.main) for [Anonymous Symbol]
    main.o(.ARM.exidx.text.LEDs_Init) refers to main.o(.text.LEDs_Init) for [Anonymous Symbol]
    main.o(.ARM.exidx.text.Switches_Init) refers to main.o(.text.Switches_Init) for [Anonymous Symbol]
    main.o(.ARM.exidx.text.SysTick_Init_10kHz) refers to main.o(.text.SysTick_Init_10kHz) for [Anonymous Symbol]
    main.o(.text.setDutyClampedPrint) refers to main.o(.bss.duty) for duty
    main.o(.text.setDutyClampedPrint) refers to main.o(.rodata.str1.1) for .L.str.3
    main.o(.text.setDutyClampedPrint) refers to generalserial.o(.text.ES_printf) for ES_printf
    main.o(.ARM.exidx.text.setDutyClampedPrint) refers to main.o(.text.setDutyClampedPrint) for [Anonymous Symbol]
    main.o(.ARM.exidx.text.debounce_delay_ms) refers to main.o(.text.debounce_delay_ms) for [Anonymous Symbol]
    startup_tm4c129.o(STACK) refers (Special) to heapauxi.o(.text) for __use_two_region_memory
    startup_tm4c129.o(HEAP) refers (Special) to heapauxi.o(.text) for __use_two_region_memory
    startup_tm4c129.o(RESET) refers (Special) to heapauxi.o(.text) for __use_two_region_memory
    startup_tm4c129.o(RESET) refers to startup_tm4c129.o(STACK) for __initial_sp
    startup_tm4c129.o(RESET) refers to startup_tm4c129.o(.text) for Reset_Handler
    startup_tm4c129.o(RESET) refers to main.o(.text.SysTick_Handler) for SysTick_Handler
    startup_tm4c129.o(.text) refers (Special) to heapauxi.o(.text) for __use_two_region_memory
    startup_tm4c129.o(.text) refers to system_tm4c129.o(.text.SystemInit) for SystemInit
    startup_tm4c129.o(.text) refers to __main.o(!!!main) for __main
    startup_tm4c129.o(.text) refers to startup_tm4c129.o(HEAP) for Heap_Mem
    startup_tm4c129.o(.text) refers to startup_tm4c129.o(STACK) for Stack_Mem
    system_tm4c129.o(.text.SystemCoreClockUpdate) refers to system_tm4c129.o(.data.SystemCoreClock) for SystemCoreClock
    system_tm4c129.o(.ARM.exidx.text.SystemCoreClockUpdate) refers to system_tm4c129.o(.text.SystemCoreClockUpdate) for [Anonymous Symbol]
    system_tm4c129.o(.text.SystemInit) refers to system_tm4c129.o(.data.SystemCoreClock) for SystemCoreClock
    system_tm4c129.o(.ARM.exidx.text.SystemInit) refers to system_tm4c129.o(.text.SystemInit) for [Anonymous Symbol]
    generalserial.o(.text.ES_getchar) refers to generalserial.o(.rodata.Uvalues) for Uvalues
    generalserial.o(.ARM.exidx.text.ES_getchar) refers to generalserial.o(.text.ES_getchar) for [Anonymous Symbol]
    generalserial.o(.text.ES_putchar) refers to generalserial.o(.rodata.Uvalues) for Uvalues
    generalserial.o(.ARM.exidx.text.ES_putchar) refers to generalserial.o(.text.ES_putchar) for [Anonymous Symbol]
    generalserial.o(.text.ES_Serial) refers to generalserial.o(.rodata.Uvalues) for Uvalues
    generalserial.o(.text.ES_Serial) refers to generalserial.o(.rodata.str1.1) for .L.str
    generalserial.o(.text.ES_Serial) refers to sscanf.o(.text) for sscanf
    generalserial.o(.text.ES_Serial) refers to system_tm4c129.o(.data.SystemCoreClock) for SystemCoreClock
    generalserial.o(.text.ES_Serial) refers to msdelay.o(.text.msDelay) for msDelay
    generalserial.o(.ARM.exidx.text.ES_Serial) refers to generalserial.o(.text.ES_Serial) for [Anonymous Symbol]
    generalserial.o(.text.ES_printf) refers to vsprintf.o(.text) for vsprintf
    generalserial.o(.text.ES_printf) refers to generalserial.o(.text.ES_putchar) for ES_putchar
[...]
    .text                                    0x000006c4   Section        0  _printf_wctomb.o(.text)
    .text                                    0x00000780   Section        0  _printf_longlong_dec.o(.text)
    _printf_longlong_oct_internal            0x000007fd   Thumb Code     0  _printf_oct_int_ll.o(.text)
    .text                                    0x000007fc   Section        0  _printf_oct_int_ll.o(.text)
    _printf_hex_common                       0x0000086d   Thumb Code     0  _printf_hex_int_ll_ptr.o(.text)
    .text                                    0x0000086c   Section        0  _printf_hex_int_ll_ptr.o(.text)
    .text                                    0x00000900   Section        0  __printf_flags_ss_wp.o(.text)
    .text                                    0x00000a88   Section        0  _scanf_longlong.o(.text)
    .text                                    0x00000bde   Section        0  _scanf_int.o(.text)
    .text                                    0x00000d2a   Section        0  _scanf_str.o(.text)
    _scanf_char_input                        0x00000e0d   Thumb Code    12  scanf_char.o(.text)
    .text                                    0x00000e0c   Section        0  scanf_char.o(.text)
    .text                                    0x00000e38   Section        0  _sgetc.o(.text)
    .text                                    0x00000e78   Section        0  _scanf_mbtowc.o(.text)
    .text                                    0x00000f8c   Section        0  _scanf_wctomb.o(.text)
    .text                                    0x00001074   Section        0  _scanf_wstr.o(.text)
    .text                                    0x00001144   Section        8  libspace.o(.text)
    .text                                    0x0000114c   Section      138  lludiv10.o(.text)
    .text                                    0x000011d6   Section        0  isspace.o(.text)
    .text                                    0x000011e8   Section        0  _printf_intcommon.o(.text)
    _fp_digits                               0x0000129b   Thumb Code   432  _printf_fp_dec.o(.text)
    .text                                    0x0000129a   Section        0  _printf_fp_dec.o(.text)
    .text                                    0x000016b8   Section        0  _printf_fp_hex.o(.text)
    .text                                    0x000019b4   Section        0  _printf_char.o(.text)
    .text                                    0x000019e0   Section        0  _printf_wchar.o(.text)
    .text                                    0x00001a0c   Section        0  _chval.o(.text)
    .text                                    0x00001a28   Section        0  _scanf.o(.text)
    _fp_value                                0x00001d9d   Thumb Code   588  scanf_fp.o(.text)
    .text                                    0x00001d9c   Section        0  scanf_fp.o(.text)
    .text                                    0x00002294   Section        0  _scanf_wcharmap.o(.text)
    .text                                    0x000022b2   Section        0  _mbrtoc16.o(.text)
    .text                                    0x000022f2   Section        0  _c16rtomb.o(.text)
    .text                                    0x00002340   Section      124  strcmpv7em.o(.text)
    .text                                    0x000023bc   Section       74  sys_stackheap_outer.o(.text)
    .text                                    0x00002408   Section        8  rt_errno_addr_intlibspace.o(.text)
    .text                                    0x00002410   Section       38  llshl.o(.text)
    .text                                    0x00002438   Section        0  _printf_fp_infnan.o(.text)
    .text                                    0x000024b8   Section        0  bigflt0.o(.text)
    .text                                    0x0000259c   Section        0  exit.o(.text)
    .text                                    0x000025ae   Section        0  _rserrno.o(.text)
    .text                                    0x000025c4   Section        0  scanf_hexfp.o(.text)
    .text                                    0x000028e4   Section        0  scanf_infnan.o(.text)
    .text                                    0x00002a18   Section        0  sys_exit.o(.text)
    .text                                    0x00002a24   Section        2  use_no_semi.o(.text)
    .text                                    0x00002a26   Section        0  indicate_semi.o(.text)
    [Anonymous Symbol]                       0x00002a28   Section        0  generalserial.o(.text.ES_Serial)
    [Anonymous Symbol]                       0x00002c28   Section        0  generalserial.o(.text.ES_printf)
    [Anonymous Symbol]                       0x00002cb4   Section        0  generalserial.o(.text.ES_putchar)
    LEDS_OFF                                 0x00002cf1   Thumb Code    34  main.o(.text.LEDS_OFF)
    [Anonymous Symbol]                       0x00002cf0   Section        0  main.o(.text.LEDS_OFF)
    LEDS_ON                                  0x00002d15   Thumb Code    34  main.o(.text.LEDS_ON)
    [Anonymous Symbol]                       0x00002d14   Section        0  main.o(.text.LEDS_ON)
    LEDs_Init                                0x00002d39   Thumb Code   270  main.o(.text.LEDs_Init)
    [Anonymous Symbol]                       0x00002d38   Section        0  main.o(.text.LEDs_Init)
    Switches_Init                            0x00002e49   Thumb Code   136  main.o(.text.Switches_Init)
    [Anonymous Symbol]                       0x00002e48   Section        0  main.o(.text.Switches_Init)
    [Anonymous Symbol]                       0x00002ed0   Section        0  main.o(.text.SysTick_Handler)
    SysTick_Init_10kHz                       0x00002f45   Thumb Code    52  main.o(.text.SysTick_Init_10kHz)
    [Anonymous Symbol]                       0x00002f44   Section        0  main.o(.text.SysTick_Init_10kHz)
    [Anonymous Symbol]                       0x00002f78   Section        0  system_tm4c129.o(.text.SystemInit)
    debounce_delay_ms                        0x00002f9d   Thumb Code    62  main.o(.text.debounce_delay_ms)
    [Anonymous Symbol]                       0x00002f9c   Section        0  main.o(.text.debounce_delay_ms)
    [Anonymous Symbol]                       0x00002fdc   Section        0  main.o(.text.main)
    [Anonymous Symbol]                       0x00003074   Section        0  msdelay.o(.text.msDelay)
    setDutyClampedPrint                      0x000030d5   Thumb Code    66  main.o(.text.setDutyClampedPrint)
    [Anonymous Symbol]                       0x000030d4   Section        0  main.o(.text.setDutyClampedPrint)
    CL$$btod_d2e                             0x00003116   Section       62  btod.o(CL$$btod_d2e)
    CL$$btod_d2e_denorm_low                  0x00003154   Section       70  btod.o(CL$$btod_d2e_denorm_low)
    CL$$btod_d2e_norm_op1                    0x0000319a   Section       96  btod.o(CL$$btod_d2e_norm_op1)
    CL$$btod_div_common                      0x000031fc   Section      824  btod.o(CL$$btod_div_common)
    CL$$btod_e2d                             0x00003534   Section      132  btod.o(CL$$btod_e2d)
    CL$$btod_e2e                             0x000035b8   Section      220  btod.o(CL$$btod_e2e)
    CL$$btod_ediv                            0x00003694   Section       42  btod.o(CL$$btod_ediv)
    CL$$btod_edivd                           0x000036be   Section       42  btod.o(CL$$btod_edivd)
    CL$$btod_emul                            0x000036e8   Section       42  btod.o(CL$$btod_emul)
    CL$$btod_emuld                           0x00003712   Section       42  btod.o(CL$$btod_emuld)
    CL$$btod_mult_common                     0x0000373c   Section      580  btod.o(CL$$btod_mult_common)
    i.__ARM_fpclassify                       0x00003980   Section        0  fpclassify.o(i.__ARM_fpclassify)
    i.__hardfp___mathlib_tofloat             0x000039b0   Section        0  narrow.o(i.__hardfp___mathlib_tofloat)
    i.__hardfp_ldexp                         0x00003aa8   Section        0  ldexp.o(i.__hardfp_ldexp)
    i.__mathlib_dbl_overflow                 0x00003b78   Section        0  dunder.o(i.__mathlib_dbl_overflow)
    i.__mathlib_dbl_underflow                0x00003b98   Section        0  dunder.o(i.__mathlib_dbl_underflow)
    i.__mathlib_narrow                       0x00003bb8   Section        0  narrow.o(i.__mathlib_narrow)
    i.__support_ldexp                        0x00003bca   Section        0  ldexp.o(i.__support_ldexp)
    i._is_digit                              0x00003bde   Section        0  __printf_wp.o(i._is_digit)
    i.frexp                                  0x00003bf0   Section        0  frexp.o(i.frexp)
    locale$$code                             0x00003c7c   Section       44  lc_ctype_c.o(locale$$code)
    locale$$code                             0x00003ca8   Section       44  lc_numeric_c.o(locale$$code)
    $v0                                      0x00003cd4   Number         0  d2f.o(x$fpl$d2f)
    x$fpl$d2f                                0x00003cd4   Section       98  d2f.o(x$fpl$d2f)
    $v0                                      0x00003d38   Number         0  dcheck1.o(x$fpl$dcheck1)
    x$fpl$dcheck1                            0x00003d38   Section       16  dcheck1.o(x$fpl$dcheck1)
    $v0                                      0x00003d48   Number         0  dcmpi.o(x$fpl$dcmpinf)
    x$fpl$dcmpinf                            0x00003d48   Section       24  dcmpi.o(x$fpl$dcmpinf)
    $v0                                      0x00003d60   Number         0  deqf.o(x$fpl$deqf)
    x$fpl$deqf                               0x00003d60   Section      120  deqf.o(x$fpl$deqf)
    $v0                                      0x00003dd8   Number         0  dleqf.o(x$fpl$dleqf)
    x$fpl$dleqf                              0x00003dd8   Section      120  dleqf.o(x$fpl$dleqf)
    $v0                                      0x00003e50   Number         0  dmul.o(x$fpl$dmul)
    x$fpl$dmul                               0x00003e50   Section      340  dmul.o(x$fpl$dmul)
    $v0                                      0x00003fa4   Number         0  dnaninf.o(x$fpl$dnaninf)
    x$fpl$dnaninf                            0x00003fa4   Section      156  dnaninf.o(x$fpl$dnaninf)
    $v0                                      0x00004040   Number         0  dretinf.o(x$fpl$dretinf)
    x$fpl$dretinf                            0x00004040   Section       12  dretinf.o(x$fpl$dretinf)
    $v0                                      0x0000404c   Number         0  drleqf.o(x$fpl$drleqf)
    x$fpl$drleqf                             0x0000404c   Section      108  drleqf.o(x$fpl$drleqf)
    $v0                                      0x000040b8   Number         0  fpinit.o(x$fpl$fpinit)
    x$fpl$fpinit                             0x000040b8   Section       26  fpinit.o(x$fpl$fpinit)
    $v0                                      0x000040d2   Number         0  fretinf.o(x$fpl$fretinf)
    x$fpl$fretinf                            0x000040d2   Section       10  fretinf.o(x$fpl$fretinf)
    $v0                                      0x000040dc   Number         0  istatus.o(x$fpl$ieeestatus)
    x$fpl$ieeestatus                         0x000040dc   Section        6  istatus.o(x$fpl$ieeestatus)
    $v0                                      0x000040e2   Number         0  printf1.o(x$fpl$printf1)
    x$fpl$printf1                            0x000040e2   Section        4  printf1.o(x$fpl$printf1)
    $v0                                      0x000040e6   Number         0  printf2.o(x$fpl$printf2)
    x$fpl$printf2                            0x000040e6   Section        4  printf2.o(x$fpl$printf2)
    $v0                                      0x000040ea   Number         0  retnan.o(x$fpl$retnan)
    x$fpl$retnan                             0x000040ea   Section      100  retnan.o(x$fpl$retnan)
    $v0                                      0x0000414e   Number         0  scalbn.o(x$fpl$scalbn)
    x$fpl$scalbn                             0x0000414e   Section       92  scalbn.o(x$fpl$scalbn)
    $v0                                      0x000041aa   Number         0  scanf1.o(x$fpl$scanf1)
    x$fpl$scanf1                             0x000041aa   Section        4  scanf1.o(x$fpl$scanf1)
    $v0                                      0x000041ae   Number         0  scanf2.o(x$fpl$scanf2)
    x$fpl$scanf2                             0x000041ae   Section        8  scanf2.o(x$fpl$scanf2)
    $v0                                      0x000041b6   Number         0  trapv.o(x$fpl$trapveneer)
    x$fpl$trapveneer                         0x000041b6   Section       48  trapv.o(x$fpl$trapveneer)
    x$fpl$usenofp                            0x000041e6   Section        0  usenofp.o(x$fpl$usenofp)
    initial_mbstate                          0x000041e8   Data           8  _printf_wctomb.o(.constdata)
    .constdata                               0x000041e8   Section        8  _printf_wctomb.o(.constdata)
    uc_hextab                                0x000041f0   Data          20  _printf_hex_int_ll_ptr.o(.constdata)
    .constdata                               0x000041f0   Section       40  _printf_hex_int_ll_ptr.o(.constdata)
    lc_hextab                                0x00004204   Data          20  _printf_hex_int_ll_ptr.o(.constdata)
    maptable                                 0x00004218   Data          17  __printf_flags_ss_wp.o(.constdata)
    .constdata                               0x00004218   Section       17  __printf_flags_ss_wp.o(.constdata)
    lc_hextab                                0x00004229   Data          19  _printf_fp_hex.o(.constdata)
    .constdata                               0x00004229   Section       38  _printf_fp_hex.o(.constdata)
    uc_hextab                                0x0000423c   Data          19  _printf_fp_hex.o(.constdata)
    tenpwrs_x                                0x00004250   Data          60  bigflt0.o(.constdata)
    .constdata                               0x00004250   Section      148  bigflt0.o(.constdata)
    tenpwrs_i                                0x0000428c   Data          64  bigflt0.o(.constdata)
    .L.str.3                                 0x000043a4   Data           7  main.o(.rodata.str1.1)
    [Anonymous Symbol]                       0x000043a4   Section        0  main.o(.rodata.str1.1)
    .L.str.1                                 0x000043ab   Data          34  main.o(.rodata.str1.1)
    .L.str.2                                 0x000043cd   Data          44  main.o(.rodata.str1.1)
    .L.str                                   0x000043f9   Data          13  main.o(.rodata.str1.1)
    .L.str                                   0x00004406   Data          12  generalserial.o(.rodata.str1.1)
    [Anonymous Symbol]                       0x00004406   Section        0  generalserial.o(.rodata.str1.1)
    c$$dinf                                  0x00004434   Section        8  fpconst.o(c$$dinf)
    c$$dmax                                  0x0000443c   Section        8  fpconst.o(c$$dmax)
    locale$$data                             0x00004444   Section      272  lc_ctype_c.o(locale$$data)
    __lcctype_c_name                         0x00004448   Data           2  lc_ctype_c.o(locale$$data)
    __lcctype_c_start                        0x00004450   Data           0  lc_ctype_c.o(locale$$data)
    __lcctype_c_end                          0x00004554   Data           0  lc_ctype_c.o(locale$$data)
    locale$$data                             0x00004554   Section       28  lc_numeric_c.o(locale$$data)
    __lcnum_c_name                           0x00004558   Data           2  lc_numeric_c.o(locale$$data)
    __lcnum_c_start                          0x00004560   Data           0  lc_numeric_c.o(locale$$data)
    __lcnum_c_point                          0x0000456c   Data           0  lc_numeric_c.o(locale$$data)
    __lcnum_c_thousands                      0x0000456e   Data           0  lc_numeric_c.o(locale$$data)
    __lcnum_c_grouping                       0x0000456f   Data           0  lc_numeric_c.o(locale$$data)
    __lcnum_c_end                            0x00004570   Data           0  lc_numeric_c.o(locale$$data)
    .bss                                     0x20000008   Section       96  libspace.o(.bss)
    duty                                     0x20000068   Data           4  main.o(.bss.duty)
    [Anonymous Symbol]                       0x20000068   Section        0  main.o(.bss.duty)
    ticks                                    0x2000006c   Data           4  main.o(.bss.ticks)
    [Anonymous Symbol]                       0x2000006c   Section        0  main.o(.bss.ticks)
    Heap_Mem                                 0x20000070   Data           0  startup_tm4c129.o(HEAP)
    Stack_Mem                                0x20000070   Data         512  startup_tm4c129.o(STACK)
    HEAP                                     0x20000070   Section        0  startup_tm4c129.o(HEAP)
    STACK                                    0x20000070   Section      512  startup_tm4c129.o(STACK)
    __initial_sp                             0x20000270   Data           0  startup_tm4c129.o(STACK)

    Global Symbols

    Symbol Name                              Value     Ov Type        Size  Object(Section)

    BuildAttributes$$THM_ISAv4$E$P$D$K$B$S$7EM$VFPi3$EXTD16$VFPS$VFMA$PE$A:L22UL41UL21$X:L11$S22US41US21$IEEE1$IW$~IW$USESV6$~STKCKD$USESV7$~SHL$OTIME$ROPI$IEEEX$EBA8$UX$STANDARDLIB$REQ8$PRES8$EABIv2 0x00000000   Number         0  anon$$obj.o ABSOLUTE
    __Vectors                                0x00000000   Data           4  startup_tm4c129.o(RESET)
    _printf_flags                            0x00000000   Number         0  printf_stubs.o ABSOLUTE
    _printf_return_value                     0x00000000   Number         0  printf_stubs.o ABSOLUTE
    _printf_sizespec                         0x00000000   Number         0  printf_stubs.o ABSOLUTE
    _printf_widthprec                        0x00000000   Number         0  printf_stubs.o ABSOLUTE
    __ARM_exceptions_init                     - Undefined Weak Reference
    __alloca_initialize                       - Undefined Weak Reference
    __arm_preinit_                            - Undefined Weak Reference
    __arm_relocate_pie_                       - Undefined Weak Reference
    __cpp_initialize__aeabi_                  - Undefined Weak Reference
    __cxa_finalize                            - Undefined Weak Reference
    __sigvec_lookup                           - Undefined Weak Reference
    _atexit_init                              - Undefined Weak Reference
    _call_atexit_fns                          - Undefined Weak Reference
    _clock_init                               - Undefined Weak Reference
    _fp_trap_init                             - Undefined Weak Reference
    _fp_trap_shutdown                         - Undefined Weak Reference
    _get_lc_collate                           - Undefined Weak Reference
    _get_lc_monetary                          - Undefined Weak Reference
    _get_lc_time                              - Undefined Weak Reference
    _getenv_init                              - Undefined Weak Reference
    _handle_redirection                       - Undefined Weak Reference
    _init_alloc                               - Undefined Weak Reference
    _init_user_alloc                          - Undefined Weak Reference
    _initio                                   - Undefined Weak Reference
    _printf_mbtowc                            - Undefined Weak Reference
    _printf_wc                                - Undefined Weak Reference
    _rand_init                                - Undefined Weak Reference
    _signal_finish                            - Undefined Weak Reference
    _signal_init                              - Undefined Weak Reference
    _terminate_alloc                          - Undefined Weak Reference
    _terminate_user_alloc                     - Undefined Weak Reference
    _terminateio                              - Undefined Weak Reference
    __Vectors_End                            0x00000200   Data           0  startup_tm4c129.o(RESET)
    __Vectors_Size                           0x00000200   Number         0  startup_tm4c129.o ABSOLUTE
    __main                                   0x00000201   Thumb Code     8  __main.o(!!!main)
    __scatterload                            0x00000209   Thumb Code     0  __scatter.o(!!!scatter)
    __scatterload_rt2                        0x00000209   Thumb Code    84  __scatter.o(!!!scatter)
    __scatterload_rt2_thumb_only             0x00000209   Thumb Code     0  __scatter.o(!!!scatter)
    __scatterload_loop                       0x00000213   Thumb Code     0  __scatter.o(!!!scatter)
    __scatterload_copy                       0x00000265   Thumb Code    26  __scatter_copy.o(!!handler_copy)
    __scatterload_null                       0x00000281   Thumb Code     2  __scatter.o(!!handler_null)
    __scatterload_zeroinit                   0x00000285   Thumb Code    28  __scatter_zi.o(!!handler_zi)
    _printf_n                                0x000002a1   Thumb Code     0  _printf_n.o(.ARM.Collect$$_printf_percent$$00000001)
    _printf_percent                          0x000002a1   Thumb Code     0  _printf_percent.o(.ARM.Collect$$_printf_percent$$00000000)
    _printf_p                                0x000002a7   Thumb Code     0  _printf_p.o(.ARM.Collect$$_printf_percent$$00000002)
    _printf_f                                0x000002ad   Thumb Code     0  _printf_f.o(.ARM.Collect$$_printf_percent$$00000003)
    _printf_e                                0x000002b3   Thumb Code     0  _printf_e.o(.ARM.Collect$$_printf_percent$$00000004)
    _printf_g                                0x000002b9   Thumb Code     0  _printf_g.o(.ARM.Collect$$_printf_percent$$00000005)
    _printf_a                                0x000002bf   Thumb Code     0  _printf_a.o(.ARM.Collect$$_printf_percent$$00000006)
    _printf_ll                               0x000002c5   Thumb Code     0  _printf_ll.o(.ARM.Collect$$_printf_percent$$00000007)
    _printf_i                                0x000002cf   Thumb Code     0  _printf_i.o(.ARM.Collect$$_printf_percent$$00000008)
    _printf_d                                0x000002d5   Thumb Code     0  _printf_d.o(.ARM.Collect$$_printf_percent$$00000009)
    _printf_u                                0x000002db   Thumb Code     0  _printf_u.o(.ARM.Collect$$_printf_percent$$0000000A)
    _printf_o                                0x000002e1   Thumb Code     0  _printf_o.o(.ARM.Collect$$_printf_percent$$0000000B)
    _printf_x                                0x000002e7   Thumb Code     0  _printf_x.o(.ARM.Collect$$_printf_percent$$0000000C)
    _printf_lli                              0x000002ed   Thumb Code     0  _printf_lli.o(.ARM.Collect$$_printf_percent$$0000000D)
    _printf_lld                              0x000002f3   Thumb Code     0  _printf_lld.o(.ARM.Collect$$_printf_percent$$0000000E)
    _printf_llu                              0x000002f9   Thumb Code     0  _printf_llu.o(.ARM.Collect$$_printf_percent$$0000000F)
    _printf_llo                              0x000002ff   Thumb Code     0  _printf_llo.o(.ARM.Collect$$_printf_percent$$00000010)
    _printf_llx                              0x00000305   Thumb Code     0  _printf_llx.o(.ARM.Collect$$_printf_percent$$00000011)
    _printf_l                                0x0000030b   Thumb Code     0  _printf_l.o(.ARM.Collect$$_printf_percent$$00000012)
    _printf_c                                0x00000315   Thumb Code     0  _printf_c.o(.ARM.Collect$$_printf_percent$$00000013)
    _printf_s                                0x0000031b   Thumb Code     0  _printf_s.o(.ARM.Collect$$_printf_percent$$00000014)
    _printf_lc                               0x00000321   Thumb Code     0  _printf_lc.o(.ARM.Collect$$_printf_percent$$00000015)
    _printf_ls                               0x00000327   Thumb Code     0  _printf_ls.o(.ARM.Collect$$_printf_percent$$00000016)
    _printf_percent_end                      0x0000032d   Thumb Code     0  _printf_percent_end.o(.ARM.Collect$$_printf_percent$$00000017)
    __rt_lib_init                            0x00000331   Thumb Code     0  libinit.o(.ARM.Collect$$libinit$$00000000)
    __rt_lib_init_fp_1                       0x00000333   Thumb Code     0  libinit2.o(.ARM.Collect$$libinit$$00000001)
    __rt_lib_init_heap_1                     0x00000337   Thumb Code     0  libinit2.o(.ARM.Collect$$libinit$$0000000C)
    __rt_lib_init_lc_common                  0x00000337   Thumb Code     0  libinit2.o(.ARM.Collect$$libinit$$00000011)
    __rt_lib_init_preinit_1                  0x00000337   Thumb Code     0  libinit2.o(.ARM.Collect$$libinit$$00000006)
    __rt_lib_init_rand_1                     0x00000337   Thumb Code     0  libinit2.o(.ARM.Collect$$libinit$$00000010)
    __rt_lib_init_relocate_pie_1             0x00000337   Thumb Code     0  libinit2.o(.ARM.Collect$$libinit$$00000004)
    __rt_lib_init_user_alloc_1               0x00000337   Thumb Code     0  libinit2.o(.ARM.Collect$$libinit$$0000000E)
    __rt_lib_init_lc_collate_1               0x0000033d   Thumb Code     0  libinit2.o(.ARM.Collect$$libinit$$00000013)
    __rt_lib_init_lc_ctype_2                 0x0000033d   Thumb Code     0  libinit2.o(.ARM.Collect$$libinit$$00000014)
    __rt_lib_init_lc_ctype_1                 0x00000349   Thumb Code     0  libinit2.o(.ARM.Collect$$libinit$$00000015)
    __rt_lib_init_lc_monetary_1              0x00000349   Thumb Code     0  libinit2.o(.ARM.Collect$$libinit$$00000017)
    __rt_lib_init_lc_numeric_2               0x00000349   Thumb Code     0  libinit2.o(.ARM.Collect$$libinit$$00000018)
    __rt_lib_init_alloca_1                   0x00000353   Thumb Code     0  libinit2.o(.ARM.Collect$$libinit$$00000030)
    __rt_lib_init_argv_1                     0x00000353   Thumb Code     0  libinit2.o(.ARM.Collect$$libinit$$0000002E)
    __rt_lib_init_atexit_1                   0x00000353   Thumb Code     0  libinit2.o(.ARM.Collect$$libinit$$0000001D)
    __rt_lib_init_clock_1                    0x00000353   Thumb Code     0  libinit2.o(.ARM.Collect$$libinit$$00000023)
    __rt_lib_init_cpp_1                      0x00000353   Thumb Code     0  libinit2.o(.ARM.Collect$$libinit$$00000034)
    __rt_lib_init_exceptions_1               0x00000353   Thumb Code     0  libinit2.o(.ARM.Collect$$libinit$$00000032)
    __rt_lib_init_fp_trap_1                  0x00000353   Thumb Code     0  libinit2.o(.ARM.Collect$$libinit$$00000021)
    __rt_lib_init_getenv_1                   0x00000353   Thumb Code     0  libinit2.o(.ARM.Collect$$libinit$$00000025)
    __rt_lib_init_lc_numeric_1               0x00000353   Thumb Code     0  libinit2.o(.ARM.Collect$$libinit$$00000019)
    __rt_lib_init_lc_time_1                  0x00000353   Thumb Code     0  libinit2.o(.ARM.Collect$$libinit$$0000001B)
    __rt_lib_init_return                     0x00000353   Thumb Code     0  libinit2.o(.ARM.Collect$$libinit$$00000035)
    __rt_lib_init_signal_1                   0x00000353   Thumb Code     0  libinit2.o(.ARM.Collect$$libinit$$0000001F)
    __rt_lib_init_stdio_1                    0x00000353   Thumb Code     0  libinit2.o(.ARM.Collect$$libinit$$00000027)
    __rt_lib_shutdown                        0x00000355   Thumb Code     0  libshutdown.o(.ARM.Collect$$libshutdown$$00000000)
    __rt_lib_shutdown_cpp_1                  0x00000357   Thumb Code     0  libshutdown2.o(.ARM.Collect$$libshutdown$$00000002)
    __rt_lib_shutdown_fp_trap_1              0x00000357   Thumb Code     0  libshutdown2.o(.ARM.Collect$$libshutdown$$00000007)
    __rt_lib_shutdown_heap_1                 0x00000357   Thumb Code     0  libshutdown2.o(.ARM.Collect$$libshutdown$$0000000F)
    __rt_lib_shutdown_return                 0x00000357   Thumb Code     0  libshutdown2.o(.ARM.Collect$$libshutdown$$00000010)
    __rt_lib_shutdown_signal_1               0x00000357   Thumb Code     0  libshutdown2.o(.ARM.Collect$$libshutdown$$0000000A)
    __rt_lib_shutdown_stdio_1                0x00000357   Thumb Code     0  libshutdown2.o(.ARM.Collect$$libshutdown$$00000004)
    __rt_lib_shutdown_user_alloc_1           0x00000357   Thumb Code     0  libshutdown2.o(.ARM.Collect$$libshutdown$$0000000C)
    __rt_entry                               0x00000359   Thumb Code     0  __rtentry.o(.ARM.Collect$$rtentry$$00000000)
    __rt_entry_presh_1                       0x00000359   Thumb Code     0  __rtentry2.o(.ARM.Collect$$rtentry$$00000002)
    __rt_entry_sh                            0x00000359   Thumb Code     0  __rtentry4.o(.ARM.Collect$$rtentry$$00000004)
    __rt_entry_li                            0x0000035f   Thumb Code     0  __rtentry2.o(.ARM.Collect$$rtentry$$0000000A)
    __rt_entry_postsh_1                      0x0000035f   Thumb Code     0  __rtentry2.o(.ARM.Collect$$rtentry$$00000009)
    __rt_entry_main                          0x00000363   Thumb Code     0  __rtentry2.o(.ARM.Collect$$rtentry$$0000000D)
    __rt_entry_postli_1                      0x00000363   Thumb Code     0  __rtentry2.o(.ARM.Collect$$rtentry$$0000000C)
    __rt_exit                                0x0000036b   Thumb Code     0  rtexit.o(.ARM.Collect$$rtexit$$00000000)
    __rt_exit_ls                             0x0000036d   Thumb Code     0  rtexit2.o(.ARM.Collect$$rtexit$$00000003)
    __rt_exit_prels_1                        0x0000036d   Thumb Code     0  rtexit2.o(.ARM.Collect$$rtexit$$00000002)
    __rt_exit_exit                           0x00000371   Thumb Code     0  rtexit2.o(.ARM.Collect$$rtexit$$00000004)
    Reset_Handler                            0x00000379   Thumb Code     8  startup_tm4c129.o(.text)
    NMI_Handler                              0x00000381   Thumb Code     2  startup_tm4c129.o(.text)
    HardFault_Handler                        0x00000383   Thumb Code     2  startup_tm4c129.o(.text)
    MemManage_Handler                        0x00000385   Thumb Code     2  startup_tm4c129.o(.text)
    BusFault_Handler                         0x00000387   Thumb Code     2  startup_tm4c129.o(.text)
    UsageFault_Handler                       0x00000389   Thumb Code     2  startup_tm4c129.o(.text)
    SVC_Handler                              0x0000038b   Thumb Code     2  startup_tm4c129.o(.text)
    DebugMon_Handler                         0x0000038d   Thumb Code     2  startup_tm4c129.o(.text)
    PendSV_Handler                           0x0000038f   Thumb Code     2  startup_tm4c129.o(.text)
    GPIOA_Handler                            0x00000393   Thumb Code     2  startup_tm4c129.o(.text)
    GPIOB_Handler                            0x00000395   Thumb Code     2  startup_tm4c129.o(.text)
    GPIOC_Handler                            0x00000397   Thumb Code     2  startup_tm4c129.o(.text)
    GPIOD_Handler                            0x00000399   Thumb Code     2  startup_tm4c129.o(.text)
    GPIOE_Handler                            0x0000039b   Thumb Code     2  startup_tm4c129.o(.text)
    UART0_Handler                            0x0000039d   Thumb Code     2  startup_tm4c129.o(.text)
    UART1_Handler                            0x0000039f   Thumb Code     2  startup_tm4c129.o(.text)
    SSI0_Handler                             0x000003a1   Thumb Code     2  startup_tm4c129.o(.text)
    I2C0_Handler                             0x000003a3   Thumb Code     2  startup_tm4c129.o(.text)
    PMW0_FAULT_Handler                       0x000003a5   Thumb Code     2  startup_tm4c129.o(.text)
    PWM0_0_Handler                           0x000003a7   Thumb Code     2  startup_tm4c129.o(.text)
    PWM0_1_Handler                           0x000003a9   Thumb Code     2  startup_tm4c129.o(.text)
    PWM0_2_Handler                           0x000003ab   Thumb Code     2  startup_tm4c129.o(.text)
    QEI0_Handler                             0x000003ad   Thumb Code     2  startup_tm4c129.o(.text)
    ADC0SS0_Handler                          0x000003af   Thumb Code     2  startup_tm4c129.o(.text)
    ADC0SS1_Handler                          0x000003b1   Thumb Code     2  startup_tm4c129.o(.text)
    ADC0SS2_Handler                          0x000003b3   Thumb Code     2  startup_tm4c129.o(.text)
    ADC0SS3_Handler                          0x000003b5   Thumb Code     2  startup_tm4c129.o(.text)
    WDT0_Handler                             0x000003b7   Thumb Code     2  startup_tm4c129.o(.text)
    TIMER0A_Handler                          0x000003b9   Thumb Code     2  startup_tm4c129.o(.text)
    TIMER0B_Handler                          0x000003bb   Thumb Code     2  startup_tm4c129.o(.text)
    TIMER1A_Handler                          0x000003bd   Thumb Code     2  startup_tm4c129.o(.text)
    TIMER1B_Handler                          0x000003bf   Thumb Code     2  startup_tm4c129.o(.text)
    TIMER2A_Handler                          0x000003c1   Thumb Code     2  startup_tm4c129.o(.text)
    TIMER2B_Handler                          0x000003c3   Thumb Code     2  startup_tm4c129.o(.text)
    COMP0_Handler                            0x000003c5   Thumb Code     2  startup_tm4c129.o(.text)
    COMP1_Handler                            0x000003c7   Thumb Code     2  startup_tm4c129.o(.text)
    COMP2_Handler                            0x000003c9   Thumb Code     2  startup_tm4c129.o(.text)
    SYSCTL_Handler                           0x000003cb   Thumb Code     2  startup_tm4c129.o(.text)
    FLASH_Handler                            0x000003cd   Thumb Code     2  startup_tm4c129.o(.text)
    GPIOF_Handler                            0x000003cf   Thumb Code     2  startup_tm4c129.o(.text)
    GPIOG_Handler                            0x000003d1   Thumb Code     2  startup_tm4c129.o(.text)
    GPIOH_Handler                            0x000003d3   Thumb Code     2  startup_tm4c129.o(.text)
    UART2_Handler                            0x000003d5   Thumb Code     2  startup_tm4c129.o(.text)
    SSI1_Handler                             0x000003d7   Thumb Code     2  startup_tm4c129.o(.text)
    TIMER3A_Handler                          0x000003d9   Thumb Code     2  startup_tm4c129.o(.text)
    TIMER3B_Handler                          0x000003db   Thumb Code     2  startup_tm4c129.o(.text)
    I2C1_Handler                             0x000003dd   Thumb Code     2  startup_tm4c129.o(.text)
    CAN0_Handler                             0x000003df   Thumb Code     2  startup_tm4c129.o(.text)
    CAN1_Handler                             0x000003e1   Thumb Code     2  startup_tm4c129.o(.text)
    ETH_Handler                              0x000003e3   Thumb Code     2  startup_tm4c129.o(.text)
    HIB_Handler                              0x000003e5   Thumb Code     2  startup_tm4c129.o(.text)
    USB0_Handler                             0x000003e7   Thumb Code     2  startup_tm4c129.o(.text)
    PWM0_3_Handler                           0x000003e9   Thumb Code     2  startup_tm4c129.o(.text)
    UDMA_Handler                             0x000003eb   Thumb Code     2  startup_tm4c129.o(.text)
    UDMAERR_Handler                          0x000003ed   Thumb Code     2  startup_tm4c129.o(.text)
    ADC1SS0_Handler                          0x000003ef   Thumb Code     2  startup_tm4c129.o(.text)
    ADC1SS1_Handler                          0x000003f1   Thumb Code     2  startup_tm4c129.o(.text)
    ADC1SS2_Handler                          0x000003f3   Thumb Code     2  startup_tm4c129.o(.text)
    ADC1SS3_Handler                          0x000003f5   Thumb Code     2  startup_tm4c129.o(.text)
    EBI0_Handler                             0x000003f7   Thumb Code     2  startup_tm4c129.o(.text)
    GPIOJ_Handler                            0x000003f9   Thumb Code     2  startup_tm4c129.o(.text)
    GPIOK_Handler                            0x000003fb   Thumb Code     2  startup_tm4c129.o(.text)
    GPIOL_Handler                            0x000003fd   Thumb Code     2  startup_tm4c129.o(.text)
    SSI2_Handler                             0x000003ff   Thumb Code     2  startup_tm4c129.o(.text)
    SSI3_Handler                             0x00000401   Thumb Code     2  startup_tm4c129.o(.text)
    UART3_Handler                            0x00000403   Thumb Code     2  startup_tm4c129.o(.text)
    UART4_Handler                            0x00000405   Thumb Code     2  startup_tm4c129.o(.text)
    UART5_Handler                            0x00000407   Thumb Code     2  startup_tm4c129.o(.text)
    UART6_Handler                            0x00000409   Thumb Code     2  startup_tm4c129.o(.text)
    UART7_Handler                            0x0000040b   Thumb Code     2  startup_tm4c129.o(.text)
    I2C2_Handler                             0x0000040d   Thumb Code     2  startup_tm4c129.o(.text)
    I2C3_Handler                             0x0000040f   Thumb Code     2  startup_tm4c129.o(.text)
    TIMER4A_Handler                          0x00000411   Thumb Code     2  startup_tm4c129.o(.text)
    TIMER4B_Handler                          0x00000413   Thumb Code     2  startup_tm4c129.o(.text)
    TIMER5A_Handler                          0x00000415   Thumb Code     2  startup_tm4c129.o(.text)
    TIMER5B_Handler                          0x00000417   Thumb Code     2  startup_tm4c129.o(.text)
    WTIMER0A_Handler                         0x00000419   Thumb Code     2  startup_tm4c129.o(.text)
    WTIMER0B_Handler                         0x0000041b   Thumb Code     2  startup_tm4c129.o(.text)
    WTIMER1A_Handler                         0x0000041d   Thumb Code     2  startup_tm4c129.o(.text)
    WTIMER1B_Handler                         0x0000041f   Thumb Code     2  startup_tm4c129.o(.text)
    WTIMER2A_Handler                         0x00000421   Thumb Code     2  startup_tm4c129.o(.text)
    WTIMER2B_Handler                         0x00000423   Thumb Code     2  startup_tm4c129.o(.text)
    WTIMER3A_Handler                         0x00000425   Thumb Code     2  startup_tm4c129.o(.text)
    WTIMER3B_Handler                         0x00000427   Thumb Code     2  startup_tm4c129.o(.text)
    WTIMER4A_Handler                         0x00000429   Thumb Code     2  startup_tm4c129.o(.text)
    WTIMER4B_Handler                         0x0000042b   Thumb Code     2  startup_tm4c129.o(.text)
    WTIMER5A_Handler                         0x0000042d   Thumb Code     2  startup_tm4c129.o(.text)
    WTIMER5B_Handler                         0x0000042f   Thumb Code     2  startup_tm4c129.o(.text)
    FPU_Handler                              0x00000431   Thumb Code     2  startup_tm4c129.o(.text)
    I2C4_Handler                             0x00000433   Thumb Code     2  startup_tm4c129.o(.text)
    I2C5_Handler                             0x00000435   Thumb Code     2  startup_tm4c129.o(.text)
    GPIOM_Handler                            0x00000437   Thumb Code     2  startup_tm4c129.o(.text)
    GPION_Handler                            0x00000439   Thumb Code     2  startup_tm4c129.o(.text)
    TAMPER_Handler                           0x0000043b   Thumb Code     2  startup_tm4c129.o(.text)
    GPIOP0_Handler                           0x0000043d   Thumb Code     2  startup_tm4c129.o(.text)
    GPIOP1_Handler                           0x0000043f   Thumb Code     2  startup_tm4c129.o(.text)
    GPIOP2_Handler                           0x00000441   Thumb Code     2  startup_tm4c129.o(.text)
    GPIOP3_Handler                           0x00000443   Thumb Code     2  startup_tm4c129.o(.text)
    GPIOP4_Handler                           0x00000445   Thumb Code     2  startup_tm4c129.o(.text)
    GPIOP5_Handler                           0x00000447   Thumb Code     2  startup_tm4c129.o(.text)
    GPIOP6_Handler                           0x00000449   Thumb Code     2  startup_tm4c129.o(.text)
    GPIOP7_Handler                           0x0000044b   Thumb Code     2  startup_tm4c129.o(.text)
    GPIOQ0_Handler                           0x0000044d   Thumb Code     2  startup_tm4c129.o(.text)
    GPIOQ1_Handler                           0x0000044f   Thumb Code     2  startup_tm4c129.o(.text)
    GPIOQ2_Handler                           0x00000451   Thumb Code     2  startup_tm4c129.o(.text)
    GPIOQ3_Handler                           0x00000453   Thumb Code     2  startup_tm4c129.o(.text)
    GPIOQ4_Handler                           0x00000455   Thumb Code     2  startup_tm4c129.o(.text)
    GPIOQ5_Handler                           0x00000457   Thumb Code     2  startup_tm4c129.o(.text)
    GPIOQ6_Handler                           0x00000459   Thumb Code     2  startup_tm4c129.o(.text)
    GPIOQ7_Handler                           0x0000045b   Thumb Code     2  startup_tm4c129.o(.text)
    GPIOR_Handler                            0x0000045d   Thumb Code     2  startup_tm4c129.o(.text)
    GPIOS_Handler                            0x0000045f   Thumb Code     2  startup_tm4c129.o(.text)
    SHAMD5_Handler                           0x00000461   Thumb Code     2  startup_tm4c129.o(.text)
    AES_Handler                              0x00000463   Thumb Code     2  startup_tm4c129.o(.text)
    DES3DES_Handler                          0x00000465   Thumb Code     2  startup_tm4c129.o(.text)
    LCDCONTROLLER_Handler                    0x00000467   Thumb Code     2  startup_tm4c129.o(.text)
    TIMER6A_Handler                          0x00000469   Thumb Code     2  startup_tm4c129.o(.text)
    TIMER6B_Handler                          0x0000046b   Thumb Code     2  startup_tm4c129.o(.text)
    TIMER7A_Handler                          0x0000046d   Thumb Code     2  startup_tm4c129.o(.text)
    TIMER7B_Handler                          0x0000046f   Thumb Code     2  startup_tm4c129.o(.text)
    I2C6_Handler                             0x00000471   Thumb Code     2  startup_tm4c129.o(.text)
    I2C7_Handler                             0x00000473   Thumb Code     2  startup_tm4c129.o(.text)
    HIMSCANKEYBOARD_Handler                  0x00000475   Thumb Code     2  startup_tm4c129.o(.text)
    ONEWIRE_Handler                          0x00000477   Thumb Code     2  startup_tm4c129.o(.text)
    HIMPS2_Handler                           0x00000479   Thumb Code     2  startup_tm4c129.o(.text)
    HIMLEDSEQUENCER_Handler                  0x0000047b   Thumb Code     2  startup_tm4c129.o(.text)
    HIMCONSUMERIR_Handler                    0x0000047d   Thumb Code     2  startup_tm4c129.o(.text)
    I2C8_Handler                             0x0000047f   Thumb Code     2  startup_tm4c129.o(.text)
    I2C9_Handler                             0x00000481   Thumb Code     2  startup_tm4c129.o(.text)
    GPIOT_Handler                            0x00000483   Thumb Code     2  startup_tm4c129.o(.text)
    __user_initial_stackheap                 0x00000485   Thumb Code     0  startup_tm4c129.o(.text)
    __rt_ctype_table                         0x000004a5   Thumb Code    16  rt_ctype_table.o(.text)
    vsprintf                                 0x000004b5   Thumb Code    32  vsprintf.o(.text)
    sscanf                                   0x000004d9   Thumb Code    52  sscanf.o(.text)
    __use_two_region_memory                  0x00000515   Thumb Code     2  heapauxi.o(.text)
    __rt_heap_escrow$2region                 0x00000517   Thumb Code     2  heapauxi.o(.text)
    __rt_heap_expand$2region                 0x00000519   Thumb Code     2  heapauxi.o(.text)
    __rt_locale                              0x0000051d   Thumb Code     8  rt_locale_intlibspace.o(.text)
    _printf_pre_padding                      0x00000525   Thumb Code    44  _printf_pad.o(.text)
    _printf_post_padding                     0x00000551   Thumb Code    34  _printf_pad.o(.text)
    _printf_truncate_signed                  0x00000573   Thumb Code    18  _printf_truncate.o(.text)
    _printf_truncate_unsigned                0x00000585   Thumb Code    18  _printf_truncate.o(.text)
    _printf_str                              0x00000597   Thumb Code    82  _printf_str.o(.text)
    _printf_int_dec                          0x000005e9   Thumb Code   104  _printf_dec.o(.text)
    _printf_charcount                        0x00000661   Thumb Code    40  _printf_charcount.o(.text)
    _printf_char_common                      0x00000693   Thumb Code    32  _printf_char_common.o(.text)
    _sputc                                   0x000006b9   Thumb Code    10  _sputc.o(.text)
    _printf_wctomb                           0x000006c5   Thumb Code   182  _printf_wctomb.o(.text)
    _printf_longlong_dec                     0x00000781   Thumb Code   108  _printf_longlong_dec.o(.text)
    _printf_longlong_oct                     0x000007fd   Thumb Code    68  _printf_oct_int_ll.o(.text)
    _printf_int_oct                          0x00000841   Thumb Code    24  _printf_oct_int_ll.o(.text)
    _printf_ll_oct                           0x00000859   Thumb Code    12  _printf_oct_int_ll.o(.text)
    _printf_longlong_hex                     0x0000086d   Thumb Code    86  _printf_hex_int_ll_ptr.o(.text)
    _printf_int_hex                          0x000008c3   Thumb Code    28  _printf_hex_int_ll_ptr.o(.text)
    _printf_ll_hex                           0x000008df   Thumb Code    12  _printf_hex_int_ll_ptr.o(.text)
    _printf_hex_ptr                          0x000008eb   Thumb Code    18  _printf_hex_int_ll_ptr.o(.text)
    __printf                                 0x00000901   Thumb Code   388  __printf_flags_ss_wp.o(.text)
    _scanf_longlong                          0x00000a89   Thumb Code   342  _scanf_longlong.o(.text)
    _scanf_int                               0x00000bdf   Thumb Code   332  _scanf_int.o(.text)
    _scanf_string                            0x00000d2b   Thumb Code   224  _scanf_str.o(.text)
    __vfscanf_char                           0x00000e19   Thumb Code    24  scanf_char.o(.text)
    _sgetc                                   0x00000e39   Thumb Code    30  _sgetc.o(.text)
    _sbackspace                              0x00000e57   Thumb Code    34  _sgetc.o(.text)
    _scanf_mbtowc                            0x00000e79   Thumb Code   276  _scanf_mbtowc.o(.text)
    _scanf_wctomb                            0x00000f8d   Thumb Code   232  _scanf_wctomb.o(.text)
    _scanf_wstring                           0x00001075   Thumb Code   208  _scanf_wstr.o(.text)
    __user_libspace                          0x00001145   Thumb Code     8  libspace.o(.text)
    __user_perproc_libspace                  0x00001145   Thumb Code     0  libspace.o(.text)
    __user_perthread_libspace                0x00001145   Thumb Code     0  libspace.o(.text)
    _ll_udiv10                               0x0000114d   Thumb Code   138  lludiv10.o(.text)
    isspace                                  0x000011d7   Thumb Code    18  isspace.o(.text)
    _printf_int_common                       0x000011e9   Thumb Code   178  _printf_intcommon.o(.text)
    _printf_fp_dec_real                      0x0000144b   Thumb Code   620  _printf_fp_dec.o(.text)
    _printf_fp_hex_real                      0x000016b9   Thumb Code   756  _printf_fp_hex.o(.text)
    _printf_cs_common                        0x000019b5   Thumb Code    20  _printf_char.o(.text)
    _printf_char                             0x000019c9   Thumb Code    16  _printf_char.o(.text)
    _printf_string                           0x000019d9   Thumb Code     8  _printf_char.o(.text)
    _printf_lcs_common                       0x000019e1   Thumb Code    20  _printf_wchar.o(.text)
    _printf_wchar                            0x000019f5   Thumb Code    16  _printf_wchar.o(.text)
    _printf_wstring                          0x00001a05   Thumb Code     8  _printf_wchar.o(.text)
    _chval                                   0x00001a0d   Thumb Code    28  _chval.o(.text)
    __vfscanf                                0x00001a29   Thumb Code   878  _scanf.o(.text)
    _scanf_really_real                       0x00001fe9   Thumb Code   684  scanf_fp.o(.text)
    _scanf_wcharmap                          0x00002295   Thumb Code    30  _scanf_wcharmap.o(.text)
    _mbrtoc16                                0x000022b3   Thumb Code    64  _mbrtoc16.o(.text)
    _mbrtowc                                 0x000022b3   Thumb Code     0  _mbrtoc16.o(.text)
    _c16rtomb                                0x000022f3   Thumb Code    72  _c16rtomb.o(.text)
    _wcrtomb                                 0x000022f3   Thumb Code     0  _c16rtomb.o(.text)
    strcmp                                   0x00002341   Thumb Code   124  strcmpv7em.o(.text)
    __user_setup_stackheap                   0x000023bd   Thumb Code    74  sys_stackheap_outer.o(.text)
    __aeabi_errno_addr                       0x00002409   Thumb Code     8  rt_errno_addr_intlibspace.o(.text)
    __errno$intlibspace                      0x00002409   Thumb Code     0  rt_errno_addr_intlibspace.o(.text)
    __rt_errno_addr$intlibspace              0x00002409   Thumb Code     0  rt_errno_addr_intlibspace.o(.text)
    __aeabi_llsl                             0x00002411   Thumb Code     0  llshl.o(.text)
    _ll_shift_l                              0x00002411   Thumb Code    38  llshl.o(.text)
    _printf_fp_infnan                        0x00002439   Thumb Code   112  _printf_fp_infnan.o(.text)
    _btod_etento                             0x000024b9   Thumb Code   224  bigflt0.o(.text)
    exit                                     0x0000259d   Thumb Code    18  exit.o(.text)
    __read_errno                             0x000025af   Thumb Code    10  _rserrno.o(.text)
    __set_errno                              0x000025b9   Thumb Code    12  _rserrno.o(.text)
    _scanf_really_hex_real                   0x000025c5   Thumb Code   786  scanf_hexfp.o(.text)
    _scanf_really_infnan                     0x000028e5   Thumb Code   292  scanf_infnan.o(.text)
    _sys_exit                                0x00002a19   Thumb Code     8  sys_exit.o(.text)
    __I$use$semihosting                      0x00002a25   Thumb Code     0  use_no_semi.o(.text)
    __use_no_semihosting_swi                 0x00002a25   Thumb Code     2  use_no_semi.o(.text)
    __semihosting_library_function           0x00002a27   Thumb Code     0  indicate_semi.o(.text)
    ES_Serial                                0x00002a29   Thumb Code   508  generalserial.o(.text.ES_Serial)
    ES_printf                                0x00002c29   Thumb Code   138  generalserial.o(.text.ES_printf)
    ES_putchar                               0x00002cb5   Thumb Code    60  generalserial.o(.text.ES_putchar)
    SysTick_Handler                          0x00002ed1   Thumb Code   116  main.o(.text.SysTick_Handler)
    SystemInit                               0x00002f79   Thumb Code    36  system_tm4c129.o(.text.SystemInit)
    main                                     0x00002fdd   Thumb Code   152  main.o(.text.main)
    msDelay                                  0x00003075   Thumb Code    94  msdelay.o(.text.msDelay)
    _btod_d2e                                0x00003117   Thumb Code    62  btod.o(CL$$btod_d2e)
    _d2e_denorm_low                          0x00003155   Thumb Code    70  btod.o(CL$$btod_d2e_denorm_low)
    _d2e_norm_op1                            0x0000319b   Thumb Code    96  btod.o(CL$$btod_d2e_norm_op1)
    __btod_div_common                        0x000031fd   Thumb Code   696  btod.o(CL$$btod_div_common)
    _e2d                                     0x00003535   Thumb Code   122  btod.o(CL$$btod_e2d)
    _e2e                                     0x000035b9   Thumb Code   220  btod.o(CL$$btod_e2e)
    _btod_ediv                               0x00003695   Thumb Code    42  btod.o(CL$$btod_ediv)
    _btod_edivd                              0x000036bf   Thumb Code    42  btod.o(CL$$btod_edivd)
    _btod_emul                               0x000036e9   Thumb Code    42  btod.o(CL$$btod_emul)
    _btod_emuld                              0x00003713   Thumb Code    42  btod.o(CL$$btod_emuld)
    __btod_mult_common                       0x0000373d   Thumb Code   580  btod.o(CL$$btod_mult_common)
    __ARM_fpclassify                         0x00003981   Thumb Code    48  fpclassify.o(i.__ARM_fpclassify)
    __hardfp___mathlib_tofloat               0x000039b1   Thumb Code   232  narrow.o(i.__hardfp___mathlib_tofloat)
    __hardfp_ldexp                           0x00003aa9   Thumb Code   200  ldexp.o(i.__hardfp_ldexp)
    __mathlib_dbl_overflow                   0x00003b79   Thumb Code    24  dunder.o(i.__mathlib_dbl_overflow)
    __mathlib_dbl_underflow                  0x00003b99   Thumb Code    24  dunder.o(i.__mathlib_dbl_underflow)
    __mathlib_narrow                         0x00003bb9   Thumb Code    18  narrow.o(i.__mathlib_narrow)
    __support_ldexp                          0x00003bcb   Thumb Code    20  ldexp.o(i.__support_ldexp)
    _is_digit                                0x00003bdf   Thumb Code    14  __printf_wp.o(i._is_digit)
    frexp                                    0x00003bf1   Thumb Code   118  frexp.o(i.frexp)
    _get_lc_ctype                            0x00003c7d   Thumb Code    44  lc_ctype_c.o(locale$$code)
    _get_lc_numeric                          0x00003ca9   Thumb Code    44  lc_numeric_c.o(locale$$code)
    __aeabi_d2f                              0x00003cd5   Thumb Code     0  d2f.o(x$fpl$d2f)
    _d2f                                     0x00003cd5   Thumb Code    98  d2f.o(x$fpl$d2f)
    __fpl_dcheck_NaN1                        0x00003d39   Thumb Code    10  dcheck1.o(x$fpl$dcheck1)
    __fpl_dcmp_Inf                           0x00003d49   Thumb Code    24  dcmpi.o(x$fpl$dcmpinf)
    __aeabi_cdcmpeq                          0x00003d61   Thumb Code     0  deqf.o(x$fpl$deqf)
    _dcmpeq                                  0x00003d61   Thumb Code   120  deqf.o(x$fpl$deqf)
    __aeabi_cdcmple                          0x00003dd9   Thumb Code     0  dleqf.o(x$fpl$dleqf)
    _dcmple                                  0x00003dd9   Thumb Code   120  dleqf.o(x$fpl$dleqf)
    __fpl_dcmple_InfNaN                      0x00003e3b   Thumb Code     0  dleqf.o(x$fpl$dleqf)
    __aeabi_dmul                             0x00003e51   Thumb Code     0  dmul.o(x$fpl$dmul)
    _dmul                                    0x00003e51   Thumb Code   332  dmul.o(x$fpl$dmul)
    __fpl_dnaninf                            0x00003fa5   Thumb Code   156  dnaninf.o(x$fpl$dnaninf)
    __fpl_dretinf                            0x00004041   Thumb Code    12  dretinf.o(x$fpl$dretinf)
    __aeabi_cdrcmple                         0x0000404d   Thumb Code     0  drleqf.o(x$fpl$drleqf)
    _drcmple                                 0x0000404d   Thumb Code   108  drleqf.o(x$fpl$drleqf)
    _fp_init                                 0x000040b9   Thumb Code    26  fpinit.o(x$fpl$fpinit)
    __fplib_config_fpu_vfp                   0x000040d1   Thumb Code     0  fpinit.o(x$fpl$fpinit)
    __fplib_config_pureend_doubles           0x000040d1   Thumb Code     0  fpinit.o(x$fpl$fpinit)
    __fpl_fretinf                            0x000040d3   Thumb Code    10  fretinf.o(x$fpl$fretinf)
    __ieee_status                            0x000040dd   Thumb Code     6  istatus.o(x$fpl$ieeestatus)
    _printf_fp_dec                           0x000040e3   Thumb Code     4  printf1.o(x$fpl$printf1)
    _printf_fp_hex                           0x000040e7   Thumb Code     4  printf2.o(x$fpl$printf2)
    __fpl_return_NaN                         0x000040eb   Thumb Code   100  retnan.o(x$fpl$retnan)
    __ARM_scalbn                             0x0000414f   Thumb Code    92  scalbn.o(x$fpl$scalbn)
    _scanf_real                              0x000041ab   Thumb Code     4  scanf1.o(x$fpl$scanf1)
    _scanf_hex_real                          0x000041af   Thumb Code     4  scanf2.o(x$fpl$scanf2)
    _scanf_infnan                            0x000041b3   Thumb Code     4  scanf2.o(x$fpl$scanf2)
    __fpl_cmpreturn                          0x000041b7   Thumb Code    48  trapv.o(x$fpl$trapveneer)
    __I$use$fp                               0x000041e6   Number         0  usenofp.o(x$fpl$usenofp)
    Uvalues                                  0x000042e4   Data         192  generalserial.o(.rodata.Uvalues)
    Region$$Table$$Base                      0x00004414   Number         0  anon$$obj.o(Region$$Table)
    Region$$Table$$Limit                     0x00004434   Number         0  anon$$obj.o(Region$$Table)
    __aeabi_HUGE_VAL                         0x00004434   Data           0  fpconst.o(c$$dinf)
    __aeabi_HUGE_VALL                        0x00004434   Data           0  fpconst.o(c$$dinf)
    __aeabi_INFINITY                         0x00004434   Data           0  fpconst.o(c$$dinf)
    __dInf                                   0x00004434   Data           0  fpconst.o(c$$dinf)
    __huge_val                               0x00004434   Data           0  fpconst.o(c$$dinf)
    __dbl_max                                0x0000443c   Data           0  fpconst.o(c$$dmax)
    __ctype                                  0x00004451   Data           0  lc_ctype_c.o(locale$$data)
    SystemCoreClock                          0x20000000   Data           4  system_tm4c129.o(.data.SystemCoreClock)
    __libspace_start                         0x20000008   Data          96  libspace.o(.bss)
    __temporary_stack_top$libspace           0x20000068   Data           0  libspace.o(.bss)



==============================================================================

Memory Map of the image

  Image Entry point : 0x00000379

  Load Region LR_1 (Base: 0x00000000, Size: 0x00004574, Max: 0xffffffff, ABSOLUTE)

    Execution Region ER_RO (Exec base: 0x00000000, Load base: 0x00000000, Size: 0x00004570, Max: 0xffffffff, ABSOLUTE)

    Exec Addr    Load Addr    Size         Type   Attr      Idx    E Section Name        Object

    0x00000000   0x00000000   0x00000200   Data   RO           32    RESET               startup_tm4c129.o
    0x00000200   0x00000200   0x00000008   Code   RO           84  * !!!main             c_w.l(__main.o)
    0x00000208   0x00000208   0x0000005c   Code   RO          551    !!!scatter          c_w.l(__scatter.o)
    0x00000264   0x00000264   0x0000001a   Code   RO          555    !!handler_copy      c_w.l(__scatter_copy.o)
    0x0000027e   0x0000027e   0x00000002   PAD
    0x00000280   0x00000280   0x00000002   Code   RO          552    !!handler_null      c_w.l(__scatter.o)
    0x00000282   0x00000282   0x00000002   PAD
    0x00000284   0x00000284   0x0000001c   Code   RO          557    !!handler_zi        c_w.l(__scatter_zi.o)
    0x000002a0   0x000002a0   0x00000000   Code   RO          173    .ARM.Collect$$_printf_percent$$00000000  c_w.l(_printf_percent.o)
    0x000002a0   0x000002a0   0x00000006   Code   RO          162    .ARM.Collect$$_printf_percent$$00000001  c_w.l(_printf_n.o)
    0x000002a6   0x000002a6   0x00000006   Code   RO          164    .ARM.Collect$$_printf_percent$$00000002  c_w.l(_printf_p.o)
    0x000002ac   0x000002ac   0x00000006   Code   RO          169    .ARM.Collect$$_printf_percent$$00000003  c_w.l(_printf_f.o)
    0x000002b2   0x000002b2   0x00000006   Code   RO          170    .ARM.Collect$$_printf_percent$$00000004  c_w.l(_printf_e.o)
    0x000002b8   0x000002b8   0x00000006   Code   RO          171    .ARM.Collect$$_printf_percent$$00000005  c_w.l(_printf_g.o)
    0x000002be   0x000002be   0x00000006   Code   RO          172    .ARM.Collect$$_printf_percent$$00000006  c_w.l(_printf_a.o)
    0x000002c4   0x000002c4   0x0000000a   Code   RO          177    .ARM.Collect$$_printf_percent$$00000007  c_w.l(_printf_ll.o)
    0x000002ce   0x000002ce   0x00000006   Code   RO          166    .ARM.Collect$$_printf_percent$$00000008  c_w.l(_printf_i.o)
    0x000002d4   0x000002d4   0x00000006   Code   RO          167    .ARM.Collect$$_printf_percent$$00000009  c_w.l(_printf_d.o)
    0x000002da   0x000002da   0x00000006   Code   RO          168    .ARM.Collect$$_printf_percent$$0000000A  c_w.l(_printf_u.o)
    0x000002e0   0x000002e0   0x00000006   Code   RO          165    .ARM.Collect$$_printf_percent$$0000000B  c_w.l(_printf_o.o)
    0x000002e6   0x000002e6   0x00000006   Code   RO          163    .ARM.Collect$$_printf_percent$$0000000C  c_w.l(_printf_x.o)
    0x000002ec   0x000002ec   0x00000006   Code   RO          174    .ARM.Collect$$_printf_percent$$0000000D  c_w.l(_printf_lli.o)
    0x000002f2   0x000002f2   0x00000006   Code   RO          175    .ARM.Collect$$_printf_percent$$0000000E  c_w.l(_printf_lld.o)
    0x000002f8   0x000002f8   0x00000006   Code   RO          176    .ARM.Collect$$_printf_percent$$0000000F  c_w.l(_printf_llu.o)
    0x000002fe   0x000002fe   0x00000006   Code   RO          181    .ARM.Collect$$_printf_percent$$00000010  c_w.l(_printf_llo.o)
    0x00000304   0x00000304   0x00000006   Code   RO          182    .ARM.Collect$$_printf_percent$$00000011  c_w.l(_printf_llx.o)
    0x0000030a   0x0000030a   0x0000000a   Code   RO          178    .ARM.Collect$$_printf_percent$$00000012  c_w.l(_printf_l.o)
    0x00000314   0x00000314   0x00000006   Code   RO          160    .ARM.Collect$$_printf_percent$$00000013  c_w.l(_printf_c.o)
    0x0000031a   0x0000031a   0x00000006   Code   RO          161    .ARM.Collect$$_printf_percent$$00000014  c_w.l(_printf_s.o)
    0x00000320   0x00000320   0x00000006   Code   RO          179    .ARM.Collect$$_printf_percent$$00000015  c_w.l(_printf_lc.o)
    0x00000326   0x00000326   0x00000006   Code   RO          180    .ARM.Collect$$_printf_percent$$00000016  c_w.l(_printf_ls.o)
    0x0000032c   0x0000032c   0x00000004   Code   RO          249    .ARM.Collect$$_printf_percent$$00000017  c_w.l(_printf_percent_end.o)
    0x00000330   0x00000330   0x00000002   Code   RO          368    .ARM.Collect$$libinit$$00000000  c_w.l(libinit.o)
    0x00000332   0x00000332   0x00000004   Code   RO          266    .ARM.Collect$$libinit$$00000001  c_w.l(libinit2.o)
    0x00000336   0x00000336   0x00000000   Code   RO          269    .ARM.Collect$$libinit$$00000004  c_w.l(libinit2.o)
    0x00000336   0x00000336   0x00000000   Code   RO          271    .ARM.Collect$$libinit$$00000006  c_w.l(libinit2.o)
    0x00000336   0x00000336   0x00000000   Code   RO          274    .ARM.Collect$$libinit$$0000000C  c_w.l(libinit2.o)
    0x00000336   0x00000336   0x00000000   Code   RO          276    .ARM.Collect$$libinit$$0000000E  c_w.l(libinit2.o)
    0x00000336   0x00000336   0x00000000   Code   RO          278    .ARM.Collect$$libinit$$00000010  c_w.l(libinit2.o)
    0x00000336   0x00000336   0x00000006   Code   RO          279    .ARM.Collect$$libinit$$00000011  c_w.l(libinit2.o)
    0x0000033c   0x0000033c   0x00000000   Code   RO          281    .ARM.Collect$$libinit$$00000013  c_w.l(libinit2.o)
    0x0000033c   0x0000033c   0x0000000c   Code   RO          282    .ARM.Collect$$libinit$$00000014  c_w.l(libinit2.o)
    0x00000348   0x00000348   0x00000000   Code   RO          283    .ARM.Collect$$libinit$$00000015  c_w.l(libinit2.o)
    0x00000348   0x00000348   0x00000000   Code   RO          285    .ARM.Collect$$libinit$$00000017  c_w.l(libinit2.o)
    0x00000348   0x00000348   0x0000000a   Code   RO          286    .ARM.Collect$$libinit$$00000018  c_w.l(libinit2.o)
    0x00000352   0x00000352   0x00000000   Code   RO          287    .ARM.Collect$$libinit$$00000019  c_w.l(libinit2.o)
    0x00000352   0x00000352   0x00000000   Code   RO          289    .ARM.Collect$$libinit$$0000001B  c_w.l(libinit2.o)
    0x00000352   0x00000352   0x00000000   Code   RO          291    .ARM.Collect$$libinit$$0000001D  c_w.l(libinit2.o)
    0x00000352   0x00000352   0x00000000   Code   RO          293    .ARM.Collect$$libinit$$0000001F  c_w.l(libinit2.o)
    0x00000352   0x00000352   0x00000000   Code   RO          295    .ARM.Collect$$libinit$$00000021  c_w.l(libinit2.o)
    0x00000352   0x00000352   0x00000000   Code   RO          297    .ARM.Collect$$libinit$$00000023  c_w.l(libinit2.o)
    0x00000352   0x00000352   0x00000000   Code   RO          299    .ARM.Collect$$libinit$$00000025  c_w.l(libinit2.o)
    0x00000352   0x00000352   0x00000000   Code   RO          301    .ARM.Collect$$libinit$$00000027  c_w.l(libinit2.o)
    0x00000352   0x00000352   0x00000000   Code   RO          305    .ARM.Collect$$libinit$$0000002E  c_w.l(libinit2.o)
    0x00000352   0x00000352   0x00000000   Code   RO          307    .ARM.Collect$$libinit$$00000030  c_w.l(libinit2.o)
    0x00000352   0x00000352   0x00000000   Code   RO          309    .ARM.Collect$$libinit$$00000032  c_w.l(libinit2.o)
    0x00000352   0x00000352   0x00000000   Code   RO          311    .ARM.Collect$$libinit$$00000034  c_w.l(libinit2.o)
    0x00000352   0x00000352   0x00000002   Code   RO          312    .ARM.Collect$$libinit$$00000035  c_w.l(libinit2.o)
    0x00000354   0x00000354   0x00000002   Code   RO          472    .ARM.Collect$$libshutdown$$00000000  c_w.l(libshutdown.o)
    0x00000356   0x00000356   0x00000000   Code   RO          496    .ARM.Collect$$libshutdown$$00000002  c_w.l(libshutdown2.o)
    0x00000356   0x00000356   0x00000000   Code   RO          498    .ARM.Collect$$libshutdown$$00000004  c_w.l(libshutdown2.o)
    0x00000356   0x00000356   0x00000000   Code   RO          501    .ARM.Collect$$libshutdown$$00000007  c_w.l(libshutdown2.o)
    0x00000356   0x00000356   0x00000000   Code   RO          504    .ARM.Collect$$libshutdown$$0000000A  c_w.l(libshutdown2.o)
    0x00000356   0x00000356   0x00000000   Code   RO          506    .ARM.Collect$$libshutdown$$0000000C  c_w.l(libshutdown2.o)
    0x00000356   0x00000356   0x00000000   Code   RO          509    .ARM.Collect$$libshutdown$$0000000F  c_w.l(libshutdown2.o)
    0x00000356   0x00000356   0x00000002   Code   RO          510    .ARM.Collect$$libshutdown$$00000010  c_w.l(libshutdown2.o)
    0x00000358   0x00000358   0x00000000   Code   RO           86    .ARM.Collect$$rtentry$$00000000  c_w.l(__rtentry.o)
    0x00000358   0x00000358   0x00000000   Code   RO          216    .ARM.Collect$$rtentry$$00000002  c_w.l(__rtentry2.o)
    0x00000358   0x00000358   0x00000006   Code   RO          228    .ARM.Collect$$rtentry$$00000004  c_w.l(__rtentry4.o)
    0x0000035e   0x0000035e   0x00000000   Code   RO          218    .ARM.Collect$$rtentry$$00000009  c_w.l(__rtentry2.o)
    0x0000035e   0x0000035e   0x00000004   Code   RO          219    .ARM.Collect$$rtentry$$0000000A  c_w.l(__rtentry2.o)
    0x00000362   0x00000362   0x00000000   Code   RO          221    .ARM.Collect$$rtentry$$0000000C  c_w.l(__rtentry2.o)
    0x00000362   0x00000362   0x00000008   Code   RO          222    .ARM.Collect$$rtentry$$0000000D  c_w.l(__rtentry2.o)
    0x0000036a   0x0000036a   0x00000002   Code   RO          394    .ARM.Collect$$rtexit$$00000000  c_w.l(rtexit.o)
    0x0000036c   0x0000036c   0x00000000   Code   RO          425    .ARM.Collect$$rtexit$$00000002  c_w.l(rtexit2.o)
    0x0000036c   0x0000036c   0x00000004   Code   RO          426    .ARM.Collect$$rtexit$$00000003  c_w.l(rtexit2.o)
    0x00000370   0x00000370   0x00000006   Code   RO          427    .ARM.Collect$$rtexit$$00000004  c_w.l(rtexit2.o)
    0x00000376   0x00000376   0x00000002   PAD
    0x00000378   0x00000378   0x0000012c   Code   RO           33  * .text               startup_tm4c129.o
    0x000004a4   0x000004a4   0x00000010   Code   RO           76    .text               c_w.l(rt_ctype_table.o)
    0x000004b4   0x000004b4   0x00000024   Code   RO           78    .text               c_w.l(vsprintf.o)
    0x000004d8   0x000004d8   0x0000003c   Code   RO           80    .text               c_w.l(sscanf.o)
    0x00000514   0x00000514   0x00000006   Code   RO           82    .text               c_w.l(heapauxi.o)
    0x0000051a   0x0000051a   0x00000002   PAD
    0x0000051c   0x0000051c   0x00000008   Code   RO           90    .text               c_w.l(rt_locale_intlibspace.o)
    0x00000524   0x00000524   0x0000004e   Code   RO           94    .text               c_w.l(_printf_pad.o)
    0x00000572   0x00000572   0x00000024   Code   RO           96    .text               c_w.l(_printf_truncate.o)
    0x00000596   0x00000596   0x00000052   Code   RO           98    .text               c_w.l(_printf_str.o)
    0x000005e8   0x000005e8   0x00000078   Code   RO          100    .text               c_w.l(_printf_dec.o)
    0x00000660   0x00000660   0x00000028   Code   RO          102    .text               c_w.l(_printf_charcount.o)
    0x00000688   0x00000688   0x00000030   Code   RO          104    .text               c_w.l(_printf_char_common.o)
    0x000006b8   0x000006b8   0x0000000a   Code   RO          106    .text               c_w.l(_sputc.o)
    0x000006c2   0x000006c2   0x00000002   PAD
    0x000006c4   0x000006c4   0x000000bc   Code   RO          108    .text               c_w.l(_printf_wctomb.o)
    0x00000780   0x00000780   0x0000007c   Code   RO          111    .text               c_w.l(_printf_longlong_dec.o)
    0x000007fc   0x000007fc   0x00000070   Code   RO          117    .text               c_w.l(_printf_oct_int_ll.o)
    0x0000086c   0x0000086c   0x00000094   Code   RO          137    .text               c_w.l(_printf_hex_int_ll_ptr.o)
    0x00000900   0x00000900   0x00000188   Code   RO          157    .text               c_w.l(__printf_flags_ss_wp.o)
    0x00000a88   0x00000a88   0x00000156   Code   RO          183    .text               c_w.l(_scanf_longlong.o)
    0x00000bde   0x00000bde   0x0000014c   Code   RO          185    .text               c_w.l(_scanf_int.o)
    0x00000d2a   0x00000d2a   0x000000e0   Code   RO          187    .text               c_w.l(_scanf_str.o)
    0x00000e0a   0x00000e0a   0x00000002   PAD
    0x00000e0c   0x00000e0c   0x0000002c   Code   RO          189    .text               c_w.l(scanf_char.o)
    0x00000e38   0x00000e38   0x00000040   Code   RO          191    .text               c_w.l(_sgetc.o)
    0x00000e78   0x00000e78   0x00000114   Code   RO          193    .text               c_w.l(_scanf_mbtowc.o)
    0x00000f8c   0x00000f8c   0x000000e8   Code   RO          195    .text               c_w.l(_scanf_wctomb.o)
    0x00001074   0x00001074   0x000000d0   Code   RO          197    .text               c_w.l(_scanf_wstr.o)
    0x00001144   0x00001144   0x00000008   Code   RO          212    .text               c_w.l(libspace.o)
    0x0000114c   0x0000114c   0x0000008a   Code   RO          230    .text               c_w.l(lludiv10.o)
    0x000011d6   0x000011d6   0x00000012   Code   RO          232    .text               c_w.l(isspace.o)
    0x000011e8   0x000011e8   0x000000b2   Code   RO          234    .text               c_w.l(_printf_intcommon.o)
    0x0000129a   0x0000129a   0x0000041c   Code   RO          236    .text               c_w.l(_printf_fp_dec.o)
    0x000016b6   0x000016b6   0x00000002   PAD
    0x000016b8   0x000016b8   0x000002fc   Code   RO          240    .text               c_w.l(_printf_fp_hex.o)
    0x000019b4   0x000019b4   0x0000002c   Code   RO          245    .text               c_w.l(_printf_char.o)
    0x000019e0   0x000019e0   0x0000002c   Code   RO          247    .text               c_w.l(_printf_wchar.o)
    0x00001a0c   0x00001a0c   0x0000001c   Code   RO          250    .text               c_w.l(_chval.o)
    0x00001a28   0x00001a28   0x00000374   Code   RO          252    .text               c_w.l(_scanf.o)
    0x00001d9c   0x00001d9c   0x000004f8   Code   RO          254    .text               c_w.l(scanf_fp.o)
    0x00002294   0x00002294   0x0000001e   Code   RO          258    .text               c_w.l(_scanf_wcharmap.o)
    0x000022b2   0x000022b2   0x00000040   Code   RO          260    .text               c_w.l(_mbrtoc16.o)
    0x000022f2   0x000022f2   0x00000048   Code   RO          262    .text               c_w.l(_c16rtomb.o)
    0x0000233a   0x0000233a   0x00000006   PAD
    0x00002340   0x00002340   0x0000007c   Code   RO          264    .text               c_w.l(strcmpv7em.o)
    0x000023bc   0x000023bc   0x0000004a   Code   RO          313    .text               c_w.l(sys_stackheap_outer.o)
    0x00002406   0x00002406   0x00000002   PAD
    0x00002408   0x00002408   0x00000008   Code   RO          318    .text               c_w.l(rt_errno_addr_intlibspace.o)
    0x00002410   0x00002410   0x00000026   Code   RO          320    .text               c_w.l(llshl.o)
    0x00002436   0x00002436   0x00000002   PAD
    0x00002438   0x00002438   0x00000080   Code   RO          322    .text               c_w.l(_printf_fp_infnan.o)
    0x000024b8   0x000024b8   0x000000e4   Code   RO          324    .text               c_w.l(bigflt0.o)
    0x0000259c   0x0000259c   0x00000012   Code   RO          357    .text               c_w.l(exit.o)
    0x000025ae   0x000025ae   0x00000016   Code   RO          396    .text               c_w.l(_rserrno.o)
    0x000025c4   0x000025c4   0x00000320   Code   RO          398    .text               c_w.l(scanf_hexfp.o)
    0x000028e4   0x000028e4   0x00000134   Code   RO          400    .text               c_w.l(scanf_infnan.o)
    0x00002a18   0x00002a18   0x0000000c   Code   RO          457    .text               c_w.l(sys_exit.o)
    0x00002a24   0x00002a24   0x00000002   Code   RO          461    .text               c_w.l(use_no_semi.o)
    0x00002a26   0x00002a26   0x00000000   Code   RO          463    .text               c_w.l(indicate_semi.o)
    0x00002a26   0x00002a26   0x00000002   PAD
    0x00002a28   0x00002a28   0x00000200   Code   RO           56    .text.ES_Serial     Lib4.lib(generalserial.o)
    0x00002c28   0x00002c28   0x0000008a   Code   RO           58    .text.ES_printf     Lib4.lib(generalserial.o)
    0x00002cb2   0x00002cb2   0x00000002   PAD
    0x00002cb4   0x00002cb4   0x0000003c   Code   RO           54    .text.ES_putchar    Lib4.lib(generalserial.o)
    0x00002cf0   0x00002cf0   0x00000022   Code   RO            6    .text.LEDS_OFF      main.o
    0x00002d12   0x00002d12   0x00000002   PAD
    0x00002d14   0x00002d14   0x00000022   Code   RO            4    .text.LEDS_ON       main.o
    0x00002d36   0x00002d36   0x00000002   PAD
    0x00002d38   0x00002d38   0x0000010e   Code   RO           10    .text.LEDs_Init     main.o
    0x00002e46   0x00002e46   0x00000002   PAD
    0x00002e48   0x00002e48   0x00000088   Code   RO           12    .text.Switches_Init  main.o
    0x00002ed0   0x00002ed0   0x00000074   Code   RO            2    .text.SysTick_Handler  main.o
    0x00002f44   0x00002f44   0x00000034   Code   RO           14    .text.SysTick_Init_10kHz  main.o
    0x00002f78   0x00002f78   0x00000024   Code   RO           42    .text.SystemInit    system_tm4c129.o
    0x00002f9c   0x00002f9c   0x0000003e   Code   RO           18    .text.debounce_delay_ms  main.o
    0x00002fda   0x00002fda   0x00000002   PAD
    0x00002fdc   0x00002fdc   0x00000098   Code   RO            8    .text.main          main.o
    0x00003074   0x00003074   0x0000005e   Code   RO           71    .text.msDelay       Lib4.lib(msdelay.o)
    0x000030d2   0x000030d2   0x00000002   PAD
    0x000030d4   0x000030d4   0x00000042   Code   RO           16    .text.setDutyClampedPrint  main.o
    0x00003116   0x00003116   0x0000003e   Code   RO          327    CL$$btod_d2e        c_w.l(btod.o)
    0x00003154   0x00003154   0x00000046   Code   RO          329    CL$$btod_d2e_denorm_low  c_w.l(btod.o)
    0x0000319a   0x0000319a   0x00000060   Code   RO          328    CL$$btod_d2e_norm_op1  c_w.l(btod.o)
    0x000031fa   0x000031fa   0x00000002   PAD
    0x000031fc   0x000031fc   0x00000338   Code   RO          337    CL$$btod_div_common  c_w.l(btod.o)
    0x00003534   0x00003534   0x00000084   Code   RO          335    CL$$btod_e2d        c_w.l(btod.o)
    0x000035b8   0x000035b8   0x000000dc   Code   RO          334    CL$$btod_e2e        c_w.l(btod.o)
    0x00003694   0x00003694   0x0000002a   Code   RO          331    CL$$btod_ediv       c_w.l(btod.o)
    0x000036be   0x000036be   0x0000002a   Code   RO          333    CL$$btod_edivd      c_w.l(btod.o)
    0x000036e8   0x000036e8   0x0000002a   Code   RO          330    CL$$btod_emul       c_w.l(btod.o)
    0x00003712   0x00003712   0x0000002a   Code   RO          332    CL$$btod_emuld      c_w.l(btod.o)
    0x0000373c   0x0000373c   0x00000244   Code   RO          336    CL$$btod_mult_common  c_w.l(btod.o)
    0x00003980   0x00003980   0x00000030   Code   RO          384    i.__ARM_fpclassify  m_wm.l(fpclassify.o)
    0x000039b0   0x000039b0   0x000000f8   Code   RO          386    i.__hardfp___mathlib_tofloat  m_wm.l(narrow.o)
    0x00003aa8   0x00003aa8   0x000000d0   Code   RO          449    i.__hardfp_ldexp    m_wm.l(ldexp.o)
    0x00003b78   0x00003b78   0x00000020   Code   RO          481    i.__mathlib_dbl_overflow  m_wm.l(dunder.o)
    0x00003b98   0x00003b98   0x00000020   Code   RO          483    i.__mathlib_dbl_underflow  m_wm.l(dunder.o)
    0x00003bb8   0x00003bb8   0x00000012   Code   RO          387    i.__mathlib_narrow  m_wm.l(narrow.o)
    0x00003bca   0x00003bca   0x00000014   Code   RO          451    i.__support_ldexp   m_wm.l(ldexp.o)
    0x00003bde   0x00003bde   0x0000000e   Code   RO          150    i._is_digit         c_w.l(__printf_wp.o)
    0x00003bec   0x00003bec   0x00000004   PAD
    0x00003bf0   0x00003bf0   0x0000008c   Code   RO          416    i.frexp             m_wm.l(frexp.o)
    0x00003c7c   0x00003c7c   0x0000002c   Code   RO          200    locale$$code        c_w.l(lc_ctype_c.o)
    0x00003ca8   0x00003ca8   0x0000002c   Code   RO          355    locale$$code        c_w.l(lc_numeric_c.o)
    0x00003cd4   0x00003cd4   0x00000062   Code   RO          408    x$fpl$d2f           fz_wm.l(d2f.o)
    0x00003d36   0x00003d36   0x00000002   PAD
    0x00003d38   0x00003d38   0x00000010   Code   RO          517    x$fpl$dcheck1       fz_wm.l(dcheck1.o)
    0x00003d48   0x00003d48   0x00000018   Code   RO          439    x$fpl$dcmpinf       fz_wm.l(dcmpi.o)
    0x00003d60   0x00003d60   0x00000078   Code   RO          410    x$fpl$deqf          fz_wm.l(deqf.o)
    0x00003dd8   0x00003dd8   0x00000078   Code   RO          441    x$fpl$dleqf         fz_wm.l(dleqf.o)
    0x00003e50   0x00003e50   0x00000154   Code   RO          443    x$fpl$dmul          fz_wm.l(dmul.o)
    0x00003fa4   0x00003fa4   0x0000009c   Code   RO          445    x$fpl$dnaninf       fz_wm.l(dnaninf.o)
    0x00004040   0x00004040   0x0000000c   Code   RO          473    x$fpl$dretinf       fz_wm.l(dretinf.o)
    0x0000404c   0x0000404c   0x0000006c   Code   RO          412    x$fpl$drleqf        fz_wm.l(drleqf.o)
    0x000040b8   0x000040b8   0x0000001a   Code   RO          373    x$fpl$fpinit        fz_wm.l(fpinit.o)
    0x000040d2   0x000040d2   0x0000000a   Code   RO          447    x$fpl$fretinf       fz_wm.l(fretinf.o)
    0x000040dc   0x000040dc   0x00000006   Code   RO          375    x$fpl$ieeestatus    fz_wm.l(istatus.o)
    0x000040e2   0x000040e2   0x00000004   Code   RO          202    x$fpl$printf1       fz_wm.l(printf1.o)
    0x000040e6   0x000040e6   0x00000004   Code   RO          204    x$fpl$printf2       fz_wm.l(printf2.o)
    0x000040ea   0x000040ea   0x00000064   Code   RO          529    x$fpl$retnan        fz_wm.l(retnan.o)
    0x0000414e   0x0000414e   0x0000005c   Code   RO          475    x$fpl$scalbn        fz_wm.l(scalbn.o)
    0x000041aa   0x000041aa   0x00000004   Code   RO          210    x$fpl$scanf1        fz_wm.l(scanf1.o)
    0x000041ae   0x000041ae   0x00000008   Code   RO          377    x$fpl$scanf2        fz_wm.l(scanf2.o)
    0x000041b6   0x000041b6   0x00000030   Code   RO          547    x$fpl$trapveneer    fz_wm.l(trapv.o)
    0x000041e6   0x000041e6   0x00000000   Code   RO          383    x$fpl$usenofp       fz_wm.l(usenofp.o)
    0x000041e6   0x000041e6   0x00000002   PAD
    0x000041e8   0x000041e8   0x00000008   Data   RO          109    .constdata          c_w.l(_printf_wctomb.o)
    0x000041f0   0x000041f0   0x00000028   Data   RO          138    .constdata          c_w.l(_printf_hex_int_ll_ptr.o)
    0x00004218   0x00004218   0x00000011   Data   RO          158    .constdata          c_w.l(__printf_flags_ss_wp.o)
    0x00004229   0x00004229   0x00000026   Data   RO          241    .constdata          c_w.l(_printf_fp_hex.o)
    0x0000424f   0x0000424f   0x00000001   PAD
    0x00004250   0x00004250   0x00000094   Data   RO          325    .constdata          c_w.l(bigflt0.o)
    0x000042e4   0x000042e4   0x000000c0   Data   RO           66    .rodata.Uvalues     Lib4.lib(generalserial.o)
    0x000043a4   0x000043a4   0x00000062   Data   RO           22    .rodata.str1.1      main.o
    0x00004406   0x00004406   0x0000000c   Data   RO           67    .rodata.str1.1      Lib4.lib(generalserial.o)
    0x00004412   0x00004412   0x00000002   PAD
    0x00004414   0x00004414   0x00000020   Data   RO          550    Region$$Table       anon$$obj.o
    0x00004434   0x00004434   0x00000008   Data   RO          369    c$$dinf             fz_wm.l(fpconst.o)
    0x0000443c   0x0000443c   0x00000008   Data   RO          372    c$$dmax             fz_wm.l(fpconst.o)
    0x00004444   0x00004444   0x00000110   Data   RO          199    locale$$data        c_w.l(lc_ctype_c.o)
    0x00004554   0x00004554   0x0000001c   Data   RO          354    locale$$data        c_w.l(lc_numeric_c.o)


    Execution Region ER_RW (Exec base: 0x20000000, Load base: 0x00004570, Size: 0x00000004, Max: 0xffffffff, ABSOLUTE)

    Exec Addr    Load Addr    Size         Type   Attr      Idx    E Section Name        Object

    0x20000000   0x00004570   0x00000004   Data   RW           44    .data.SystemCoreClock  system_tm4c129.o


    Execution Region ER_ZI (Exec base: 0x20000008, Load base: 0x00004574, Size: 0x00000268, Max: 0xffffffff, ABSOLUTE)

    Exec Addr    Load Addr    Size         Type   Attr      Idx    E Section Name        Object

    0x20000008        -       0x00000060   Zero   RW          213    .bss                c_w.l(libspace.o)
    0x20000068        -       0x00000004   Zero   RW           20    .bss.duty           main.o
    0x2000006c        -       0x00000004   Zero   RW           21    .bss.ticks          main.o
    0x20000070        -       0x00000000   Zero   RW           31    HEAP                startup_tm4c129.o
    0x20000070        -       0x00000200   Zero   RW           30    STACK               startup_tm4c129.o


==============================================================================

Image component sizes


      Code (inc. data)   RO Data    RW Data    ZI Data      Debug   Object Name

       922          0         98          0          8       8470   main.o
       300         22        512          0        512       6080   startup_tm4c129.o
        36          0          0          4          0       1571   system_tm4c129.o

    ----------------------------------------------------------------------
      1266         22        642          4        520      16121   Object Totals
         0          0         32          0          0          0   (incl. Generated)
         8          0          0          0          0          0   (incl. Padding)

    ----------------------------------------------------------------------

      Code (inc. data)   RO Data    RW Data    ZI Data      Debug   Library Member Name

       710         48        204          0          0        196   generalserial.o
        94          0          0          0          0         40   msdelay.o
         8          0          0          0          0         68   __main.o
       392          4         17          0          0         92   __printf_flags_ss_wp.o
        14          0          0          0          0         68   __printf_wp.o
         0          0          0          0          0          0   __rtentry.o
        12          0          0          0          0          0   __rtentry2.o
         6          0          0          0          0          0   __rtentry4.o
        94          8          0          0          0          0   __scatter.o
        26          0          0          0          0          0   __scatter_copy.o
        28          0          0          0          0          0   __scatter_zi.o
        72          0          0          0          0         96   _c16rtomb.o
        28          0          0          0          0         68   _chval.o
        64          0          0          0          0         84   _mbrtoc16.o
         6          0          0          0          0          0   _printf_a.o
         6          0          0          0          0          0   _printf_c.o
        44          0          0          0          0        108   _printf_char.o
        48          6          0          0          0         96   _printf_char_common.o
        40          0          0          0          0         68   _printf_charcount.o
         6          0          0          0          0          0   _printf_d.o
       120         16          0          0          0         92   _printf_dec.o
         6          0          0          0          0          0   _printf_e.o
         6          0          0          0          0          0   _printf_f.o
      1052          0          0          0          0        148   _printf_fp_dec.o
       764          8         38          0          0        100   _printf_fp_hex.o
       128         16          0          0          0         84   _printf_fp_infnan.o
         6          0          0          0          0          0   _printf_g.o
       148          4         40          0          0        160   _printf_hex_int_ll_ptr.o
         6          0          0          0          0          0   _printf_i.o
       178          0          0          0          0         88   _printf_intcommon.o
        10          0          0          0          0          0   _printf_l.o
         6          0          0          0          0          0   _printf_lc.o
        10          0          0          0          0          0   _printf_ll.o
         6          0          0          0          0          0   _printf_lld.o
         6          0          0          0          0          0   _printf_lli.o
         6          0          0          0          0          0   _printf_llo.o
         6          0          0          0          0          0   _printf_llu.o
         6          0          0          0          0          0   _printf_llx.o
       124         16          0          0          0         92   _printf_longlong_dec.o
         6          0          0          0          0          0   _printf_ls.o
         6          0          0          0          0          0   _printf_n.o
         6          0          0          0          0          0   _printf_o.o
       112          8          0          0          0        124   _printf_oct_int_ll.o
         6          0          0          0          0          0   _printf_p.o
        78          0          0          0          0        108   _printf_pad.o
         0          0          0          0          0          0   _printf_percent.o
         4          0          0          0          0          0   _printf_percent_end.o
         6          0          0          0          0          0   _printf_s.o
        82          0          0          0          0         80   _printf_str.o
        36          0          0          0          0         84   _printf_truncate.o
         6          0          0          0          0          0   _printf_u.o
        44          0          0          0          0        108   _printf_wchar.o
       188          6          8          0          0         92   _printf_wctomb.o
         6          0          0          0          0          0   _printf_x.o
        22          0          0          0          0        100   _rserrno.o
       884          6          0          0          0        100   _scanf.o
       332          0          0          0          0         96   _scanf_int.o
       342          0          0          0          0        100   _scanf_longlong.o
       276          0          0          0          0        100   _scanf_mbtowc.o
       224          0          0          0          0         96   _scanf_str.o
        30          0          0          0          0         76   _scanf_wcharmap.o
       232          0          0          0          0        100   _scanf_wctomb.o
       208          0          0          0          0         96   _scanf_wstr.o
        64          0          0          0          0         84   _sgetc.o
        10          0          0          0          0         68   _sputc.o
       228          4        148          0          0         96   bigflt0.o
      2152        136          0          0          0        956   btod.o
        18          0          0          0          0         80   exit.o
         6          0          0          0          0        152   heapauxi.o
         0          0          0          0          0          0   indicate_semi.o
        18          0          0          0          0         76   isspace.o
        44         10        272          0          0         76   lc_ctype_c.o
        44         10         28          0          0         76   lc_numeric_c.o
         2          0          0          0          0          0   libinit.o
        34          0          0          0          0          0   libinit2.o
         2          0          0          0          0          0   libshutdown.o
         2          0          0          0          0          0   libshutdown2.o
         8          4          0          0         96         68   libspace.o
        38          0          0          0          0         68   llshl.o
       138          0          0          0          0         80   lludiv10.o
        16          4          0          0          0         76   rt_ctype_table.o
         8          4          0          0          0         68   rt_errno_addr_intlibspace.o
         8          4          0          0          0         68   rt_locale_intlibspace.o
         2          0          0          0          0          0   rtexit.o
        10          0          0          0          0          0   rtexit2.o
        44          8          0          0          0         84   scanf_char.o
      1272         16          0          0          0        168   scanf_fp.o
       800         14          0          0          0        100   scanf_hexfp.o
       308         16          0          0          0        100   scanf_infnan.o
        60          8          0          0          0         84   sscanf.o
       124          0          0          0          0         88   strcmpv7em.o
        12          4          0          0          0         68   sys_exit.o
        74          0          0          0          0         80   sys_stackheap_outer.o
         2          0          0          0          0         68   use_no_semi.o
        36          4          0          0          0         76   vsprintf.o
        98          4          0          0          0        140   d2f.o
        16          4          0          0          0        116   dcheck1.o
        24          0          0          0          0        116   dcmpi.o
       120          4          0          0          0        140   deqf.o
       120          4          0          0          0        140   dleqf.o
       340         12          0          0          0        152   dmul.o
       156          4          0          0          0        140   dnaninf.o
        12          0          0          0          0        116   dretinf.o
       108          0          0          0          0        128   drleqf.o
         0          0         16          0          0          0   fpconst.o
        26          0          0          0          0        116   fpinit.o
        10          0          0          0          0        116   fretinf.o
         6          0          0          0          0        116   istatus.o
         4          0          0          0          0        116   printf1.o
         4          0          0          0          0        116   printf2.o
       100          0          0          0          0        116   retnan.o
        92          0          0          0          0        116   scalbn.o
         4          0          0          0          0        116   scanf1.o
         8          0          0          0          0        132   scanf2.o
        48          0          0          0          0        116   trapv.o
         0          0          0          0          0          0   usenofp.o
        64         16          0          0          0        248   dunder.o
        48          0          0          0          0        124   fpclassify.o
       140         22          0          0          0        132   frexp.o
       228          8          0          0          0        308   ldexp.o
       266         16          0          0          0        308   narrow.o

    ----------------------------------------------------------------------
     15094        486        774          0         96       9700   Library Totals
        40          0          3          0          0          0   (incl. Padding)

    ----------------------------------------------------------------------

      Code (inc. data)   RO Data    RW Data    ZI Data      Debug   Library Name

       804         48        204          0          0        236   Lib4.lib
     12208        344        551          0         96       5980   c_w.l
      1296         32         16          0          0       2364   fz_wm.l
       746         62          0          0          0       1120   m_wm.l

    ----------------------------------------------------------------------
     15094        486        774          0         96       9700   Library Totals

    ----------------------------------------------------------------------

==============================================================================


      Code (inc. data)   RO Data    RW Data    ZI Data      Debug   

     16360        508       1416          4        616      20105   Grand Totals
     16360        508       1416          4        616      20105   ELF Image Totals
     16360        508       1416          4          0          0   ROM Totals

==============================================================================

    Total RO  Size (Code + RO Data)                17776 (  17.36kB)
    Total RW  Size (RW Data + ZI Data)               620 (   0.61kB)
    Total ROM Size (Code + RO Data + RW Data)      17780 (  17.36kB)

==============================================================================

