Component: Arm Compiler for Embedded 6.19 Tool: armlink [5e73cb00]

==============================================================================

Section Cross References

    main.o(.ARM.exidx.text.setup_GPIOA) refers to main.o(.text.setup_GPIOA) for [Anonymous Symbol]
    main.o(.ARM.exidx.text.setup_UART3) refers to main.o(.text.setup_UART3) for [Anonymous Symbol]
    main.o(.ARM.exidx.text.read_UART3) refers to main.o(.text.read_UART3) for [Anonymous Symbol]
    main.o(.ARM.exidx.text.write_UART3) refers to main.o(.text.write_UART3) for [Anonymous Symbol]
    main.o(.text.main) refers to sysclock.o(.text.setSysClk80MHz) for setSysClk80MHz
    main.o(.text.main) refers to wednesday.o(.text.RedirectOutput) for RedirectOutput
    main.o(.text.main) refers to main.o(.text.setup_GPIOA) for setup_GPIOA
    main.o(.text.main) refers to main.o(.text.setup_UART3) for setup_UART3
    main.o(.text.main) refers to main.o(.rodata.str1.1) for .L.str
    main.o(.text.main) refers to misc.o(.text.banner) for banner
    main.o(.text.main) refers to wednesday.o(.text.write_UART) for write_UART
    main.o(.text.main) refers to main.o(.text.read_UART3) for read_UART3
    main.o(.text.main) refers to main.o(.text.write_UART3) for write_UART3
    main.o(.ARM.exidx.text.main) refers to main.o(.text.main) for [Anonymous Symbol]
    startup_tm4c129.o(STACK) refers (Special) to heapauxi.o(.text) for __use_two_region_memory
    startup_tm4c129.o(HEAP) refers (Special) to heapauxi.o(.text) for __use_two_region_memory
    startup_tm4c129.o(RESET) refers (Special) to heapauxi.o(.text) for __use_two_region_memory
    startup_tm4c129.o(RESET) refers to startup_tm4c129.o(STACK) for __initial_sp
    startup_tm4c129.o(RESET) refers to startup_tm4c129.o(.text) for Reset_Handler
    startup_tm4c129.o(RESET) refers to wednesday.o(.text.UART0_Handler) for UART0_Handler
    startup_tm4c129.o(RESET) refers to wednesday.o(.text.UART4_Handler) for UART4_Handler
    startup_tm4c129.o(.text) refers (Special) to heapauxi.o(.text) for __use_two_region_memory
    startup_tm4c129.o(.text) refers to system_tm4c129.o(.text.SystemInit) for SystemInit
    startup_tm4c129.o(.text) refers to __main.o(!!!main) for __main
    startup_tm4c129.o(.text) refers to startup_tm4c129.o(HEAP) for Heap_Mem
    startup_tm4c129.o(.text) refers to startup_tm4c129.o(STACK) for Stack_Mem
    system_tm4c129.o(.text.SystemCoreClockUpdate) refers to system_tm4c129.o(.data.SystemCoreClock) for SystemCoreClock
    system_tm4c129.o(.ARM.exidx.text.SystemCoreClockUpdate) refers to system_tm4c129.o(.text.SystemCoreClockUpdate) for [Anonymous Symbol]
    system_tm4c129.o(.text.SystemInit) refers to system_tm4c129.o(.data.SystemCoreClock) for SystemCoreClock
    system_tm4c129.o(.ARM.exidx.text.SystemInit) refers to system_tm4c129.o(.text.SystemInit) for [Anonymous Symbol]
    sysclock.o(.ARM.exidx.text.setSysClk80MHz) refers to sysclock.o(.text.setSysClk80MHz) for [Anonymous Symbol]
    misc.o(.text.banner) refers to wednesday.o(.text.write_UART) for write_UART
    misc.o(.ARM.exidx.text.banner) refers to misc.o(.text.banner) for [Anonymous Symbol]
    wednesday.o(.text.setup_GPIO) refers to msdelay.o(.text.msDelay) for msDelay
    wednesday.o(.ARM.exidx.text.setup_GPIO) refers to wednesday.o(.text.setup_GPIO) for [Anonymous Symbol]
    wednesday.o(.text.setup_UART) refers to msdelay.o(.text.msDelay) for msDelay
    wednesday.o(.ARM.exidx.text.setup_UART) refers to wednesday.o(.text.setup_UART) for [Anonymous Symbol]
    wednesday.o(.ARM.exidx.text.read_UART) refers to wednesday.o(.text.read_UART) for [Anonymous Symbol]
    wednesday.o(.ARM.exidx.text.write_UART) refers to wednesday.o(.text.write_UART) for [Anonymous Symbol]
    wednesday.o(.text.RedirectOutput) refers to wednesday.o(.rodata.str1.1) for .L.str
    wednesday.o(.text.RedirectOutput) refers to generalserial.o(.text.enableSerial) for enableSerial
    wednesday.o(.ARM.exidx.text.RedirectOutput) refers to wednesday.o(.text.RedirectOutput) for [Anonymous Symbol]
    wednesday.o(.ARM.exidx.text.UART0_Handler) refers to wednesday.o(.text.UART0_Handler) for [Anonymous Symbol]
    wednesday.o(.ARM.exidx.text.UART4_Handler) refers to wednesday.o(.text.UART4_Handler) for [Anonymous Symbol]
    msdelay.o(.ARM.exidx.text.msDelay) refers to msdelay.o(.text.msDelay) for [Anonymous Symbol]
    generalserial.o(.text.serialRead) refers to generalserial.o(.rodata.Uvalues) for Uvalues
    generalserial.o(.ARM.exidx.text.serialRead) refers to generalserial.o(.text.serialRead) for [Anonymous Symbol]
    generalserial.o(.text.serialWrite) refers to generalserial.o(.rodata.Uvalues) for Uvalues
    generalserial.o(.ARM.exidx.text.serialWrite) refers to generalserial.o(.text.serialWrite) for [Anonymous Symbol]
    generalserial.o(.text.enableSerial) refers to generalserial.o(.rodata.Uvalues) for Uvalues
    generalserial.o(.text.enableSerial) refers to generalserial.o(.rodata.str1.1) for .L.str
[...]
    scanf_fp.o(i._is_digit) refers (Special) to lc_numeric_c.o(locale$$code) for _get_lc_numeric


==============================================================================

Removing Unused input sections from the image.

    Removing main.o(.text), (0 bytes).
    Removing main.o(.ARM.exidx.text.setup_GPIOA), (8 bytes).
    Removing main.o(.ARM.exidx.text.setup_UART3), (8 bytes).
    Removing main.o(.ARM.exidx.text.read_UART3), (8 bytes).
    Removing main.o(.ARM.exidx.text.write_UART3), (8 bytes).
    Removing main.o(.ARM.exidx.text.main), (8 bytes).
    Removing main.o(.ARM.use_no_argv), (4 bytes).
    Removing system_tm4c129.o(.text), (0 bytes).
    Removing system_tm4c129.o(.text.SystemCoreClockUpdate), (20 bytes).
    Removing system_tm4c129.o(.ARM.exidx.text.SystemCoreClockUpdate), (8 bytes).
    Removing system_tm4c129.o(.ARM.exidx.text.SystemInit), (8 bytes).
    Removing sysclock.o(.text), (0 bytes).
    Removing sysclock.o(.ARM.exidx.text.setSysClk80MHz), (8 bytes).
    Removing misc.o(.text), (0 bytes).
    Removing misc.o(.ARM.exidx.text.banner), (8 bytes).
    Removing wednesday.o(.text), (0 bytes).
    Removing wednesday.o(.text.setup_GPIO), (106 bytes).
    Removing wednesday.o(.ARM.exidx.text.setup_GPIO), (8 bytes).
    Removing wednesday.o(.text.setup_UART), (114 bytes).
    Removing wednesday.o(.ARM.exidx.text.setup_UART), (8 bytes).
    Removing wednesday.o(.text.read_UART), (48 bytes).
    Removing wednesday.o(.ARM.exidx.text.read_UART), (8 bytes).
    Removing wednesday.o(.ARM.exidx.text.write_UART), (8 bytes).
    Removing wednesday.o(.ARM.exidx.text.RedirectOutput), (8 bytes).
    Removing wednesday.o(.ARM.exidx.text.UART0_Handler), (8 bytes).
    Removing wednesday.o(.ARM.exidx.text.UART4_Handler), (8 bytes).
    Removing msdelay.o(.text), (0 bytes).
    Removing msdelay.o(.ARM.exidx.text.msDelay), (8 bytes).
    Removing generalserial.o(.text), (0 bytes).
    Removing generalserial.o(.text.serialRead), (60 bytes).
    Removing generalserial.o(.ARM.exidx.text.serialRead), (8 bytes).
    Removing generalserial.o(.text.serialWrite), (60 bytes).
    Removing generalserial.o(.ARM.exidx.text.serialWrite), (8 bytes).
    Removing generalserial.o(.ARM.exidx.text.enableSerial), (8 bytes).

34 unused section(s) (total 572 bytes) removed from the image.

==============================================================================

Image Symbol Table

    Local Symbols

    Symbol Name                              Value     Ov Type        Size  Object(Section)

    ../clib/angel/boardlib.s                 0x00000000   Number         0  boardinit1.o ABSOLUTE
    ../clib/angel/boardlib.s                 0x00000000   Number         0  boardinit2.o ABSOLUTE
    ../clib/angel/boardlib.s                 0x00000000   Number         0  boardinit3.o ABSOLUTE
    ../clib/angel/boardlib.s                 0x00000000   Number         0  boardshut.o ABSOLUTE
    ../clib/angel/handlers.s                 0x00000000   Number         0  __scatter_copy.o ABSOLUTE
    ../clib/angel/handlers.s                 0x00000000   Number         0  __scatter_zi.o ABSOLUTE
    ../clib/angel/kernel.s                   0x00000000   Number         0  __rtentry.o ABSOLUTE
    ../clib/angel/kernel.s                   0x00000000   Number         0  __rtentry2.o ABSOLUTE
    ../clib/angel/kernel.s                   0x00000000   Number         0  __rtentry4.o ABSOLUTE
    ../clib/angel/kernel.s                   0x00000000   Number         0  rtexit.o ABSOLUTE
    ../clib/angel/kernel.s                   0x00000000   Number         0  rtexit2.o ABSOLUTE
    ../clib/angel/rt.s                       0x00000000   Number         0  rt_ctype_table.o ABSOLUTE
    ../clib/angel/rt.s                       0x00000000   Number         0  rt_locale.o ABSOLUTE
    ../clib/angel/rt.s                       0x00000000   Number         0  rt_locale_intlibspace.o ABSOLUTE
    ../clib/angel/rt.s                       0x00000000   Number         0  rt_errno_addr.o ABSOLUTE
    ../clib/angel/rt.s                       0x00000000   Number         0  rt_errno_addr_intlibspace.o ABSOLUTE
    ../clib/angel/rt.s                       0x00000000   Number         0  rt_raise.o ABSOLUTE
    ../clib/angel/scatter.s                  0x00000000   Number         0  __scatter.o ABSOLUTE
    ../clib/angel/startup.s                  0x00000000   Number         0  __main.o ABSOLUTE
    ../clib/angel/sys.s                      0x00000000   Number         0  sys_stackheap_outer.o ABSOLUTE
    ../clib/angel/sys.s                      0x00000000   Number         0  libspace.o ABSOLUTE
    ../clib/angel/sys.s                      0x00000000   Number         0  use_no_semi.o ABSOLUTE
    ../clib/angel/sys.s                      0x00000000   Number         0  indicate_semi.o ABSOLUTE
    ../clib/angel/sysapp.c                   0x00000000   Number         0  sys_exit.o ABSOLUTE
    ../clib/angel/sysapp.c                   0x00000000   Number         0  sys_exit_hlt.o ABSOLUTE
    ../clib/angel/sysapp.c                   0x00000000   Number         0  sys_command.o ABSOLUTE
    ../clib/angel/sysapp.c                   0x00000000   Number         0  sys_command_hlt.o ABSOLUTE
    ../clib/angel/sysapp.c                   0x00000000   Number         0  sys_wrch.o ABSOLUTE
    ../clib/angel/sysapp.c                   0x00000000   Number         0  sys_wrch_hlt.o ABSOLUTE
    ../clib/armsys.c                         0x00000000   Number         0  argv_veneer.o ABSOLUTE
    ../clib/armsys.c                         0x00000000   Number         0  argv_veneer.o ABSOLUTE
    ../clib/armsys.c                         0x00000000   Number         0  _get_argv_nomalloc.o ABSOLUTE
    ../clib/armsys.c                         0x00000000   Number         0  no_argv.o ABSOLUTE
    ../clib/bigflt.c                         0x00000000   Number         0  bigflt0.o ABSOLUTE
    ../clib/btod.s                           0x00000000   Number         0  btod.o ABSOLUTE
    ../clib/btod_accurate.c                  0x00000000   Number         0  dtob_accurate.o ABSOLUTE
    ../clib/btod_accurate.c                  0x00000000   Number         0  btod_accurate_common.o ABSOLUTE
    ../clib/ctype.c                          0x00000000   Number         0  isspace.o ABSOLUTE
    ../clib/fenv.c                           0x00000000   Number         0  _rserrno.o ABSOLUTE
    ../clib/heapalloc.c                      0x00000000   Number         0  hrguard.o ABSOLUTE
    ../clib/heapaux.c                        0x00000000   Number         0  heapauxi.o ABSOLUTE
    ../clib/libinit.s                        0x00000000   Number         0  libinit.o ABSOLUTE
    ../clib/libinit.s                        0x00000000   Number         0  libinit2.o ABSOLUTE
    ../clib/libinit.s                        0x00000000   Number         0  libshutdown.o ABSOLUTE
    ../clib/libinit.s                        0x00000000   Number         0  libshutdown2.o ABSOLUTE
    ../clib/locale.c                         0x00000000   Number         0  _mbrtoc16.o ABSOLUTE
    ../clib/locale.c                         0x00000000   Number         0  _c16rtomb.o ABSOLUTE
    ../clib/locale.s                         0x00000000   Number         0  lc_numeric_c.o ABSOLUTE
    ../clib/locale.s                         0x00000000   Number         0  lc_ctype_c.o ABSOLUTE
    ../clib/longlong.s                       0x00000000   Number         0  llshl.o ABSOLUTE
    ../clib/longlong.s                       0x00000000   Number         0  llushr.o ABSOLUTE
    ../clib/memcpset.s                       0x00000000   Number         0  strcmpv7em.o ABSOLUTE
    ../clib/printf.c                         0x00000000   Number         0  __printf_wp.o ABSOLUTE
    ../clib/printf.c                         0x00000000   Number         0  __printf.o ABSOLUTE
    ../clib/printf.c                         0x00000000   Number         0  __printf_flags.o ABSOLUTE
    ../clib/printf.c                         0x00000000   Number         0  __printf_ss.o ABSOLUTE
    ../clib/printf.c                         0x00000000   Number         0  __printf_flags_ss.o ABSOLUTE
    ../clib/printf.c                         0x00000000   Number         0  __printf_flags_wp.o ABSOLUTE
    ../clib/printf.c                         0x00000000   Number         0  __printf_ss_wp.o ABSOLUTE
    ../clib/printf.c                         0x00000000   Number         0  __printf_flags_ss_wp.o ABSOLUTE
    ../clib/printf_percent.s                 0x00000000   Number         0  _printf_percent.o ABSOLUTE
    ../clib/printf_percent.s                 0x00000000   Number         0  _printf_percent_end.o ABSOLUTE
    ../clib/scanf.c                          0x00000000   Number         0  sscanf.o ABSOLUTE
    ../clib/scanf.c                          0x00000000   Number         0  _scanf_longlong.o ABSOLUTE
    ../clib/scanf.c                          0x00000000   Number         0  _scanf_int.o ABSOLUTE
    ../clib/scanf.c                          0x00000000   Number         0  _scanf_str.o ABSOLUTE
    ../clib/scanf.c                          0x00000000   Number         0  scanf_char.o ABSOLUTE
    ../clib/scanf.c                          0x00000000   Number         0  _sgetc.o ABSOLUTE
    ../clib/scanf.c                          0x00000000   Number         0  _scanf_mbtowc.o ABSOLUTE
    ../clib/scanf.c                          0x00000000   Number         0  _scanf_wctomb.o ABSOLUTE
    ../clib/scanf.c                          0x00000000   Number         0  _scanf_wstr.o ABSOLUTE
    ../clib/scanf.c                          0x00000000   Number         0  _chval.o ABSOLUTE
    ../clib/scanf.c                          0x00000000   Number         0  _scanf.o ABSOLUTE
    ../clib/scanf.c                          0x00000000   Number         0  scanf_fp.o ABSOLUTE
    ../clib/scanf.c                          0x00000000   Number         0  scanf_fp_accurate.o ABSOLUTE
    ../clib/scanf.c                          0x00000000   Number         0  _scanf_wcharmap.o ABSOLUTE
    ../clib/scanf.c                          0x00000000   Number         0  scanf_hexfp.o ABSOLUTE
    ../clib/scanf.c                          0x00000000   Number         0  scanf_infnan.o ABSOLUTE
    ../clib/signal.c                         0x00000000   Number         0  defsig_rtmem_outer.o ABSOLUTE
    ../clib/signal.c                         0x00000000   Number         0  defsig_rtmem_formal.o ABSOLUTE
    ../clib/signal.c                         0x00000000   Number         0  defsig_exit.o ABSOLUTE
    ../clib/signal.c                         0x00000000   Number         0  defsig_rtmem_inner.o ABSOLUTE
    ../clib/signal.c                         0x00000000   Number         0  __raise.o ABSOLUTE
    ../clib/signal.c                         0x00000000   Number         0  defsig_general.o ABSOLUTE
    ../clib/signal.c                         0x00000000   Number         0  defsig_abrt_inner.o ABSOLUTE
    ../clib/signal.c                         0x00000000   Number         0  defsig_fpe_inner.o ABSOLUTE
    ../clib/signal.c                         0x00000000   Number         0  defsig_rtred_inner.o ABSOLUTE
    ../clib/signal.c                         0x00000000   Number         0  defsig_stak_inner.o ABSOLUTE
    ../clib/signal.c                         0x00000000   Number         0  defsig_pvfn_inner.o ABSOLUTE
    ../clib/signal.c                         0x00000000   Number         0  defsig_cppl_inner.o ABSOLUTE
    ../clib/signal.c                         0x00000000   Number         0  defsig_segv_inner.o ABSOLUTE
    ../clib/signal.c                         0x00000000   Number         0  defsig_other.o ABSOLUTE
    ../clib/signal.s                         0x00000000   Number         0  defsig.o ABSOLUTE
    ../clib/stdlib.c                         0x00000000   Number         0  exit.o ABSOLUTE
    ../clib/string.c                         0x00000000   Number         0  strlen.o ABSOLUTE
    ../fplib/d2f.s                           0x00000000   Number         0  d2f.o ABSOLUTE
    ../fplib/daddsub.s                       0x00000000   Number         0  daddsub_clz.o ABSOLUTE
    ../fplib/dcheck1.s                       0x00000000   Number         0  dcheck1.o ABSOLUTE
    ../fplib/dcmpi.s                         0x00000000   Number         0  dcmpi.o ABSOLUTE
    ../fplib/ddiv.s                          0x00000000   Number         0  ddiv.o ABSOLUTE
    ../fplib/deqf.s                          0x00000000   Number         0  deqf.o ABSOLUTE
    ../fplib/dleqf.s                         0x00000000   Number         0  dleqf.o ABSOLUTE
    ../fplib/dmul.s                          0x00000000   Number         0  dmul.o ABSOLUTE
    ../fplib/dnaninf.s                       0x00000000   Number         0  dnaninf.o ABSOLUTE
    ../fplib/dretinf.s                       0x00000000   Number         0  dretinf.o ABSOLUTE
    ../fplib/drleqf.s                        0x00000000   Number         0  drleqf.o ABSOLUTE
    ../fplib/fpconst.s                       0x00000000   Number         0  fpconst.o ABSOLUTE
    ../fplib/fpinit.s                        0x00000000   Number         0  fpinit.o ABSOLUTE
    ../fplib/fretinf.s                       0x00000000   Number         0  fretinf.o ABSOLUTE
    ../fplib/istatus.s                       0x00000000   Number         0  istatus.o ABSOLUTE
    ../fplib/retnan.s                        0x00000000   Number         0  retnan.o ABSOLUTE
    ../fplib/scalbn.s                        0x00000000   Number         0  scalbn.o ABSOLUTE
    ../fplib/scanf1.s                        0x00000000   Number         0  scanf1.o ABSOLUTE
    ../fplib/scanf2.s                        0x00000000   Number         0  scanf2.o ABSOLUTE
    ../fplib/scanf2a.s                       0x00000000   Number         0  scanf2a.o ABSOLUTE
    ../fplib/scanf2b.s                       0x00000000   Number         0  scanf2b.o ABSOLUTE
    ../fplib/trapv.s                         0x00000000   Number         0  trapv.o ABSOLUTE
    ../fplib/usenofp.s                       0x00000000   Number         0  usenofp.o ABSOLUTE
    ../mathlib/dunder.c                      0x00000000   Number         0  dunder.o ABSOLUTE
    ../mathlib/frexp.c                       0x00000000   Number         0  frexp.o ABSOLUTE
    ../mathlib/ldexp.c                       0x00000000   Number         0  ldexp.o ABSOLUTE
    ../mathlib/narrow.c                      0x00000000   Number         0  narrow.o ABSOLUTE
    GeneralSerial.c                          0x00000000   Number         0  generalserial.o ABSOLUTE
    RTE/Device/TM4C1294NCPDT/startup_TM4C129.s 0x00000000   Number         0  startup_tm4c129.o ABSOLUTE
    dc.s                                     0x00000000   Number         0  dc.o ABSOLUTE
    main.c                                   0x00000000   Number         0  main.o ABSOLUTE
    misc.c                                   0x00000000   Number         0  misc.o ABSOLUTE
    msDelay.c                                0x00000000   Number         0  msdelay.o ABSOLUTE
    sysclock.c                               0x00000000   Number         0  sysclock.o ABSOLUTE
    system_TM4C129.c                         0x00000000   Number         0  system_tm4c129.o ABSOLUTE
    wednesday.c                              0x00000000   Number         0  wednesday.o ABSOLUTE
    RESET                                    0x00000000   Section      512  startup_tm4c129.o(RESET)
    !!!main                                  0x00000200   Section        8  __main.o(!!!main)
    !!!scatter                               0x00000208   Section       52  __scatter.o(!!!scatter)
    !!handler_copy                           0x0000023c   Section       26  __scatter_copy.o(!!handler_copy)
    !!handler_zi                             0x00000258   Section       28  __scatter_zi.o(!!handler_zi)
    .ARM.Collect$$libinit$$00000000          0x00000274   Section        2  libinit.o(.ARM.Collect$$libinit$$00000000)
    .ARM.Collect$$libinit$$00000001          0x00000276   Section        4  libinit2.o(.ARM.Collect$$libinit$$00000001)
    .ARM.Collect$$libinit$$00000004          0x0000027a   Section        0  libinit2.o(.ARM.Collect$$libinit$$00000004)
    .ARM.Collect$$libinit$$00000006          0x0000027a   Section        0  libinit2.o(.ARM.Collect$$libinit$$00000006)
    .ARM.Collect$$libinit$$0000000C          0x0000027a   Section        0  libinit2.o(.ARM.Collect$$libinit$$0000000C)
    .ARM.Collect$$libinit$$0000000E          0x0000027a   Section        0  libinit2.o(.ARM.Collect$$libinit$$0000000E)
    .ARM.Collect$$libinit$$00000010          0x0000027a   Section        0  libinit2.o(.ARM.Collect$$libinit$$00000010)
    .ARM.Collect$$libinit$$00000011          0x0000027a   Section        6  libinit2.o(.ARM.Collect$$libinit$$00000011)
    .ARM.Collect$$libinit$$00000013          0x00000280   Section        0  libinit2.o(.ARM.Collect$$libinit$$00000013)
    .ARM.Collect$$libinit$$00000014          0x00000280   Section       12  libinit2.o(.ARM.Collect$$libinit$$00000014)
    .ARM.Collect$$libinit$$00000015          0x0000028c   Section        0  libinit2.o(.ARM.Collect$$libinit$$00000015)
    .ARM.Collect$$libinit$$00000017          0x0000028c   Section        0  libinit2.o(.ARM.Collect$$libinit$$00000017)
    .ARM.Collect$$libinit$$00000018          0x0000028c   Section       10  libinit2.o(.ARM.Collect$$libinit$$00000018)
    .ARM.Collect$$libinit$$00000019          0x00000296   Section        0  libinit2.o(.ARM.Collect$$libinit$$00000019)
    .ARM.Collect$$libinit$$0000001B          0x00000296   Section        0  libinit2.o(.ARM.Collect$$libinit$$0000001B)
    .ARM.Collect$$libinit$$0000001D          0x00000296   Section        0  libinit2.o(.ARM.Collect$$libinit$$0000001D)
    .ARM.Collect$$libinit$$0000001F          0x00000296   Section        0  libinit2.o(.ARM.Collect$$libinit$$0000001F)
    .ARM.Collect$$libinit$$00000021          0x00000296   Section        0  libinit2.o(.ARM.Collect$$libinit$$00000021)
    .ARM.Collect$$libinit$$00000023          0x00000296   Section        0  libinit2.o(.ARM.Collect$$libinit$$00000023)
    .ARM.Collect$$libinit$$00000025          0x00000296   Section        0  libinit2.o(.ARM.Collect$$libinit$$00000025)
    .ARM.Collect$$libinit$$00000027          0x00000296   Section        0  libinit2.o(.ARM.Collect$$libinit$$00000027)
    .ARM.Collect$$libinit$$0000002E          0x00000296   Section        0  libinit2.o(.ARM.Collect$$libinit$$0000002E)
    .ARM.Collect$$libinit$$00000030          0x00000296   Section        0  libinit2.o(.ARM.Collect$$libinit$$00000030)
    .ARM.Collect$$libinit$$00000032          0x00000296   Section        0  libinit2.o(.ARM.Collect$$libinit$$00000032)
    .ARM.Collect$$libinit$$00000034          0x00000296   Section        0  libinit2.o(.ARM.Collect$$libinit$$00000034)
    .ARM.Collect$$libinit$$00000035          0x00000296   Section        2  libinit2.o(.ARM.Collect$$libinit$$00000035)
    .ARM.Collect$$libshutdown$$00000000      0x00000298   Section        2  libshutdown.o(.ARM.Collect$$libshutdown$$00000000)
    .ARM.Collect$$libshutdown$$00000002      0x0000029a   Section        0  libshutdown2.o(.ARM.Collect$$libshutdown$$00000002)
    .ARM.Collect$$libshutdown$$00000004      0x0000029a   Section        0  libshutdown2.o(.ARM.Collect$$libshutdown$$00000004)
    .ARM.Collect$$libshutdown$$00000007      0x0000029a   Section        0  libshutdown2.o(.ARM.Collect$$libshutdown$$00000007)
    .ARM.Collect$$libshutdown$$0000000A      0x0000029a   Section        0  libshutdown2.o(.ARM.Collect$$libshutdown$$0000000A)
    .ARM.Collect$$libshutdown$$0000000C      0x0000029a   Section        0  libshutdown2.o(.ARM.Collect$$libshutdown$$0000000C)
    .ARM.Collect$$libshutdown$$0000000F      0x0000029a   Section        0  libshutdown2.o(.ARM.Collect$$libshutdown$$0000000F)
    .ARM.Collect$$libshutdown$$00000010      0x0000029a   Section        2  libshutdown2.o(.ARM.Collect$$libshutdown$$00000010)
    .ARM.Collect$$rtentry$$00000000          0x0000029c   Section        0  __rtentry.o(.ARM.Collect$$rtentry$$00000000)
    .ARM.Collect$$rtentry$$00000002          0x0000029c   Section        0  __rtentry2.o(.ARM.Collect$$rtentry$$00000002)
    .ARM.Collect$$rtentry$$00000004          0x0000029c   Section        6  __rtentry4.o(.ARM.Collect$$rtentry$$00000004)
    .ARM.Collect$$rtentry$$00000009          0x000002a2   Section        0  __rtentry2.o(.ARM.Collect$$rtentry$$00000009)
    .ARM.Collect$$rtentry$$0000000A          0x000002a2   Section        4  __rtentry2.o(.ARM.Collect$$rtentry$$0000000A)
    .ARM.Collect$$rtentry$$0000000C          0x000002a6   Section        0  __rtentry2.o(.ARM.Collect$$rtentry$$0000000C)
    .ARM.Collect$$rtentry$$0000000D          0x000002a6   Section        8  __rtentry2.o(.ARM.Collect$$rtentry$$0000000D)
    .ARM.Collect$$rtexit$$00000000           0x000002ae   Section        2  rtexit.o(.ARM.Collect$$rtexit$$00000000)
    .ARM.Collect$$rtexit$$00000002           0x000002b0   Section        0  rtexit2.o(.ARM.Collect$$rtexit$$00000002)
    .ARM.Collect$$rtexit$$00000003           0x000002b0   Section        4  rtexit2.o(.ARM.Collect$$rtexit$$00000003)
    .ARM.Collect$$rtexit$$00000004           0x000002b4   Section        6  rtexit2.o(.ARM.Collect$$rtexit$$00000004)
    $v0                                      0x000002bc   Number         0  startup_tm4c129.o(.text)
    .text                                    0x000002bc   Section      300  startup_tm4c129.o(.text)
    .text                                    0x000003e8   Section        0  sscanf.o(.text)
    .text                                    0x00000424   Section        0  heapauxi.o(.text)
    .text                                    0x0000042a   Section        0  _scanf_longlong.o(.text)
    .text                                    0x00000580   Section        0  _scanf_int.o(.text)
    .text                                    0x000006cc   Section        0  _scanf_str.o(.text)
    _scanf_char_input                        0x000007ad   Thumb Code    12  scanf_char.o(.text)
    .text                                    0x000007ac   Section        0  scanf_char.o(.text)
    .text                                    0x000007d8   Section        0  _sgetc.o(.text)
    .text                                    0x00000818   Section        0  _scanf_mbtowc.o(.text)
    .text                                    0x0000092c   Section        0  _scanf_wctomb.o(.text)
    .text                                    0x00000a14   Section        0  _scanf_wstr.o(.text)
    .text                                    0x00000ae4   Section        0  isspace.o(.text)
    .text                                    0x00000af6   Section        0  _chval.o(.text)
    .text                                    0x00000b14   Section        0  _scanf.o(.text)
    _fp_value                                0x00000e89   Thumb Code   588  scanf_fp.o(.text)
    .text                                    0x00000e88   Section        0  scanf_fp.o(.text)
    .text                                    0x00001380   Section        0  _scanf_wcharmap.o(.text)
    .text                                    0x0000139e   Section        0  _mbrtoc16.o(.text)
    .text                                    0x000013de   Section        0  _c16rtomb.o(.text)
    .text                                    0x00001426   Section       74  sys_stackheap_outer.o(.text)
    .text                                    0x00001470   Section       16  rt_ctype_table.o(.text)
    .text                                    0x00001480   Section        8  rt_locale_intlibspace.o(.text)
    .text                                    0x00001488   Section        8  rt_errno_addr_intlibspace.o(.text)
    .text                                    0x00001490   Section       38  llshl.o(.text)
    .text                                    0x000014b8   Section        0  bigflt0.o(.text)
    .text                                    0x0000159c   Section        0  exit.o(.text)
    .text                                    0x000015b0   Section        8  libspace.o(.text)
    .text                                    0x000015b8   Section        0  _rserrno.o(.text)
    .text                                    0x000015d0   Section        0  scanf_hexfp.o(.text)
    .text                                    0x000018f0   Section        0  scanf_infnan.o(.text)
    .text                                    0x00001a28   Section      124  strcmpv7em.o(.text)
    .text                                    0x00001aa4   Section        0  sys_exit.o(.text)
    .text                                    0x00001ab0   Section        2  use_no_semi.o(.text)
    .text                                    0x00001ab2   Section        0  indicate_semi.o(.text)
    [Anonymous Symbol]                       0x00001ab4   Section        0  wednesday.o(.text.RedirectOutput)
    [Anonymous Symbol]                       0x00001b04   Section        0  system_tm4c129.o(.text.SystemInit)
    [Anonymous Symbol]                       0x00001b28   Section        0  wednesday.o(.text.UART0_Handler)
    [Anonymous Symbol]                       0x00001b60   Section        0  wednesday.o(.text.UART4_Handler)
    [Anonymous Symbol]                       0x00001b94   Section        0  misc.o(.text.banner)
    [Anonymous Symbol]                       0x00001c2c   Section        0  generalserial.o(.text.enableSerial)
    [Anonymous Symbol]                       0x00001e1c   Section        0  main.o(.text.main)
    [Anonymous Symbol]                       0x00001e78   Section        0  msdelay.o(.text.msDelay)
    [Anonymous Symbol]                       0x00001ed8   Section        0  main.o(.text.read_UART3)
    [Anonymous Symbol]                       0x00001f08   Section        0  sysclock.o(.text.setSysClk80MHz)
    [Anonymous Symbol]                       0x00001fc4   Section        0  main.o(.text.setup_GPIOA)
    [Anonymous Symbol]                       0x00002034   Section        0  main.o(.text.setup_UART3)
    [Anonymous Symbol]                       0x000020a0   Section        0  wednesday.o(.text.write_UART)
    [Anonymous Symbol]                       0x000020d0   Section        0  main.o(.text.write_UART3)
    CL$$btod_div_common                      0x00002100   Section      824  btod.o(CL$$btod_div_common)
    CL$$btod_e2d                             0x00002438   Section      132  btod.o(CL$$btod_e2d)
    CL$$btod_e2e                             0x000024bc   Section      220  btod.o(CL$$btod_e2e)
    CL$$btod_ediv                            0x00002598   Section       42  btod.o(CL$$btod_ediv)
    CL$$btod_edivd                           0x000025c2   Section       42  btod.o(CL$$btod_edivd)
    CL$$btod_emul                            0x000025ec   Section       42  btod.o(CL$$btod_emul)
    CL$$btod_emuld                           0x00002616   Section       42  btod.o(CL$$btod_emuld)
    CL$$btod_mult_common                     0x00002640   Section      580  btod.o(CL$$btod_mult_common)
    i.__hardfp___mathlib_tofloat             0x00002888   Section        0  narrow.o(i.__hardfp___mathlib_tofloat)
    i.__hardfp_ldexp                         0x00002980   Section        0  ldexp.o(i.__hardfp_ldexp)
    i.__mathlib_dbl_overflow                 0x00002a50   Section        0  dunder.o(i.__mathlib_dbl_overflow)
    i.__mathlib_dbl_underflow                0x00002a70   Section        0  dunder.o(i.__mathlib_dbl_underflow)
    i.__mathlib_narrow                       0x00002a90   Section        0  narrow.o(i.__mathlib_narrow)
    i.__support_ldexp                        0x00002aa2   Section        0  ldexp.o(i.__support_ldexp)
    i._is_digit                              0x00002ab6   Section        0  scanf_fp.o(i._is_digit)
    i.frexp                                  0x00002ac8   Section        0  frexp.o(i.frexp)
    locale$$code                             0x00002b54   Section       44  lc_numeric_c.o(locale$$code)
    locale$$code                             0x00002b80   Section       44  lc_ctype_c.o(locale$$code)
    $v0                                      0x00002bac   Number         0  d2f.o(x$fpl$d2f)
    x$fpl$d2f                                0x00002bac   Section       98  d2f.o(x$fpl$d2f)
    $v0                                      0x00002c10   Number         0  dcheck1.o(x$fpl$dcheck1)
    x$fpl$dcheck1                            0x00002c10   Section       16  dcheck1.o(x$fpl$dcheck1)
    $v0                                      0x00002c20   Number         0  dcmpi.o(x$fpl$dcmpinf)
    x$fpl$dcmpinf                            0x00002c20   Section       24  dcmpi.o(x$fpl$dcmpinf)
    $v0                                      0x00002c38   Number         0  deqf.o(x$fpl$deqf)
    x$fpl$deqf                               0x00002c38   Section      120  deqf.o(x$fpl$deqf)
    $v0                                      0x00002cb0   Number         0  dleqf.o(x$fpl$dleqf)
    x$fpl$dleqf                              0x00002cb0   Section      120  dleqf.o(x$fpl$dleqf)
    $v0                                      0x00002d28   Number         0  dmul.o(x$fpl$dmul)
    x$fpl$dmul                               0x00002d28   Section      340  dmul.o(x$fpl$dmul)
    $v0                                      0x00002e7c   Number         0  dnaninf.o(x$fpl$dnaninf)
    x$fpl$dnaninf                            0x00002e7c   Section      156  dnaninf.o(x$fpl$dnaninf)
    $v0                                      0x00002f18   Number         0  dretinf.o(x$fpl$dretinf)
    x$fpl$dretinf                            0x00002f18   Section       12  dretinf.o(x$fpl$dretinf)
    $v0                                      0x00002f24   Number         0  drleqf.o(x$fpl$drleqf)
    x$fpl$drleqf                             0x00002f24   Section      108  drleqf.o(x$fpl$drleqf)
    $v0                                      0x00002f90   Number         0  fpinit.o(x$fpl$fpinit)
    x$fpl$fpinit                             0x00002f90   Section       26  fpinit.o(x$fpl$fpinit)
    $v0                                      0x00002faa   Number         0  fretinf.o(x$fpl$fretinf)
    x$fpl$fretinf                            0x00002faa   Section       10  fretinf.o(x$fpl$fretinf)
    $v0                                      0x00002fb4   Number         0  istatus.o(x$fpl$ieeestatus)
    x$fpl$ieeestatus                         0x00002fb4   Section        6  istatus.o(x$fpl$ieeestatus)
    $v0                                      0x00002fba   Number         0  retnan.o(x$fpl$retnan)
    x$fpl$retnan                             0x00002fba   Section      100  retnan.o(x$fpl$retnan)
    $v0                                      0x0000301e   Number         0  scalbn.o(x$fpl$scalbn)
    x$fpl$scalbn                             0x0000301e   Section       92  scalbn.o(x$fpl$scalbn)
    $v0                                      0x0000307a   Number         0  scanf1.o(x$fpl$scanf1)
    x$fpl$scanf1                             0x0000307a   Section        4  scanf1.o(x$fpl$scanf1)
    $v0                                      0x0000307e   Number         0  scanf2.o(x$fpl$scanf2)
    x$fpl$scanf2                             0x0000307e   Section        8  scanf2.o(x$fpl$scanf2)
    $v0                                      0x00003086   Number         0  trapv.o(x$fpl$trapveneer)
    x$fpl$trapveneer                         0x00003086   Section       48  trapv.o(x$fpl$trapveneer)
    x$fpl$usenofp                            0x000030b6   Section        0  usenofp.o(x$fpl$usenofp)
    tenpwrs_x                                0x000030b8   Data          60  bigflt0.o(.constdata)
    .constdata                               0x000030b8   Section      148  bigflt0.o(.constdata)
    tenpwrs_i                                0x000030f4   Data          64  bigflt0.o(.constdata)
    .L.str                                   0x0000320c   Data          61  main.o(.rodata.str1.1)
    [Anonymous Symbol]                       0x0000320c   Section        0  main.o(.rodata.str1.1)
    .L.str                                   0x00003249   Data          12  wednesday.o(.rodata.str1.1)
    [Anonymous Symbol]                       0x00003249   Section        0  wednesday.o(.rodata.str1.1)
    .L.str                                   0x00003255   Data          12  generalserial.o(.rodata.str1.1)
    [Anonymous Symbol]                       0x00003255   Section        0  generalserial.o(.rodata.str1.1)
    c$$dinf                                  0x00003284   Section        8  fpconst.o(c$$dinf)
    c$$dmax                                  0x0000328c   Section        8  fpconst.o(c$$dmax)
    locale$$data                             0x00003294   Section       28  lc_numeric_c.o(locale$$data)
    __lcnum_c_name                           0x00003298   Data           2  lc_numeric_c.o(locale$$data)
    __lcnum_c_start                          0x000032a0   Data           0  lc_numeric_c.o(locale$$data)
    __lcnum_c_point                          0x000032ac   Data           0  lc_numeric_c.o(locale$$data)
    __lcnum_c_thousands                      0x000032ae   Data           0  lc_numeric_c.o(locale$$data)
    __lcnum_c_grouping                       0x000032af   Data           0  lc_numeric_c.o(locale$$data)
    __lcnum_c_end                            0x000032b0   Data           0  lc_numeric_c.o(locale$$data)
    locale$$data                             0x000032b0   Section      272  lc_ctype_c.o(locale$$data)
    __lcctype_c_name                         0x000032b4   Data           2  lc_ctype_c.o(locale$$data)
    __lcctype_c_start                        0x000032bc   Data           0  lc_ctype_c.o(locale$$data)
    __lcctype_c_end                          0x000033c0   Data           0  lc_ctype_c.o(locale$$data)
    .bss                                     0x20000008   Section       96  libspace.o(.bss)
    Heap_Mem                                 0x20000068   Data           0  startup_tm4c129.o(HEAP)
    Stack_Mem                                0x20000068   Data         512  startup_tm4c129.o(STACK)
    HEAP                                     0x20000068   Section        0  startup_tm4c129.o(HEAP)
    STACK                                    0x20000068   Section      512  startup_tm4c129.o(STACK)
    __initial_sp                             0x20000268   Data           0  startup_tm4c129.o(STACK)

    Global Symbols

    Symbol Name                              Value     Ov Type        Size  Object(Section)

    BuildAttributes$$THM_ISAv4$E$P$D$K$B$S$7EM$VFPi3$EXTD16$VFPS$VFMA$PE$A:L22UL41UL21$X:L11$S22US41US21$IEEE1$IW$~IW$USESV6$~STKCKD$USESV7$~SHL$OTIME$ROPI$IEEEX$EBA8$UX$STANDARDLIB$REQ8$PRES8$EABIv2 0x00000000   Number         0  anon$$obj.o ABSOLUTE
    __Vectors                                0x00000000   Data           4  startup_tm4c129.o(RESET)
    __ARM_exceptions_init                     - Undefined Weak Reference
    __alloca_initialize                       - Undefined Weak Reference
    __arm_preinit_                            - Undefined Weak Reference
    __arm_relocate_pie_                       - Undefined Weak Reference
    __cpp_initialize__aeabi_                  - Undefined Weak Reference
    __cxa_finalize                            - Undefined Weak Reference
    __sigvec_lookup                           - Undefined Weak Reference
    _atexit_init                              - Undefined Weak Reference
    _call_atexit_fns                          - Undefined Weak Reference
    _clock_init                               - Undefined Weak Reference
    _fp_trap_init                             - Undefined Weak Reference
    _fp_trap_shutdown                         - Undefined Weak Reference
    _get_lc_collate                           - Undefined Weak Reference
    _get_lc_monetary                          - Undefined Weak Reference
    _get_lc_time                              - Undefined Weak Reference
    _getenv_init                              - Undefined Weak Reference
    _handle_redirection                       - Undefined Weak Reference
    _init_alloc                               - Undefined Weak Reference
    _init_user_alloc                          - Undefined Weak Reference
    _initio                                   - Undefined Weak Reference
    _rand_init                                - Undefined Weak Reference
    _signal_finish                            - Undefined Weak Reference
    _signal_init                              - Undefined Weak Reference
    _terminate_alloc                          - Undefined Weak Reference
    _terminate_user_alloc                     - Undefined Weak Reference
    _terminateio                              - Undefined Weak Reference
    __Vectors_End                            0x00000200   Data           0  startup_tm4c129.o(RESET)
    __Vectors_Size                           0x00000200   Number         0  startup_tm4c129.o ABSOLUTE
    __main                                   0x00000201   Thumb Code     8  __main.o(!!!main)
    __scatterload                            0x00000209   Thumb Code     0  __scatter.o(!!!scatter)
    __scatterload_rt2                        0x00000209   Thumb Code    44  __scatter.o(!!!scatter)
    __scatterload_rt2_thumb_only             0x00000209   Thumb Code     0  __scatter.o(!!!scatter)
    __scatterload_null                       0x00000217   Thumb Code     0  __scatter.o(!!!scatter)
    __scatterload_copy                       0x0000023d   Thumb Code    26  __scatter_copy.o(!!handler_copy)
    __scatterload_zeroinit                   0x00000259   Thumb Code    28  __scatter_zi.o(!!handler_zi)
    __rt_lib_init                            0x00000275   Thumb Code     0  libinit.o(.ARM.Collect$$libinit$$00000000)
    __rt_lib_init_fp_1                       0x00000277   Thumb Code     0  libinit2.o(.ARM.Collect$$libinit$$00000001)
    __rt_lib_init_heap_1                     0x0000027b   Thumb Code     0  libinit2.o(.ARM.Collect$$libinit$$0000000C)
    __rt_lib_init_lc_common                  0x0000027b   Thumb Code     0  libinit2.o(.ARM.Collect$$libinit$$00000011)
    __rt_lib_init_preinit_1                  0x0000027b   Thumb Code     0  libinit2.o(.ARM.Collect$$libinit$$00000006)
    __rt_lib_init_rand_1                     0x0000027b   Thumb Code     0  libinit2.o(.ARM.Collect$$libinit$$00000010)
    __rt_lib_init_relocate_pie_1             0x0000027b   Thumb Code     0  libinit2.o(.ARM.Collect$$libinit$$00000004)
    __rt_lib_init_user_alloc_1               0x0000027b   Thumb Code     0  libinit2.o(.ARM.Collect$$libinit$$0000000E)
    __rt_lib_init_lc_collate_1               0x00000281   Thumb Code     0  libinit2.o(.ARM.Collect$$libinit$$00000013)
    __rt_lib_init_lc_ctype_2                 0x00000281   Thumb Code     0  libinit2.o(.ARM.Collect$$libinit$$00000014)
    __rt_lib_init_lc_ctype_1                 0x0000028d   Thumb Code     0  libinit2.o(.ARM.Collect$$libinit$$00000015)
    __rt_lib_init_lc_monetary_1              0x0000028d   Thumb Code     0  libinit2.o(.ARM.Collect$$libinit$$00000017)
    __rt_lib_init_lc_numeric_2               0x0000028d   Thumb Code     0  libinit2.o(.ARM.Collect$$libinit$$00000018)
    __rt_lib_init_alloca_1                   0x00000297   Thumb Code     0  libinit2.o(.ARM.Collect$$libinit$$00000030)
    __rt_lib_init_argv_1                     0x00000297   Thumb Code     0  libinit2.o(.ARM.Collect$$libinit$$0000002E)
    __rt_lib_init_atexit_1                   0x00000297   Thumb Code     0  libinit2.o(.ARM.Collect$$libinit$$0000001D)
    __rt_lib_init_clock_1                    0x00000297   Thumb Code     0  libinit2.o(.ARM.Collect$$libinit$$00000023)
    __rt_lib_init_cpp_1                      0x00000297   Thumb Code     0  libinit2.o(.ARM.Collect$$libinit$$00000034)
    __rt_lib_init_exceptions_1               0x00000297   Thumb Code     0  libinit2.o(.ARM.Collect$$libinit$$00000032)
    __rt_lib_init_fp_trap_1                  0x00000297   Thumb Code     0  libinit2.o(.ARM.Collect$$libinit$$00000021)
    __rt_lib_init_getenv_1                   0x00000297   Thumb Code     0  libinit2.o(.ARM.Collect$$libinit$$00000025)
    __rt_lib_init_lc_numeric_1               0x00000297   Thumb Code     0  libinit2.o(.ARM.Collect$$libinit$$00000019)
    __rt_lib_init_lc_time_1                  0x00000297   Thumb Code     0  libinit2.o(.ARM.Collect$$libinit$$0000001B)
    __rt_lib_init_return                     0x00000297   Thumb Code     0  libinit2.o(.ARM.Collect$$libinit$$00000035)
    __rt_lib_init_signal_1                   0x00000297   Thumb Code     0  libinit2.o(.ARM.Collect$$libinit$$0000001F)
    __rt_lib_init_stdio_1                    0x00000297   Thumb Code     0  libinit2.o(.ARM.Collect$$libinit$$00000027)
    __rt_lib_shutdown                        0x00000299   Thumb Code     0  libshutdown.o(.ARM.Collect$$libshutdown$$00000000)
    __rt_lib_shutdown_cpp_1                  0x0000029b   Thumb Code     0  libshutdown2.o(.ARM.Collect$$libshutdown$$00000002)
    __rt_lib_shutdown_fp_trap_1              0x0000029b   Thumb Code     0  libshutdown2.o(.ARM.Collect$$libshutdown$$00000007)
    __rt_lib_shutdown_heap_1                 0x0000029b   Thumb Code     0  libshutdown2.o(.ARM.Collect$$libshutdown$$0000000F)
    __rt_lib_shutdown_return                 0x0000029b   Thumb Code     0  libshutdown2.o(.ARM.Collect$$libshutdown$$00000010)
    __rt_lib_shutdown_signal_1               0x0000029b   Thumb Code     0  libshutdown2.o(.ARM.Collect$$libshutdown$$0000000A)
    __rt_lib_shutdown_stdio_1                0x0000029b   Thumb Code     0  libshutdown2.o(.ARM.Collect$$libshutdown$$00000004)
    __rt_lib_shutdown_user_alloc_1           0x0000029b   Thumb Code     0  libshutdown2.o(.ARM.Collect$$libshutdown$$0000000C)
    __rt_entry                               0x0000029d   Thumb Code     0  __rtentry.o(.ARM.Collect$$rtentry$$00000000)
    __rt_entry_presh_1                       0x0000029d   Thumb Code     0  __rtentry2.o(.ARM.Collect$$rtentry$$00000002)
    __rt_entry_sh                            0x0000029d   Thumb Code     0  __rtentry4.o(.ARM.Collect$$rtentry$$00000004)
    __rt_entry_li                            0x000002a3   Thumb Code     0  __rtentry2.o(.ARM.Collect$$rtentry$$0000000A)
    __rt_entry_postsh_1                      0x000002a3   Thumb Code     0  __rtentry2.o(.ARM.Collect$$rtentry$$00000009)
    __rt_entry_main                          0x000002a7   Thumb Code     0  __rtentry2.o(.ARM.Collect$$rtentry$$0000000D)
    __rt_entry_postli_1                      0x000002a7   Thumb Code     0  __rtentry2.o(.ARM.Collect$$rtentry$$0000000C)
    __rt_exit                                0x000002af   Thumb Code     0  rtexit.o(.ARM.Collect$$rtexit$$00000000)
    __rt_exit_ls                             0x000002b1   Thumb Code     0  rtexit2.o(.ARM.Collect$$rtexit$$00000003)
    __rt_exit_prels_1                        0x000002b1   Thumb Code     0  rtexit2.o(.ARM.Collect$$rtexit$$00000002)
    __rt_exit_exit                           0x000002b5   Thumb Code     0  rtexit2.o(.ARM.Collect$$rtexit$$00000004)
    Reset_Handler                            0x000002bd   Thumb Code     8  startup_tm4c129.o(.text)
    NMI_Handler                              0x000002c5   Thumb Code     2  startup_tm4c129.o(.text)
    HardFault_Handler                        0x000002c7   Thumb Code     2  startup_tm4c129.o(.text)
    MemManage_Handler                        0x000002c9   Thumb Code     2  startup_tm4c129.o(.text)
    BusFault_Handler                         0x000002cb   Thumb Code     2  startup_tm4c129.o(.text)
    UsageFault_Handler                       0x000002cd   Thumb Code     2  startup_tm4c129.o(.text)
    SVC_Handler                              0x000002cf   Thumb Code     2  startup_tm4c129.o(.text)
    DebugMon_Handler                         0x000002d1   Thumb Code     2  startup_tm4c129.o(.text)
    PendSV_Handler                           0x000002d3   Thumb Code     2  startup_tm4c129.o(.text)
    SysTick_Handler                          0x000002d5   Thumb Code     2  startup_tm4c129.o(.text)
    GPIOA_Handler                            0x000002d7   Thumb Code     2  startup_tm4c129.o(.text)
    GPIOB_Handler                            0x000002d9   Thumb Code     2  startup_tm4c129.o(.text)
    GPIOC_Handler                            0x000002db   Thumb Code     2  startup_tm4c129.o(.text)
    GPIOD_Handler                            0x000002dd   Thumb Code     2  startup_tm4c129.o(.text)
    GPIOE_Handler                            0x000002df   Thumb Code     2  startup_tm4c129.o(.text)
    UART1_Handler                            0x000002e3   Thumb Code     2  startup_tm4c129.o(.text)
    SSI0_Handler                             0x000002e5   Thumb Code     2  startup_tm4c129.o(.text)
    I2C0_Handler                             0x000002e7   Thumb Code     2  startup_tm4c129.o(.text)
    PMW0_FAULT_Handler                       0x000002e9   Thumb Code     2  startup_tm4c129.o(.text)
    PWM0_0_Handler                           0x000002eb   Thumb Code     2  startup_tm4c129.o(.text)
    PWM0_1_Handler                           0x000002ed   Thumb Code     2  startup_tm4c129.o(.text)
    PWM0_2_Handler                           0x000002ef   Thumb Code     2  startup_tm4c129.o(.text)
    QEI0_Handler                             0x000002f1   Thumb Code     2  startup_tm4c129.o(.text)
    ADC0SS0_Handler                          0x000002f3   Thumb Code     2  startup_tm4c129.o(.text)
    ADC0SS1_Handler                          0x000002f5   Thumb Code     2  startup_tm4c129.o(.text)
    ADC0SS2_Handler                          0x000002f7   Thumb Code     2  startup_tm4c129.o(.text)
    ADC0SS3_Handler                          0x000002f9   Thumb Code     2  startup_tm4c129.o(.text)
    WDT0_Handler                             0x000002fb   Thumb Code     2  startup_tm4c129.o(.text)
    TIMER0A_Handler                          0x000002fd   Thumb Code     2  startup_tm4c129.o(.text)
    TIMER0B_Handler                          0x000002ff   Thumb Code     2  startup_tm4c129.o(.text)
    TIMER1A_Handler                          0x00000301   Thumb Code     2  startup_tm4c129.o(.text)
    TIMER1B_Handler                          0x00000303   Thumb Code     2  startup_tm4c129.o(.text)
    TIMER2A_Handler                          0x00000305   Thumb Code     2  startup_tm4c129.o(.text)
    TIMER2B_Handler                          0x00000307   Thumb Code     2  startup_tm4c129.o(.text)
    COMP0_Handler                            0x00000309   Thumb Code     2  startup_tm4c129.o(.text)
    COMP1_Handler                            0x0000030b   Thumb Code     2  startup_tm4c129.o(.text)
    COMP2_Handler                            0x0000030d   Thumb Code     2  startup_tm4c129.o(.text)
    SYSCTL_Handler                           0x0000030f   Thumb Code     2  startup_tm4c129.o(.text)
    FLASH_Handler                            0x00000311   Thumb Code     2  startup_tm4c129.o(.text)
    GPIOF_Handler                            0x00000313   Thumb Code     2  startup_tm4c129.o(.text)
    GPIOG_Handler                            0x00000315   Thumb Code     2  startup_tm4c129.o(.text)
    GPIOH_Handler                            0x00000317   Thumb Code     2  startup_tm4c129.o(.text)
    UART2_Handler                            0x00000319   Thumb Code     2  startup_tm4c129.o(.text)
    SSI1_Handler                             0x0000031b   Thumb Code     2  startup_tm4c129.o(.text)
    TIMER3A_Handler                          0x0000031d   Thumb Code     2  startup_tm4c129.o(.text)
    TIMER3B_Handler                          0x0000031f   Thumb Code     2  startup_tm4c129.o(.text)
    I2C1_Handler                             0x00000321   Thumb Code     2  startup_tm4c129.o(.text)
    CAN0_Handler                             0x00000323   Thumb Code     2  startup_tm4c129.o(.text)
    CAN1_Handler                             0x00000325   Thumb Code     2  startup_tm4c129.o(.text)
    ETH_Handler                              0x00000327   Thumb Code     2  startup_tm4c129.o(.text)
    HIB_Handler                              0x00000329   Thumb Code     2  startup_tm4c129.o(.text)
    USB0_Handler                             0x0000032b   Thumb Code     2  startup_tm4c129.o(.text)
    PWM0_3_Handler                           0x0000032d   Thumb Code     2  startup_tm4c129.o(.text)
    UDMA_Handler                             0x0000032f   Thumb Code     2  startup_tm4c129.o(.text)
    UDMAERR_Handler                          0x00000331   Thumb Code     2  startup_tm4c129.o(.text)
    ADC1SS0_Handler                          0x00000333   Thumb Code     2  startup_tm4c129.o(.text)
    ADC1SS1_Handler                          0x00000335   Thumb Code     2  startup_tm4c129.o(.text)
    ADC1SS2_Handler                          0x00000337   Thumb Code     2  startup_tm4c129.o(.text)
    ADC1SS3_Handler                          0x00000339   Thumb Code     2  startup_tm4c129.o(.text)
    EBI0_Handler                             0x0000033b   Thumb Code     2  startup_tm4c129.o(.text)
    GPIOJ_Handler                            0x0000033d   Thumb Code     2  startup_tm4c129.o(.text)
    GPIOK_Handler                            0x0000033f   Thumb Code     2  startup_tm4c129.o(.text)
    GPIOL_Handler                            0x00000341   Thumb Code     2  startup_tm4c129.o(.text)
    SSI2_Handler                             0x00000343   Thumb Code     2  startup_tm4c129.o(.text)
    SSI3_Handler                             0x00000345   Thumb Code     2  startup_tm4c129.o(.text)
    UART3_Handler                            0x00000347   Thumb Code     2  startup_tm4c129.o(.text)
    UART5_Handler                            0x0000034b   Thumb Code     2  startup_tm4c129.o(.text)
    UART6_Handler                            0x0000034d   Thumb Code     2  startup_tm4c129.o(.text)
    UART7_Handler                            0x0000034f   Thumb Code     2  startup_tm4c129.o(.text)
    I2C2_Handler                             0x00000351   Thumb Code     2  startup_tm4c129.o(.text)
    I2C3_Handler                             0x00000353   Thumb Code     2  startup_tm4c129.o(.text)
    TIMER4A_Handler                          0x00000355   Thumb Code     2  startup_tm4c129.o(.text)
    TIMER4B_Handler                          0x00000357   Thumb Code     2  startup_tm4c129.o(.text)
    TIMER5A_Handler                          0x00000359   Thumb Code     2  startup_tm4c129.o(.text)
    TIMER5B_Handler                          0x0000035b   Thumb Code     2  startup_tm4c129.o(.text)
    WTIMER0A_Handler                         0x0000035d   Thumb Code     2  startup_tm4c129.o(.text)
    WTIMER0B_Handler                         0x0000035f   Thumb Code     2  startup_tm4c129.o(.text)
    WTIMER1A_Handler                         0x00000361   Thumb Code     2  startup_tm4c129.o(.text)
    WTIMER1B_Handler                         0x00000363   Thumb Code     2  startup_tm4c129.o(.text)
    WTIMER2A_Handler                         0x00000365   Thumb Code     2  startup_tm4c129.o(.text)
    WTIMER2B_Handler                         0x00000367   Thumb Code     2  startup_tm4c129.o(.text)
    WTIMER3A_Handler                         0x00000369   Thumb Code     2  startup_tm4c129.o(.text)
    WTIMER3B_Handler                         0x0000036b   Thumb Code     2  startup_tm4c129.o(.text)
    WTIMER4A_Handler                         0x0000036d   Thumb Code     2  startup_tm4c129.o(.text)
    WTIMER4B_Handler                         0x0000036f   Thumb Code     2  startup_tm4c129.o(.text)
    WTIMER5A_Handler                         0x00000371   Thumb Code     2  startup_tm4c129.o(.text)
    WTIMER5B_Handler                         0x00000373   Thumb Code     2  startup_tm4c129.o(.text)
    FPU_Handler                              0x00000375   Thumb Code     2  startup_tm4c129.o(.text)
    I2C4_Handler                             0x00000377   Thumb Code     2  startup_tm4c129.o(.text)
    I2C5_Handler                             0x00000379   Thumb Code     2  startup_tm4c129.o(.text)
    GPIOM_Handler                            0x0000037b   Thumb Code     2  startup_tm4c129.o(.text)
    GPION_Handler                            0x0000037d   Thumb Code     2  startup_tm4c129.o(.text)
    TAMPER_Handler                           0x0000037f   Thumb Code     2  startup_tm4c129.o(.text)
    GPIOP0_Handler                           0x00000381   Thumb Code     2  startup_tm4c129.o(.text)
    GPIOP1_Handler                           0x00000383   Thumb Code     2  startup_tm4c129.o(.text)
    GPIOP2_Handler                           0x00000385   Thumb Code     2  startup_tm4c129.o(.text)
    GPIOP3_Handler                           0x00000387   Thumb Code     2  startup_tm4c129.o(.text)
    GPIOP4_Handler                           0x00000389   Thumb Code     2  startup_tm4c129.o(.text)
    GPIOP5_Handler                           0x0000038b   Thumb Code     2  startup_tm4c129.o(.text)
    GPIOP6_Handler                           0x0000038d   Thumb Code     2  startup_tm4c129.o(.text)
    GPIOP7_Handler                           0x0000038f   Thumb Code     2  startup_tm4c129.o(.text)
    GPIOQ0_Handler                           0x00000391   Thumb Code     2  startup_tm4c129.o(.text)
    GPIOQ1_Handler                           0x00000393   Thumb Code     2  startup_tm4c129.o(.text)
    GPIOQ2_Handler                           0x00000395   Thumb Code     2  startup_tm4c129.o(.text)
    GPIOQ3_Handler                           0x00000397   Thumb Code     2  startup_tm4c129.o(.text)
    GPIOQ4_Handler                           0x00000399   Thumb Code     2  startup_tm4c129.o(.text)
    GPIOQ5_Handler                           0x0000039b   Thumb Code     2  startup_tm4c129.o(.text)
    GPIOQ6_Handler                           0x0000039d   Thumb Code     2  startup_tm4c129.o(.text)
    GPIOQ7_Handler                           0x0000039f   Thumb Code     2  startup_tm4c129.o(.text)
    GPIOR_Handler                            0x000003a1   Thumb Code     2  startup_tm4c129.o(.text)
    GPIOS_Handler                            0x000003a3   Thumb Code     2  startup_tm4c129.o(.text)
    SHAMD5_Handler                           0x000003a5   Thumb Code     2  startup_tm4c129.o(.text)
    AES_Handler                              0x000003a7   Thumb Code     2  startup_tm4c129.o(.text)
    DES3DES_Handler                          0x000003a9   Thumb Code     2  startup_tm4c129.o(.text)
    LCDCONTROLLER_Handler                    0x000003ab   Thumb Code     2  startup_tm4c129.o(.text)
    TIMER6A_Handler                          0x000003ad   Thumb Code     2  startup_tm4c129.o(.text)
    TIMER6B_Handler                          0x000003af   Thumb Code     2  startup_tm4c129.o(.text)
    TIMER7A_Handler                          0x000003b1   Thumb Code     2  startup_tm4c129.o(.text)
    TIMER7B_Handler                          0x000003b3   Thumb Code     2  startup_tm4c129.o(.text)
    I2C6_Handler                             0x000003b5   Thumb Code     2  startup_tm4c129.o(.text)
    I2C7_Handler                             0x000003b7   Thumb Code     2  startup_tm4c129.o(.text)
    HIMSCANKEYBOARD_Handler                  0x000003b9   Thumb Code     2  startup_tm4c129.o(.text)
    ONEWIRE_Handler                          0x000003bb   Thumb Code     2  startup_tm4c129.o(.text)
    HIMPS2_Handler                           0x000003bd   Thumb Code     2  startup_tm4c129.o(.text)
    HIMLEDSEQUENCER_Handler                  0x000003bf   Thumb Code     2  startup_tm4c129.o(.text)
    HIMCONSUMERIR_Handler                    0x000003c1   Thumb Code     2  startup_tm4c129.o(.text)
    I2C8_Handler                             0x000003c3   Thumb Code     2  startup_tm4c129.o(.text)
    I2C9_Handler                             0x000003c5   Thumb Code     2  startup_tm4c129.o(.text)
    GPIOT_Handler                            0x000003c7   Thumb Code     2  startup_tm4c129.o(.text)
    __user_initial_stackheap                 0x000003c9   Thumb Code     0  startup_tm4c129.o(.text)
    sscanf                                   0x000003e9   Thumb Code    52  sscanf.o(.text)
    __use_two_region_memory                  0x00000425   Thumb Code     2  heapauxi.o(.text)
    __rt_heap_escrow$2region                 0x00000427   Thumb Code     2  heapauxi.o(.text)
    __rt_heap_expand$2region                 0x00000429   Thumb Code     2  heapauxi.o(.text)
    _scanf_longlong                          0x0000042b   Thumb Code   342  _scanf_longlong.o(.text)
    _scanf_int                               0x00000581   Thumb Code   332  _scanf_int.o(.text)
    _scanf_string                            0x000006cd   Thumb Code   224  _scanf_str.o(.text)
    __vfscanf_char                           0x000007b9   Thumb Code    24  scanf_char.o(.text)
    _sgetc                                   0x000007d9   Thumb Code    30  _sgetc.o(.text)
    _sbackspace                              0x000007f7   Thumb Code    34  _sgetc.o(.text)
    _scanf_mbtowc                            0x00000819   Thumb Code   276  _scanf_mbtowc.o(.text)
    _scanf_wctomb                            0x0000092d   Thumb Code   232  _scanf_wctomb.o(.text)
    _scanf_wstring                           0x00000a15   Thumb Code   208  _scanf_wstr.o(.text)
    isspace                                  0x00000ae5   Thumb Code    18  isspace.o(.text)
    _chval                                   0x00000af7   Thumb Code    28  _chval.o(.text)
    __vfscanf                                0x00000b15   Thumb Code   878  _scanf.o(.text)
    _scanf_really_real                       0x000010d5   Thumb Code   684  scanf_fp.o(.text)
    _scanf_wcharmap                          0x00001381   Thumb Code    30  _scanf_wcharmap.o(.text)
    _mbrtoc16                                0x0000139f   Thumb Code    64  _mbrtoc16.o(.text)
    _mbrtowc                                 0x0000139f   Thumb Code     0  _mbrtoc16.o(.text)
    _c16rtomb                                0x000013df   Thumb Code    72  _c16rtomb.o(.text)
    _wcrtomb                                 0x000013df   Thumb Code     0  _c16rtomb.o(.text)
    __user_setup_stackheap                   0x00001427   Thumb Code    74  sys_stackheap_outer.o(.text)
    __rt_ctype_table                         0x00001471   Thumb Code    16  rt_ctype_table.o(.text)
    __rt_locale                              0x00001481   Thumb Code     8  rt_locale_intlibspace.o(.text)
    __aeabi_errno_addr                       0x00001489   Thumb Code     8  rt_errno_addr_intlibspace.o(.text)
    __errno$intlibspace                      0x00001489   Thumb Code     0  rt_errno_addr_intlibspace.o(.text)
    __rt_errno_addr$intlibspace              0x00001489   Thumb Code     0  rt_errno_addr_intlibspace.o(.text)
    __aeabi_llsl                             0x00001491   Thumb Code     0  llshl.o(.text)
    _ll_shift_l                              0x00001491   Thumb Code    38  llshl.o(.text)
    _btod_etento                             0x000014b9   Thumb Code   224  bigflt0.o(.text)
    exit                                     0x0000159d   Thumb Code    18  exit.o(.text)
    __user_libspace                          0x000015b1   Thumb Code     8  libspace.o(.text)
    __user_perproc_libspace                  0x000015b1   Thumb Code     0  libspace.o(.text)
    __user_perthread_libspace                0x000015b1   Thumb Code     0  libspace.o(.text)
    __read_errno                             0x000015b9   Thumb Code    10  _rserrno.o(.text)
    __set_errno                              0x000015c3   Thumb Code    12  _rserrno.o(.text)
    _scanf_really_hex_real                   0x000015d1   Thumb Code   786  scanf_hexfp.o(.text)
    _scanf_really_infnan                     0x000018f1   Thumb Code   292  scanf_infnan.o(.text)
    strcmp                                   0x00001a29   Thumb Code   124  strcmpv7em.o(.text)
    _sys_exit                                0x00001aa5   Thumb Code     8  sys_exit.o(.text)
    __I$use$semihosting                      0x00001ab1   Thumb Code     0  use_no_semi.o(.text)
    __use_no_semihosting_swi                 0x00001ab1   Thumb Code     2  use_no_semi.o(.text)
    __semihosting_library_function           0x00001ab3   Thumb Code     0  indicate_semi.o(.text)
    RedirectOutput                           0x00001ab5   Thumb Code    78  wednesday.o(.text.RedirectOutput)
    SystemInit                               0x00001b05   Thumb Code    36  system_tm4c129.o(.text.SystemInit)
    UART0_Handler                            0x00001b29   Thumb Code    54  wednesday.o(.text.UART0_Handler)
    UART4_Handler                            0x00001b61   Thumb Code    52  wednesday.o(.text.UART4_Handler)
    banner                                   0x00001b95   Thumb Code   150  misc.o(.text.banner)
    enableSerial                             0x00001c2d   Thumb Code   496  generalserial.o(.text.enableSerial)
    main                                     0x00001e1d   Thumb Code    92  main.o(.text.main)
    msDelay                                  0x00001e79   Thumb Code    94  msdelay.o(.text.msDelay)
    read_UART3                               0x00001ed9   Thumb Code    46  main.o(.text.read_UART3)
    setSysClk80MHz                           0x00001f09   Thumb Code   186  sysclock.o(.text.setSysClk80MHz)
    setup_GPIOA                              0x00001fc5   Thumb Code   110  main.o(.text.setup_GPIOA)
    setup_UART3                              0x00002035   Thumb Code   106  main.o(.text.setup_UART3)
    write_UART                               0x000020a1   Thumb Code    48  wednesday.o(.text.write_UART)
    write_UART3                              0x000020d1   Thumb Code    46  main.o(.text.write_UART3)
    __btod_div_common                        0x00002101   Thumb Code   696  btod.o(CL$$btod_div_common)
    _e2d                                     0x00002439   Thumb Code   122  btod.o(CL$$btod_e2d)
    _e2e                                     0x000024bd   Thumb Code   220  btod.o(CL$$btod_e2e)
    _btod_ediv                               0x00002599   Thumb Code    42  btod.o(CL$$btod_ediv)
    _btod_edivd                              0x000025c3   Thumb Code    42  btod.o(CL$$btod_edivd)
    _btod_emul                               0x000025ed   Thumb Code    42  btod.o(CL$$btod_emul)
    _btod_emuld                              0x00002617   Thumb Code    42  btod.o(CL$$btod_emuld)
    __btod_mult_common                       0x00002641   Thumb Code   580  btod.o(CL$$btod_mult_common)
    __hardfp___mathlib_tofloat               0x00002889   Thumb Code   232  narrow.o(i.__hardfp___mathlib_tofloat)
    __hardfp_ldexp                           0x00002981   Thumb Code   200  ldexp.o(i.__hardfp_ldexp)
    __mathlib_dbl_overflow                   0x00002a51   Thumb Code    24  dunder.o(i.__mathlib_dbl_overflow)
    __mathlib_dbl_underflow                  0x00002a71   Thumb Code    24  dunder.o(i.__mathlib_dbl_underflow)
    __mathlib_narrow                         0x00002a91   Thumb Code    18  narrow.o(i.__mathlib_narrow)
    __support_ldexp                          0x00002aa3   Thumb Code    20  ldexp.o(i.__support_ldexp)
    _is_digit                                0x00002ab7   Thumb Code    14  scanf_fp.o(i._is_digit)
    frexp                                    0x00002ac9   Thumb Code   118  frexp.o(i.frexp)
    _get_lc_numeric                          0x00002b55   Thumb Code    44  lc_numeric_c.o(locale$$code)
    _get_lc_ctype                            0x00002b81   Thumb Code    44  lc_ctype_c.o(locale$$code)
    __aeabi_d2f                              0x00002bad   Thumb Code     0  d2f.o(x$fpl$d2f)
    _d2f                                     0x00002bad   Thumb Code    98  d2f.o(x$fpl$d2f)
    __fpl_dcheck_NaN1                        0x00002c11   Thumb Code    10  dcheck1.o(x$fpl$dcheck1)
    __fpl_dcmp_Inf                           0x00002c21   Thumb Code    24  dcmpi.o(x$fpl$dcmpinf)
    __aeabi_cdcmpeq                          0x00002c39   Thumb Code     0  deqf.o(x$fpl$deqf)
    _dcmpeq                                  0x00002c39   Thumb Code   120  deqf.o(x$fpl$deqf)
    __aeabi_cdcmple                          0x00002cb1   Thumb Code     0  dleqf.o(x$fpl$dleqf)
    _dcmple                                  0x00002cb1   Thumb Code   120  dleqf.o(x$fpl$dleqf)
    __fpl_dcmple_InfNaN                      0x00002d13   Thumb Code     0  dleqf.o(x$fpl$dleqf)
    __aeabi_dmul                             0x00002d29   Thumb Code     0  dmul.o(x$fpl$dmul)
    _dmul                                    0x00002d29   Thumb Code   332  dmul.o(x$fpl$dmul)
    __fpl_dnaninf                            0x00002e7d   Thumb Code   156  dnaninf.o(x$fpl$dnaninf)
    __fpl_dretinf                            0x00002f19   Thumb Code    12  dretinf.o(x$fpl$dretinf)
    __aeabi_cdrcmple                         0x00002f25   Thumb Code     0  drleqf.o(x$fpl$drleqf)
    _drcmple                                 0x00002f25   Thumb Code   108  drleqf.o(x$fpl$drleqf)
    _fp_init                                 0x00002f91   Thumb Code    26  fpinit.o(x$fpl$fpinit)
    __fplib_config_fpu_vfp                   0x00002fa9   Thumb Code     0  fpinit.o(x$fpl$fpinit)
    __fplib_config_pureend_doubles           0x00002fa9   Thumb Code     0  fpinit.o(x$fpl$fpinit)
    __fpl_fretinf                            0x00002fab   Thumb Code    10  fretinf.o(x$fpl$fretinf)
    __ieee_status                            0x00002fb5   Thumb Code     6  istatus.o(x$fpl$ieeestatus)
    __fpl_return_NaN                         0x00002fbb   Thumb Code   100  retnan.o(x$fpl$retnan)
    __ARM_scalbn                             0x0000301f   Thumb Code    92  scalbn.o(x$fpl$scalbn)
    _scanf_real                              0x0000307b   Thumb Code     4  scanf1.o(x$fpl$scanf1)
    _scanf_hex_real                          0x0000307f   Thumb Code     4  scanf2.o(x$fpl$scanf2)
    _scanf_infnan                            0x00003083   Thumb Code     4  scanf2.o(x$fpl$scanf2)
    __fpl_cmpreturn                          0x00003087   Thumb Code    48  trapv.o(x$fpl$trapveneer)
    __I$use$fp                               0x000030b6   Number         0  usenofp.o(x$fpl$usenofp)
    Uvalues                                  0x0000314c   Data         192  generalserial.o(.rodata.Uvalues)
    Region$$Table$$Base                      0x00003264   Number         0  anon$$obj.o(Region$$Table)
    Region$$Table$$Limit                     0x00003284   Number         0  anon$$obj.o(Region$$Table)
    __aeabi_HUGE_VAL                         0x00003284   Data           0  fpconst.o(c$$dinf)
    __aeabi_HUGE_VALL                        0x00003284   Data           0  fpconst.o(c$$dinf)
    __aeabi_INFINITY                         0x00003284   Data           0  fpconst.o(c$$dinf)
    __dInf                                   0x00003284   Data           0  fpconst.o(c$$dinf)
    __huge_val                               0x00003284   Data           0  fpconst.o(c$$dinf)
    __dbl_max                                0x0000328c   Data           0  fpconst.o(c$$dmax)
    __ctype                                  0x000032bd   Data           0  lc_ctype_c.o(locale$$data)
    SystemCoreClock                          0x20000000   Data           4  system_tm4c129.o(.data.SystemCoreClock)
    __libspace_start                         0x20000008   Data          96  libspace.o(.bss)
    __temporary_stack_top$libspace           0x20000068   Data           0  libspace.o(.bss)



==============================================================================

Memory Map of the image

  Image Entry point : 0x000002bd

  Load Region LR_1 (Base: 0x00000000, Size: 0x000033c4, Max: 0xffffffff, ABSOLUTE)

    Execution Region ER_RO (Exec base: 0x00000000, Load base: 0x00000000, Size: 0x000033c0, Max: 0xffffffff, ABSOLUTE)

    Exec Addr    Load Addr    Size         Type   Attr      Idx    E Section Name        Object

    0x00000000   0x00000000   0x00000200   Data   RO           22    RESET               startup_tm4c129.o
    0x00000200   0x00000200   0x00000008   Code   RO           86  * !!!main             c_w.l(__main.o)
    0x00000208   0x00000208   0x00000034   Code   RO          456    !!!scatter          c_w.l(__scatter.o)
    0x0000023c   0x0000023c   0x0000001a   Code   RO          458    !!handler_copy      c_w.l(__scatter_copy.o)
    0x00000256   0x00000256   0x00000002   PAD
    0x00000258   0x00000258   0x0000001c   Code   RO          460    !!handler_zi        c_w.l(__scatter_zi.o)
    0x00000274   0x00000274   0x00000002   Code   RO          198    .ARM.Collect$$libinit$$00000000  c_w.l(libinit.o)
    0x00000276   0x00000276   0x00000004   Code   RO          257    .ARM.Collect$$libinit$$00000001  c_w.l(libinit2.o)
    0x0000027a   0x0000027a   0x00000000   Code   RO          260    .ARM.Collect$$libinit$$00000004  c_w.l(libinit2.o)
    0x0000027a   0x0000027a   0x00000000   Code   RO          262    .ARM.Collect$$libinit$$00000006  c_w.l(libinit2.o)
    0x0000027a   0x0000027a   0x00000000   Code   RO          265    .ARM.Collect$$libinit$$0000000C  c_w.l(libinit2.o)
    0x0000027a   0x0000027a   0x00000000   Code   RO          267    .ARM.Collect$$libinit$$0000000E  c_w.l(libinit2.o)
    0x0000027a   0x0000027a   0x00000000   Code   RO          269    .ARM.Collect$$libinit$$00000010  c_w.l(libinit2.o)
    0x0000027a   0x0000027a   0x00000006   Code   RO          270    .ARM.Collect$$libinit$$00000011  c_w.l(libinit2.o)
    0x00000280   0x00000280   0x00000000   Code   RO          272    .ARM.Collect$$libinit$$00000013  c_w.l(libinit2.o)
    0x00000280   0x00000280   0x0000000c   Code   RO          273    .ARM.Collect$$libinit$$00000014  c_w.l(libinit2.o)
    0x0000028c   0x0000028c   0x00000000   Code   RO          274    .ARM.Collect$$libinit$$00000015  c_w.l(libinit2.o)
    0x0000028c   0x0000028c   0x00000000   Code   RO          276    .ARM.Collect$$libinit$$00000017  c_w.l(libinit2.o)
    0x0000028c   0x0000028c   0x0000000a   Code   RO          277    .ARM.Collect$$libinit$$00000018  c_w.l(libinit2.o)
    0x00000296   0x00000296   0x00000000   Code   RO          278    .ARM.Collect$$libinit$$00000019  c_w.l(libinit2.o)
    0x00000296   0x00000296   0x00000000   Code   RO          280    .ARM.Collect$$libinit$$0000001B  c_w.l(libinit2.o)
    0x00000296   0x00000296   0x00000000   Code   RO          282    .ARM.Collect$$libinit$$0000001D  c_w.l(libinit2.o)
    0x00000296   0x00000296   0x00000000   Code   RO          284    .ARM.Collect$$libinit$$0000001F  c_w.l(libinit2.o)
    0x00000296   0x00000296   0x00000000   Code   RO          286    .ARM.Collect$$libinit$$00000021  c_w.l(libinit2.o)
    0x00000296   0x00000296   0x00000000   Code   RO          288    .ARM.Collect$$libinit$$00000023  c_w.l(libinit2.o)
    0x00000296   0x00000296   0x00000000   Code   RO          290    .ARM.Collect$$libinit$$00000025  c_w.l(libinit2.o)
    0x00000296   0x00000296   0x00000000   Code   RO          292    .ARM.Collect$$libinit$$00000027  c_w.l(libinit2.o)
    0x00000296   0x00000296   0x00000000   Code   RO          296    .ARM.Collect$$libinit$$0000002E  c_w.l(libinit2.o)
    0x00000296   0x00000296   0x00000000   Code   RO          298    .ARM.Collect$$libinit$$00000030  c_w.l(libinit2.o)
    0x00000296   0x00000296   0x00000000   Code   RO          300    .ARM.Collect$$libinit$$00000032  c_w.l(libinit2.o)
    0x00000296   0x00000296   0x00000000   Code   RO          302    .ARM.Collect$$libinit$$00000034  c_w.l(libinit2.o)
    0x00000296   0x00000296   0x00000002   Code   RO          303    .ARM.Collect$$libinit$$00000035  c_w.l(libinit2.o)
    0x00000298   0x00000298   0x00000002   Code   RO          358    .ARM.Collect$$libshutdown$$00000000  c_w.l(libshutdown.o)
    0x0000029a   0x0000029a   0x00000000   Code   RO          391    .ARM.Collect$$libshutdown$$00000002  c_w.l(libshutdown2.o)
    0x0000029a   0x0000029a   0x00000000   Code   RO          393    .ARM.Collect$$libshutdown$$00000004  c_w.l(libshutdown2.o)
    0x0000029a   0x0000029a   0x00000000   Code   RO          396    .ARM.Collect$$libshutdown$$00000007  c_w.l(libshutdown2.o)
    0x0000029a   0x0000029a   0x00000000   Code   RO          399    .ARM.Collect$$libshutdown$$0000000A  c_w.l(libshutdown2.o)
    0x0000029a   0x0000029a   0x00000000   Code   RO          401    .ARM.Collect$$libshutdown$$0000000C  c_w.l(libshutdown2.o)
    0x0000029a   0x0000029a   0x00000000   Code   RO          404    .ARM.Collect$$libshutdown$$0000000F  c_w.l(libshutdown2.o)
    0x0000029a   0x0000029a   0x00000002   Code   RO          405    .ARM.Collect$$libshutdown$$00000010  c_w.l(libshutdown2.o)
    0x0000029c   0x0000029c   0x00000000   Code   RO           88    .ARM.Collect$$rtentry$$00000000  c_w.l(__rtentry.o)
    0x0000029c   0x0000029c   0x00000000   Code   RO          108    .ARM.Collect$$rtentry$$00000002  c_w.l(__rtentry2.o)
    0x0000029c   0x0000029c   0x00000006   Code   RO          120    .ARM.Collect$$rtentry$$00000004  c_w.l(__rtentry4.o)
    0x000002a2   0x000002a2   0x00000000   Code   RO          110    .ARM.Collect$$rtentry$$00000009  c_w.l(__rtentry2.o)
    0x000002a2   0x000002a2   0x00000004   Code   RO          111    .ARM.Collect$$rtentry$$0000000A  c_w.l(__rtentry2.o)
    0x000002a6   0x000002a6   0x00000000   Code   RO          113    .ARM.Collect$$rtentry$$0000000C  c_w.l(__rtentry2.o)
    0x000002a6   0x000002a6   0x00000008   Code   RO          114    .ARM.Collect$$rtentry$$0000000D  c_w.l(__rtentry2.o)
    0x000002ae   0x000002ae   0x00000002   Code   RO          223    .ARM.Collect$$rtexit$$00000000  c_w.l(rtexit.o)
    0x000002b0   0x000002b0   0x00000000   Code   RO          317    .ARM.Collect$$rtexit$$00000002  c_w.l(rtexit2.o)
    0x000002b0   0x000002b0   0x00000004   Code   RO          318    .ARM.Collect$$rtexit$$00000003  c_w.l(rtexit2.o)
    0x000002b4   0x000002b4   0x00000006   Code   RO          319    .ARM.Collect$$rtexit$$00000004  c_w.l(rtexit2.o)
    0x000002ba   0x000002ba   0x00000002   PAD
    0x000002bc   0x000002bc   0x0000012c   Code   RO           23  * .text               startup_tm4c129.o
    0x000003e8   0x000003e8   0x0000003c   Code   RO           82    .text               c_w.l(sscanf.o)
    0x00000424   0x00000424   0x00000006   Code   RO           84    .text               c_w.l(heapauxi.o)
    0x0000042a   0x0000042a   0x00000156   Code   RO           89    .text               c_w.l(_scanf_longlong.o)
    0x00000580   0x00000580   0x0000014c   Code   RO           91    .text               c_w.l(_scanf_int.o)
    0x000006cc   0x000006cc   0x000000e0   Code   RO           93    .text               c_w.l(_scanf_str.o)
    0x000007ac   0x000007ac   0x0000002c   Code   RO           95    .text               c_w.l(scanf_char.o)
    0x000007d8   0x000007d8   0x00000040   Code   RO           97    .text               c_w.l(_sgetc.o)
    0x00000818   0x00000818   0x00000114   Code   RO           99    .text               c_w.l(_scanf_mbtowc.o)
    0x0000092c   0x0000092c   0x000000e8   Code   RO          101    .text               c_w.l(_scanf_wctomb.o)
    0x00000a14   0x00000a14   0x000000d0   Code   RO          103    .text               c_w.l(_scanf_wstr.o)
    0x00000ae4   0x00000ae4   0x00000012   Code   RO          122    .text               c_w.l(isspace.o)
    0x00000af6   0x00000af6   0x0000001c   Code   RO          124    .text               c_w.l(_chval.o)
    0x00000b12   0x00000b12   0x00000002   PAD
    0x00000b14   0x00000b14   0x00000374   Code   RO          126    .text               c_w.l(_scanf.o)
    0x00000e88   0x00000e88   0x000004f8   Code   RO          128    .text               c_w.l(scanf_fp.o)
    0x00001380   0x00001380   0x0000001e   Code   RO          134    .text               c_w.l(_scanf_wcharmap.o)
    0x0000139e   0x0000139e   0x00000040   Code   RO          136    .text               c_w.l(_mbrtoc16.o)
    0x000013de   0x000013de   0x00000048   Code   RO          138    .text               c_w.l(_c16rtomb.o)
    0x00001426   0x00001426   0x0000004a   Code   RO          140    .text               c_w.l(sys_stackheap_outer.o)
    0x00001470   0x00001470   0x00000010   Code   RO          142    .text               c_w.l(rt_ctype_table.o)
    0x00001480   0x00001480   0x00000008   Code   RO          147    .text               c_w.l(rt_locale_intlibspace.o)
    0x00001488   0x00001488   0x00000008   Code   RO          152    .text               c_w.l(rt_errno_addr_intlibspace.o)
    0x00001490   0x00001490   0x00000026   Code   RO          154    .text               c_w.l(llshl.o)
    0x000014b6   0x000014b6   0x00000002   PAD
    0x000014b8   0x000014b8   0x000000e4   Code   RO          158    .text               c_w.l(bigflt0.o)
    0x0000159c   0x0000159c   0x00000012   Code   RO          189    .text               c_w.l(exit.o)
    0x000015ae   0x000015ae   0x00000002   PAD
    0x000015b0   0x000015b0   0x00000008   Code   RO          220    .text               c_w.l(libspace.o)
    0x000015b8   0x000015b8   0x00000016   Code   RO          225    .text               c_w.l(_rserrno.o)
    0x000015ce   0x000015ce   0x00000002   PAD
    0x000015d0   0x000015d0   0x00000320   Code   RO          246    .text               c_w.l(scanf_hexfp.o)
    0x000018f0   0x000018f0   0x00000134   Code   RO          248    .text               c_w.l(scanf_infnan.o)
    0x00001a24   0x00001a24   0x00000004   PAD
    0x00001a28   0x00001a28   0x0000007c   Code   RO          255    .text               c_w.l(strcmpv7em.o)
    0x00001aa4   0x00001aa4   0x0000000c   Code   RO          348    .text               c_w.l(sys_exit.o)
    0x00001ab0   0x00001ab0   0x00000002   Code   RO          381    .text               c_w.l(use_no_semi.o)
    0x00001ab2   0x00001ab2   0x00000000   Code   RO          383    .text               c_w.l(indicate_semi.o)
    0x00001ab2   0x00001ab2   0x00000002   PAD
    0x00001ab4   0x00001ab4   0x0000004e   Code   RO           58    .text.RedirectOutput  Lab2_Wed.lib(wednesday.o)
    0x00001b02   0x00001b02   0x00000002   PAD
    0x00001b04   0x00001b04   0x00000024   Code   RO           32    .text.SystemInit    system_tm4c129.o
    0x00001b28   0x00001b28   0x00000036   Code   RO           60    .text.UART0_Handler  Lab2_Wed.lib(wednesday.o)
    0x00001b5e   0x00001b5e   0x00000002   PAD
    0x00001b60   0x00001b60   0x00000034   Code   RO           62    .text.UART4_Handler  Lab2_Wed.lib(wednesday.o)
    0x00001b94   0x00001b94   0x00000096   Code   RO           46    .text.banner        Lab2_Wed.lib(misc.o)
    0x00001c2a   0x00001c2a   0x00000002   PAD
    0x00001c2c   0x00001c2c   0x000001f0   Code   RO           75    .text.enableSerial  Lab2_Wed.lib(generalserial.o)
    0x00001e1c   0x00001e1c   0x0000005c   Code   RO           10    .text.main          main.o
    0x00001e78   0x00001e78   0x0000005e   Code   RO           67    .text.msDelay       Lab2_Wed.lib(msdelay.o)
    0x00001ed6   0x00001ed6   0x00000002   PAD
    0x00001ed8   0x00001ed8   0x0000002e   Code   RO            6    .text.read_UART3    main.o
    0x00001f06   0x00001f06   0x00000002   PAD
    0x00001f08   0x00001f08   0x000000ba   Code   RO           42    .text.setSysClk80MHz  Lab2_Wed.lib(sysclock.o)
    0x00001fc2   0x00001fc2   0x00000002   PAD
    0x00001fc4   0x00001fc4   0x0000006e   Code   RO            2    .text.setup_GPIOA   main.o
    0x00002032   0x00002032   0x00000002   PAD
    0x00002034   0x00002034   0x0000006a   Code   RO            4    .text.setup_UART3   main.o
    0x0000209e   0x0000209e   0x00000002   PAD
    0x000020a0   0x000020a0   0x00000030   Code   RO           56    .text.write_UART    Lab2_Wed.lib(wednesday.o)
    0x000020d0   0x000020d0   0x0000002e   Code   RO            8    .text.write_UART3   main.o
    0x000020fe   0x000020fe   0x00000002   PAD
    0x00002100   0x00002100   0x00000338   Code   RO          171    CL$$btod_div_common  c_w.l(btod.o)
    0x00002438   0x00002438   0x00000084   Code   RO          169    CL$$btod_e2d        c_w.l(btod.o)
    0x000024bc   0x000024bc   0x000000dc   Code   RO          168    CL$$btod_e2e        c_w.l(btod.o)
    0x00002598   0x00002598   0x0000002a   Code   RO          165    CL$$btod_ediv       c_w.l(btod.o)
    0x000025c2   0x000025c2   0x0000002a   Code   RO          167    CL$$btod_edivd      c_w.l(btod.o)
    0x000025ec   0x000025ec   0x0000002a   Code   RO          164    CL$$btod_emul       c_w.l(btod.o)
    0x00002616   0x00002616   0x0000002a   Code   RO          166    CL$$btod_emuld      c_w.l(btod.o)
    0x00002640   0x00002640   0x00000244   Code   RO          170    CL$$btod_mult_common  c_w.l(btod.o)
    0x00002884   0x00002884   0x00000004   PAD
    0x00002888   0x00002888   0x000000f8   Code   RO          212    i.__hardfp___mathlib_tofloat  m_wm.l(narrow.o)
    0x00002980   0x00002980   0x000000d0   Code   RO          340    i.__hardfp_ldexp    m_wm.l(ldexp.o)
    0x00002a50   0x00002a50   0x00000020   Code   RO          367    i.__mathlib_dbl_overflow  m_wm.l(dunder.o)
    0x00002a70   0x00002a70   0x00000020   Code   RO          369    i.__mathlib_dbl_underflow  m_wm.l(dunder.o)
    0x00002a90   0x00002a90   0x00000012   Code   RO          213    i.__mathlib_narrow  m_wm.l(narrow.o)
    0x00002aa2   0x00002aa2   0x00000014   Code   RO          342    i.__support_ldexp   m_wm.l(ldexp.o)
    0x00002ab6   0x00002ab6   0x0000000e   Code   RO          130    i._is_digit         c_w.l(scanf_fp.o)
    0x00002ac4   0x00002ac4   0x00000004   PAD
    0x00002ac8   0x00002ac8   0x0000008c   Code   RO          312    i.frexp             m_wm.l(frexp.o)
    0x00002b54   0x00002b54   0x0000002c   Code   RO          187    locale$$code        c_w.l(lc_numeric_c.o)
    0x00002b80   0x00002b80   0x0000002c   Code   RO          253    locale$$code        c_w.l(lc_ctype_c.o)
    0x00002bac   0x00002bac   0x00000062   Code   RO          304    x$fpl$d2f           fz_wm.l(d2f.o)
    0x00002c0e   0x00002c0e   0x00000002   PAD
    0x00002c10   0x00002c10   0x00000010   Code   RO          412    x$fpl$dcheck1       fz_wm.l(dcheck1.o)
    0x00002c20   0x00002c20   0x00000018   Code   RO          328    x$fpl$dcmpinf       fz_wm.l(dcmpi.o)
    0x00002c38   0x00002c38   0x00000078   Code   RO          306    x$fpl$deqf          fz_wm.l(deqf.o)
    0x00002cb0   0x00002cb0   0x00000078   Code   RO          330    x$fpl$dleqf         fz_wm.l(dleqf.o)
    0x00002d28   0x00002d28   0x00000154   Code   RO          332    x$fpl$dmul          fz_wm.l(dmul.o)
    0x00002e7c   0x00002e7c   0x0000009c   Code   RO          334    x$fpl$dnaninf       fz_wm.l(dnaninf.o)
    0x00002f18   0x00002f18   0x0000000c   Code   RO          359    x$fpl$dretinf       fz_wm.l(dretinf.o)
    0x00002f24   0x00002f24   0x0000006c   Code   RO          308    x$fpl$drleqf        fz_wm.l(drleqf.o)
    0x00002f90   0x00002f90   0x0000001a   Code   RO          336    x$fpl$fpinit        fz_wm.l(fpinit.o)
    0x00002faa   0x00002faa   0x0000000a   Code   RO          338    x$fpl$fretinf       fz_wm.l(fretinf.o)
    0x00002fb4   0x00002fb4   0x00000006   Code   RO          203    x$fpl$ieeestatus    fz_wm.l(istatus.o)
    0x00002fba   0x00002fba   0x00000064   Code   RO          424    x$fpl$retnan        fz_wm.l(retnan.o)
    0x0000301e   0x0000301e   0x0000005c   Code   RO          361    x$fpl$scalbn        fz_wm.l(scalbn.o)
    0x0000307a   0x0000307a   0x00000004   Code   RO          105    x$fpl$scanf1        fz_wm.l(scanf1.o)
    0x0000307e   0x0000307e   0x00000008   Code   RO          205    x$fpl$scanf2        fz_wm.l(scanf2.o)
    0x00003086   0x00003086   0x00000030   Code   RO          430    x$fpl$trapveneer    fz_wm.l(trapv.o)
    0x000030b6   0x000030b6   0x00000000   Code   RO          211    x$fpl$usenofp       fz_wm.l(usenofp.o)
    0x000030b6   0x000030b6   0x00000002   PAD
    0x000030b8   0x000030b8   0x00000094   Data   RO          159    .constdata          c_w.l(bigflt0.o)
    0x0000314c   0x0000314c   0x000000c0   Data   RO           77    .rodata.Uvalues     Lab2_Wed.lib(generalserial.o)
    0x0000320c   0x0000320c   0x0000003d   Data   RO           12    .rodata.str1.1      main.o
    0x00003249   0x00003249   0x0000000c   Data   RO           64    .rodata.str1.1      Lab2_Wed.lib(wednesday.o)
    0x00003255   0x00003255   0x0000000c   Data   RO           78    .rodata.str1.1      Lab2_Wed.lib(generalserial.o)
    0x00003261   0x00003261   0x00000003   PAD
    0x00003264   0x00003264   0x00000020   Data   RO          455    Region$$Table       anon$$obj.o
    0x00003284   0x00003284   0x00000008   Data   RO          199    c$$dinf             fz_wm.l(fpconst.o)
    0x0000328c   0x0000328c   0x00000008   Data   RO          202    c$$dmax             fz_wm.l(fpconst.o)
    0x00003294   0x00003294   0x0000001c   Data   RO          186    locale$$data        c_w.l(lc_numeric_c.o)
    0x000032b0   0x000032b0   0x00000110   Data   RO          252    locale$$data        c_w.l(lc_ctype_c.o)


    Execution Region ER_RW (Exec base: 0x20000000, Load base: 0x000033c0, Size: 0x00000004, Max: 0xffffffff, ABSOLUTE)

    Exec Addr    Load Addr    Size         Type   Attr      Idx    E Section Name        Object

    0x20000000   0x000033c0   0x00000004   Data   RW           34    .data.SystemCoreClock  system_tm4c129.o


    Execution Region ER_ZI (Exec base: 0x20000008, Load base: 0x000033c4, Size: 0x00000260, Max: 0xffffffff, ABSOLUTE)

    Exec Addr    Load Addr    Size         Type   Attr      Idx    E Section Name        Object

    0x20000008        -       0x00000060   Zero   RW          221    .bss                c_w.l(libspace.o)
    0x20000068        -       0x00000000   Zero   RW           21    HEAP                startup_tm4c129.o
    0x20000068        -       0x00000200   Zero   RW           20    STACK               startup_tm4c129.o


==============================================================================

Image component sizes


      Code (inc. data)   RO Data    RW Data    ZI Data      Debug   Object Name

       400          0         61          0          0       7933   main.o
       300         22        512          0        512       6056   startup_tm4c129.o
        36          0          0          4          0       1398   system_tm4c129.o

    ----------------------------------------------------------------------
       744         22        605          4        512      15387   Object Totals
         0          0         32          0          0          0   (incl. Generated)
         8          0          0          0          0          0   (incl. Padding)

    ----------------------------------------------------------------------

      Code (inc. data)   RO Data    RW Data    ZI Data      Debug   Library Member Name

       496         52        204          0          0         88   generalserial.o
       150          0          0          0          0         48   misc.o
        94          0          0          0          0         40   msdelay.o
       186          0          0          0          0         36   sysclock.o
       232          0         12          0          0        180   wednesday.o
         8          0          0          0          0         68   __main.o
         0          0          0          0          0          0   __rtentry.o
        12          0          0          0          0          0   __rtentry2.o
         6          0          0          0          0          0   __rtentry4.o
        52          8          0          0          0          0   __scatter.o
        26          0          0          0          0          0   __scatter_copy.o
        28          0          0          0          0          0   __scatter_zi.o
        72          0          0          0          0         96   _c16rtomb.o
        28          0          0          0          0         68   _chval.o
        64          0          0          0          0         84   _mbrtoc16.o
        22          0          0          0          0        100   _rserrno.o
       884          6          0          0          0        100   _scanf.o
       332          0          0          0          0         96   _scanf_int.o
       342          0          0          0          0        100   _scanf_longlong.o
       276          0          0          0          0        100   _scanf_mbtowc.o
       224          0          0          0          0         96   _scanf_str.o
        30          0          0          0          0         76   _scanf_wcharmap.o
       232          0          0          0          0        100   _scanf_wctomb.o
       208          0          0          0          0         96   _scanf_wstr.o
        64          0          0          0          0         84   _sgetc.o
       228          4        148          0          0         96   bigflt0.o
      1924        136          0          0          0        752   btod.o
        18          0          0          0          0         80   exit.o
         6          0          0          0          0        152   heapauxi.o
         0          0          0          0          0          0   indicate_semi.o
        18          0          0          0          0         76   isspace.o
        44         10        272          0          0         76   lc_ctype_c.o
        44         10         28          0          0         76   lc_numeric_c.o
         2          0          0          0          0          0   libinit.o
        34          0          0          0          0          0   libinit2.o
         2          0          0          0          0          0   libshutdown.o
         2          0          0          0          0          0   libshutdown2.o
         8          4          0          0         96         68   libspace.o
        38          0          0          0          0         68   llshl.o
        16          4          0          0          0         76   rt_ctype_table.o
         8          4          0          0          0         68   rt_errno_addr_intlibspace.o
         8          4          0          0          0         68   rt_locale_intlibspace.o
         2          0          0          0          0          0   rtexit.o
        10          0          0          0          0          0   rtexit2.o
        44          8          0          0          0         84   scanf_char.o
      1286         16          0          0          0        236   scanf_fp.o
       800         14          0          0          0        100   scanf_hexfp.o
       308         16          0          0          0        100   scanf_infnan.o
        60          8          0          0          0         84   sscanf.o
       124          0          0          0          0         88   strcmpv7em.o
        12          4          0          0          0         68   sys_exit.o
        74          0          0          0          0         80   sys_stackheap_outer.o
         2          0          0          0          0         68   use_no_semi.o
        98          4          0          0          0        140   d2f.o
        16          4          0          0          0        116   dcheck1.o
        24          0          0          0          0        116   dcmpi.o
       120          4          0          0          0        140   deqf.o
       120          4          0          0          0        140   dleqf.o
       340         12          0          0          0        152   dmul.o
       156          4          0          0          0        140   dnaninf.o
        12          0          0          0          0        116   dretinf.o
       108          0          0          0          0        128   drleqf.o
         0          0         16          0          0          0   fpconst.o
        26          0          0          0          0        116   fpinit.o
        10          0          0          0          0        116   fretinf.o
         6          0          0          0          0        116   istatus.o
       100          0          0          0          0        116   retnan.o
        92          0          0          0          0        116   scalbn.o
         4          0          0          0          0        116   scanf1.o
         8          0          0          0          0        132   scanf2.o
        48          0          0          0          0        116   trapv.o
         0          0          0          0          0          0   usenofp.o
        64         16          0          0          0        248   dunder.o
       140         22          0          0          0        132   frexp.o
       228          8          0          0          0        308   ldexp.o
       266         16          0          0          0        308   narrow.o

    ----------------------------------------------------------------------
     11216        406        683          0         96       7348   Library Totals
        40          4          3          0          0          0   (incl. Padding)

    ----------------------------------------------------------------------

      Code (inc. data)   RO Data    RW Data    ZI Data      Debug   Library Name

      1158         52        216          0          0        392   Lab2_Wed.lib
      8032        256        448          0         96       3828   c_w.l
      1288         32         16          0          0       2132   fz_wm.l
       698         62          0          0          0        996   m_wm.l

    ----------------------------------------------------------------------
     11216        406        683          0         96       7348   Library Totals

    ----------------------------------------------------------------------

==============================================================================


      Code (inc. data)   RO Data    RW Data    ZI Data      Debug   

     11960        428       1288          4        608      18387   Grand Totals
     11960        428       1288          4        608      18387   ELF Image Totals
     11960        428       1288          4          0          0   ROM Totals

==============================================================================

    Total RO  Size (Code + RO Data)                13248 (  12.94kB)
    Total RW  Size (RW Data + ZI Data)               612 (   0.60kB)
    Total ROM Size (Code + RO Data + RW Data)      13252 (  12.94kB)

==============================================================================

