<html>
<body>
<pre>
<h1>µVision Build Log</h1>
<h2>Tool Versions:</h2>
IDE-Version: µVision V5.38.0.0
Copyright (C) 2022 ARM Ltd and ARM Germany GmbH. All rights reserved.
License Information: Student Griffith, Griffith University, LIC=----
 
Tool Versions:
Toolchain:       MDK-Lite  Version: 5.38.0.0
Toolchain Path:  C:\Keil_v5\ARM\ARMCLANG\Bin
C Compiler:      ArmClang.exe V6.19
Assembler:       Armasm.exe V6.19
Linker/Locator:  ArmLink.exe V6.19
Library Manager: ArmAr.exe V6.19
Hex Converter:   FromElf.exe V6.19
CPU DLL:         SARMCM3.DLL V5.38.0.0
Dialog DLL:      DCM.DLL V1.17.5.0
Target DLL:      lmidk-agdi.dll V???
Dialog DLL:      TCM.DLL V1.56.4.0
 
<h2>Project:</h2>
C:\Users\s5178735\Documents\2303ENG-Embedded-Systems\Project\Project.uvprojx
Project File Date:  09/22/2025

<h2>Output:</h2>
*** Using Compiler 'V6.19', folder: 'C:\Keil_v5\ARM\ARMCLANG\Bin'
Rebuild target 'Target 1'
RTE/Device/TM4C1294NCPDT/system_TM4C129.c(14): warning: In file included from...
C:/Keil_v5/ARM/Packs/Keil/TM4C_DFP/1.1.0/Device/Include/TM4C129\TM4C129.h(26): warning: In file included from...
C:/Keil_v5/ARM/Packs/Keil/TM4C_DFP/1.1.0/Device/Include/TM4C129/TM4C1294NCPDT.h(279): warning: anonymous unions are a C11 extension [-Wc11-extensions]
  union {
  ^
C:/Keil_v5/ARM/Packs/Keil/TM4C_DFP/1.1.0/Device/Include/TM4C129/TM4C1294NCPDT.h(319): warning: anonymous unions are a C11 extension [-Wc11-extensions]
  union {
  ^
C:/Keil_v5/ARM/Packs/Keil/TM4C_DFP/1.1.0/Device/Include/TM4C129/TM4C1294NCPDT.h(338): warning: anonymous unions are a C11 extension [-Wc11-extensions]
  union {
  ^
C:/Keil_v5/ARM/Packs/Keil/TM4C_DFP/1.1.0/Device/Include/TM4C129/TM4C1294NCPDT.h(671): warning: anonymous unions are a C11 extension [-Wc11-extensions]
  union {
  ^
C:/Keil_v5/ARM/Packs/Keil/TM4C_DFP/1.1.0/Device/Include/TM4C129/TM4C1294NCPDT.h(687): warning: anonymous unions are a C11 extension [-Wc11-extensions]
  union {
  ^
C:/Keil_v5/ARM/Packs/Keil/TM4C_DFP/1.1.0/Device/Include/TM4C129/TM4C1294NCPDT.h(732): warning: anonymous unions are a C11 extension [-Wc11-extensions]
  union {
  ^
C:/Keil_v5/ARM/Packs/Keil/TM4C_DFP/1.1.0/Device/Include/TM4C129/TM4C1294NCPDT.h(737): warning: anonymous unions are a C11 extension [-Wc11-extensions]
  union {
  ^
C:/Keil_v5/ARM/Packs/Keil/TM4C_DFP/1.1.0/Device/Include/TM4C129/TM4C1294NCPDT.h(839): warning: anonymous unions are a C11 extension [-Wc11-extensions]
  union {
  ^
C:/Keil_v5/ARM/Packs/Keil/TM4C_DFP/1.1.0/Device/Include/TM4C129/TM4C1294NCPDT.h(852): warning: anonymous unions are a C11 extension [-Wc11-extensions]
  union {
  ^
C:/Keil_v5/ARM/Packs/Keil/TM4C_DFP/1.1.0/Device/Include/TM4C129/TM4C1294NCPDT.h(859): warning: anonymous unions are a C11 extension [-Wc11-extensions]
  union {
  ^
C:/Keil_v5/ARM/Packs/Keil/TM4C_DFP/1.1.0/Device/Include/TM4C129/TM4C1294NCPDT.h(864): warning: anonymous unions are a C11 extension [-Wc11-extensions]
  union {
  ^
C:/Keil_v5/ARM/Packs/Keil/TM4C_DFP/1.1.0/Device/Include/TM4C129/TM4C1294NCPDT.h(871): warning: anonymous unions are a C11 extension [-Wc11-extensions]
  union {
  ^
C:/Keil_v5/ARM/Packs/Keil/TM4C_DFP/1.1.0/Device/Include/TM4C129/TM4C1294NCPDT.h(877): warning: anonymous unions are a C11 extension [-Wc11-extensions]
  union {
  ^
C:/Keil_v5/ARM/Packs/Keil/TM4C_DFP/1.1.0/Device/Include/TM4C129/TM4C1294NCPDT.h(884): warning: anonymous unions are a C11 extension [-Wc11-extensions]
  union {
  ^
C:/Keil_v5/ARM/Packs/Keil/TM4C_DFP/1.1.0/Device/Include/TM4C129/TM4C1294NCPDT.h(891): warning: anonymous unions are a C11 extension [-Wc11-extensions]
  union {
  ^
C:/Keil_v5/ARM/Packs/Keil/TM4C_DFP/1.1.0/Device/Include/TM4C129/TM4C1294NCPDT.h(896): warning: anonymous unions are a C11 extension [-Wc11-extensions]
  union {
  ^
C:/Keil_v5/ARM/Packs/Keil/TM4C_DFP/1.1.0/Device/Include/TM4C129/TM4C1294NCPDT.h(903): warning: anonymous unions are a C11 extension [-Wc11-extensions]
  union {
  ^
C:/Keil_v5/ARM/Packs/Keil/TM4C_DFP/1.1.0/Device/Include/TM4C129/TM4C1294NCPDT.h(909): warning: anonymous unions are a C11 extension [-Wc11-extensions]
  union {
  ^
C:/Keil_v5/ARM/Packs/Keil/TM4C_DFP/1.1.0/Device/Include/TM4C129/TM4C1294NCPDT.h(916): warning: anonymous unions are a C11 extension [-Wc11-extensions]
  union {
  ^
C:/Keil_v5/ARM/Packs/Keil/TM4C_DFP/1.1.0/Device/Include/TM4C129/TM4C1294NCPDT.h(923): warning: anonymous unions are a C11 extension [-Wc11-extensions]
  union {
  ^
C:/Keil_v5/ARM/Packs/Keil/TM4C_DFP/1.1.0/Device/Include/TM4C129/TM4C1294NCPDT.h(928): warning: anonymous unions are a C11 extension [-Wc11-extensions]
  union {
  ^
C:/Keil_v5/ARM/Packs/Keil/TM4C_DFP/1.1.0/Device/Include/TM4C129/TM4C1294NCPDT.h(935): warning: anonymous unions are a C11 extension [-Wc11-extensions]
  union {
  ^
C:/Keil_v5/ARM/Packs/Keil/TM4C_DFP/1.1.0/Device/Include/TM4C129/TM4C1294NCPDT.h(941): warning: anonymous unions are a C11 extension [-Wc11-extensions]
  union {
  ^
C:/Keil_v5/ARM/Packs/Keil/TM4C_DFP/1.1.0/Device/Include/TM4C129/TM4C1294NCPDT.h(948): warning: anonymous unions are a C11 extension [-Wc11-extensions]
  union {
  ^
C:/Keil_v5/ARM/Packs/Keil/TM4C_DFP/1.1.0/Device/Include/TM4C129/TM4C1294NCPDT.h(955): warning: anonymous unions are a C11 extension [-Wc11-extensions]
  union {
  ^
C:/Keil_v5/ARM/Packs/Keil/TM4C_DFP/1.1.0/Device/Include/TM4C129/TM4C1294NCPDT.h(960): warning: anonymous unions are a C11 extension [-Wc11-extensions]
  union {
  ^
C:/Keil_v5/ARM/Packs/Keil/TM4C_DFP/1.1.0/Device/Include/TM4C129/TM4C1294NCPDT.h(967): warning: anonymous unions are a C11 extension [-Wc11-extensions]
  union {
  ^
C:/Keil_v5/ARM/Packs/Keil/TM4C_DFP/1.1.0/Device/Include/TM4C129/TM4C1294NCPDT.h(973): warning: anonymous unions are a C11 extension [-Wc11-extensions]
  union {
  ^
C:/Keil_v5/ARM/Packs/Keil/TM4C_DFP/1.1.0/Device/Include/TM4C129/TM4C1294NCPDT.h(980): warning: anonymous unions are a C11 extension [-Wc11-extensions]
  union {
  ^
C:/Keil_v5/ARM/Packs/Keil/TM4C_DFP/1.1.0/Device/Include/TM4C129/TM4C1294NCPDT.h(987): warning: anonymous unions are a C11 extension [-Wc11-extensions]
  union {
  ^
C:/Keil_v5/ARM/Packs/Keil/TM4C_DFP/1.1.0/Device/Include/TM4C129/TM4C1294NCPDT.h(992): warning: anonymous unions are a C11 extension [-Wc11-extensions]
  union {
  ^
C:/Keil_v5/ARM/Packs/Keil/TM4C_DFP/1.1.0/Device/Include/TM4C129/TM4C1294NCPDT.h(999): warning: anonymous unions are a C11 extension [-Wc11-extensions]
  union {
  ^
C:/Keil_v5/ARM/Packs/Keil/TM4C_DFP/1.1.0/Device/Include/TM4C129/TM4C1294NCPDT.h(1005): warning: anonymous unions are a C11 extension [-Wc11-extensions]
  union {
  ^
C:/Keil_v5/ARM/Packs/Keil/TM4C_DFP/1.1.0/Device/Include/TM4C129/TM4C1294NCPDT.h(1012): warning: anonymous unions are a C11 extension [-Wc11-extensions]
  union {
  ^
C:/Keil_v5/ARM/Packs/Keil/TM4C_DFP/1.1.0/Device/Include/TM4C129/TM4C1294NCPDT.h(1019): warning: anonymous unions are a C11 extension [-Wc11-extensions]
  union {
  ^
C:/Keil_v5/ARM/Packs/Keil/TM4C_DFP/1.1.0/Device/Include/TM4C129/TM4C1294NCPDT.h(1024): warning: anonymous unions are a C11 extension [-Wc11-extensions]
  union {
  ^
C:/Keil_v5/ARM/Packs/Keil/TM4C_DFP/1.1.0/Device/Include/TM4C129/TM4C1294NCPDT.h(1031): warning: anonymous unions are a C11 extension [-Wc11-extensions]
  union {
  ^
C:/Keil_v5/ARM/Packs/Keil/TM4C_DFP/1.1.0/Device/Include/TM4C129/TM4C1294NCPDT.h(1037): warning: anonymous unions are a C11 extension [-Wc11-extensions]
  union {
  ^
C:/Keil_v5/ARM/Packs/Keil/TM4C_DFP/1.1.0/Device/Include/TM4C129/TM4C1294NCPDT.h(1044): warning: anonymous unions are a C11 extension [-Wc11-extensions]
  union {
  ^
C:/Keil_v5/ARM/Packs/Keil/TM4C_DFP/1.1.0/Device/Include/TM4C129/TM4C1294NCPDT.h(1051): warning: anonymous unions are a C11 extension [-Wc11-extensions]
  union {
  ^
C:/Keil_v5/ARM/Packs/Keil/TM4C_DFP/1.1.0/Device/Include/TM4C129/TM4C1294NCPDT.h(1056): warning: anonymous unions are a C11 extension [-Wc11-extensions]
  union {
  ^
C:/Keil_v5/ARM/Packs/Keil/TM4C_DFP/1.1.0/Device/Include/TM4C129/TM4C1294NCPDT.h(1063): warning: anonymous unions are a C11 extension [-Wc11-extensions]
  union {
  ^
C:/Keil_v5/ARM/Packs/Keil/TM4C_DFP/1.1.0/Device/Include/TM4C129/TM4C1294NCPDT.h(1069): warning: anonymous unions are a C11 extension [-Wc11-extensions]
  union {
  ^
C:/Keil_v5/ARM/Packs/Keil/TM4C_DFP/1.1.0/Device/Include/TM4C129/TM4C1294NCPDT.h(1260): warning: anonymous unions are a C11 extension [-Wc11-extensions]
  union {
  ^
C:/Keil_v5/ARM/Packs/Keil/TM4C_DFP/1.1.0/Device/Include/TM4C129/TM4C1294NCPDT.h(1267): warning: anonymous unions are a C11 extension [-Wc11-extensions]
  union {
  ^
C:/Keil_v5/ARM/Packs/Keil/TM4C_DFP/1.1.0/Device/Include/TM4C129/TM4C1294NCPDT.h(1303): warning: anonymous unions are a C11 extension [-Wc11-extensions]
  union {
  ^
C:/Keil_v5/ARM/Packs/Keil/TM4C_DFP/1.1.0/Device/Include/TM4C129/TM4C1294NCPDT.h(1308): warning: anonymous unions are a C11 extension [-Wc11-extensions]
  union {
  ^
C:/Keil_v5/ARM/Packs/Keil/TM4C_DFP/1.1.0/Device/Include/TM4C129/TM4C1294NCPDT.h(1313): warning: anonymous unions are a C11 extension [-Wc11-extensions]
  union {
  ^
C:/Keil_v5/ARM/Packs/Keil/TM4C_DFP/1.1.0/Device/Include/TM4C129/TM4C1294NCPDT.h(1318): warning: anonymous unions are a C11 extension [-Wc11-extensions]
  union {
  ^
C:/Keil_v5/ARM/Packs/Keil/TM4C_DFP/1.1.0/Device/Include/TM4C129/TM4C1294NCPDT.h(1323): warning: anonymous unions are a C11 extension [-Wc11-extensions]
  union {
  ^
C:/Keil_v5/ARM/Packs/Keil/TM4C_DFP/1.1.0/Device/Include/TM4C129/TM4C1294NCPDT.h(1328): warning: anonymous unions are a C11 extension [-Wc11-extensions]
  union {
  ^
51 warnings generated.
compiling system_TM4C129.c...
main.c(1): warning: // comments are not allowed in this language [-Wcomment]
// The project must contain LCD_Display.lib and LCD_Display.h
^
main.c(4): warning: In file included from...
C:/Keil_v5/ARM/Packs/Keil/TM4C_DFP/1.1.0/Device/Include/TM4C129\TM4C129.h(26): warning: In file included from...
C:/Keil_v5/ARM/Packs/Keil/TM4C_DFP/1.1.0/Device/Include/TM4C129/TM4C1294NCPDT.h(279): warning: anonymous unions are a C11 extension [-Wc11-extensions]
  union {
  ^
C:/Keil_v5/ARM/Packs/Keil/TM4C_DFP/1.1.0/Device/Include/TM4C129/TM4C1294NCPDT.h(319): warning: anonymous unions are a C11 extension [-Wc11-extensions]
  union {
  ^
C:/Keil_v5/ARM/Packs/Keil/TM4C_DFP/1.1.0/Device/Include/TM4C129/TM4C1294NCPDT.h(338): warning: anonymous unions are a C11 extension [-Wc11-extensions]
  union {
  ^
C:/Keil_v5/ARM/Packs/Keil/TM4C_DFP/1.1.0/Device/Include/TM4C129/TM4C1294NCPDT.h(671): warning: anonymous unions are a C11 extension [-Wc11-extensions]
  union {
  ^
C:/Keil_v5/ARM/Packs/Keil/TM4C_DFP/1.1.0/Device/Include/TM4C129/TM4C1294NCPDT.h(687): warning: anonymous unions are a C11 extension [-Wc11-extensions]
  union {
  ^
C:/Keil_v5/ARM/Packs/Keil/TM4C_DFP/1.1.0/Device/Include/TM4C129/TM4C1294NCPDT.h(732): warning: anonymous unions are a C11 extension [-Wc11-extensions]
  union {
  ^
C:/Keil_v5/ARM/Packs/Keil/TM4C_DFP/1.1.0/Device/Include/TM4C129/TM4C1294NCPDT.h(737): warning: anonymous unions are a C11 extension [-Wc11-extensions]
  union {
  ^
C:/Keil_v5/ARM/Packs/Keil/TM4C_DFP/1.1.0/Device/Include/TM4C129/TM4C1294NCPDT.h(839): warning: anonymous unions are a C11 extension [-Wc11-extensions]
  union {
  ^
C:/Keil_v5/ARM/Packs/Keil/TM4C_DFP/1.1.0/Device/Include/TM4C129/TM4C1294NCPDT.h(852): warning: anonymous unions are a C11 extension [-Wc11-extensions]
  union {
  ^
C:/Keil_v5/ARM/Packs/Keil/TM4C_DFP/1.1.0/Device/Include/TM4C129/TM4C1294NCPDT.h(859): warning: anonymous unions are a C11 extension [-Wc11-extensions]
  union {
  ^
C:/Keil_v5/ARM/Packs/Keil/TM4C_DFP/1.1.0/Device/Include/TM4C129/TM4C1294NCPDT.h(864): warning: anonymous unions are a C11 extension [-Wc11-extensions]
  union {
  ^
C:/Keil_v5/ARM/Packs/Keil/TM4C_DFP/1.1.0/Device/Include/TM4C129/TM4C1294NCPDT.h(871): warning: anonymous unions are a C11 extension [-Wc11-extensions]
  union {
  ^
C:/Keil_v5/ARM/Packs/Keil/TM4C_DFP/1.1.0/Device/Include/TM4C129/TM4C1294NCPDT.h(877): warning: anonymous unions are a C11 extension [-Wc11-extensions]
  union {
  ^
C:/Keil_v5/ARM/Packs/Keil/TM4C_DFP/1.1.0/Device/Include/TM4C129/TM4C1294NCPDT.h(884): warning: anonymous unions are a C11 extension [-Wc11-extensions]
  union {
  ^
C:/Keil_v5/ARM/Packs/Keil/TM4C_DFP/1.1.0/Device/Include/TM4C129/TM4C1294NCPDT.h(891): warning: anonymous unions are a C11 extension [-Wc11-extensions]
  union {
  ^
C:/Keil_v5/ARM/Packs/Keil/TM4C_DFP/1.1.0/Device/Include/TM4C129/TM4C1294NCPDT.h(896): warning: anonymous unions are a C11 extension [-Wc11-extensions]
  union {
  ^
C:/Keil_v5/ARM/Packs/Keil/TM4C_DFP/1.1.0/Device/Include/TM4C129/TM4C1294NCPDT.h(903): warning: anonymous unions are a C11 extension [-Wc11-extensions]
  union {
  ^
C:/Keil_v5/ARM/Packs/Keil/TM4C_DFP/1.1.0/Device/Include/TM4C129/TM4C1294NCPDT.h(909): warning: anonymous unions are a C11 extension [-Wc11-extensions]
  union {
  ^
C:/Keil_v5/ARM/Packs/Keil/TM4C_DFP/1.1.0/Device/Include/TM4C129/TM4C1294NCPDT.h(916): warning: anonymous unions are a C11 extension [-Wc11-extensions]
  union {
  ^
C:/Keil_v5/ARM/Packs/Keil/TM4C_DFP/1.1.0/Device/Include/TM4C129/TM4C1294NCPDT.h(923): warning: anonymous unions are a C11 extension [-Wc11-extensions]
  union {
  ^
C:/Keil_v5/ARM/Packs/Keil/TM4C_DFP/1.1.0/Device/Include/TM4C129/TM4C1294NCPDT.h(928): warning: anonymous unions are a C11 extension [-Wc11-extensions]
  union {
  ^
C:/Keil_v5/ARM/Packs/Keil/TM4C_DFP/1.1.0/Device/Include/TM4C129/TM4C1294NCPDT.h(935): warning: anonymous unions are a C11 extension [-Wc11-extensions]
  union {
  ^
C:/Keil_v5/ARM/Packs/Keil/TM4C_DFP/1.1.0/Device/Include/TM4C129/TM4C1294NCPDT.h(941): warning: anonymous unions are a C11 extension [-Wc11-extensions]
  union {
  ^
C:/Keil_v5/ARM/Packs/Keil/TM4C_DFP/1.1.0/Device/Include/TM4C129/TM4C1294NCPDT.h(948): warning: anonymous unions are a C11 extension [-Wc11-extensions]
  union {
  ^
C:/Keil_v5/ARM/Packs/Keil/TM4C_DFP/1.1.0/Device/Include/TM4C129/TM4C1294NCPDT.h(955): warning: anonymous unions are a C11 extension [-Wc11-extensions]
  union {
  ^
C:/Keil_v5/ARM/Packs/Keil/TM4C_DFP/1.1.0/Device/Include/TM4C129/TM4C1294NCPDT.h(960): warning: anonymous unions are a C11 extension [-Wc11-extensions]
  union {
  ^
C:/Keil_v5/ARM/Packs/Keil/TM4C_DFP/1.1.0/Device/Include/TM4C129/TM4C1294NCPDT.h(967): warning: anonymous unions are a C11 extension [-Wc11-extensions]
  union {
  ^
C:/Keil_v5/ARM/Packs/Keil/TM4C_DFP/1.1.0/Device/Include/TM4C129/TM4C1294NCPDT.h(973): warning: anonymous unions are a C11 extension [-Wc11-extensions]
  union {
  ^
C:/Keil_v5/ARM/Packs/Keil/TM4C_DFP/1.1.0/Device/Include/TM4C129/TM4C1294NCPDT.h(980): warning: anonymous unions are a C11 extension [-Wc11-extensions]
  union {
  ^
C:/Keil_v5/ARM/Packs/Keil/TM4C_DFP/1.1.0/Device/Include/TM4C129/TM4C1294NCPDT.h(987): warning: anonymous unions are a C11 extension [-Wc11-extensions]
  union {
  ^
C:/Keil_v5/ARM/Packs/Keil/TM4C_DFP/1.1.0/Device/Include/TM4C129/TM4C1294NCPDT.h(992): warning: anonymous unions are a C11 extension [-Wc11-extensions]
  union {
  ^
C:/Keil_v5/ARM/Packs/Keil/TM4C_DFP/1.1.0/Device/Include/TM4C129/TM4C1294NCPDT.h(999): warning: anonymous unions are a C11 extension [-Wc11-extensions]
  union {
  ^
C:/Keil_v5/ARM/Packs/Keil/TM4C_DFP/1.1.0/Device/Include/TM4C129/TM4C1294NCPDT.h(1005): warning: anonymous unions are a C11 extension [-Wc11-extensions]
  union {
  ^
C:/Keil_v5/ARM/Packs/Keil/TM4C_DFP/1.1.0/Device/Include/TM4C129/TM4C1294NCPDT.h(1012): warning: anonymous unions are a C11 extension [-Wc11-extensions]
  union {
  ^
C:/Keil_v5/ARM/Packs/Keil/TM4C_DFP/1.1.0/Device/Include/TM4C129/TM4C1294NCPDT.h(1019): warning: anonymous unions are a C11 extension [-Wc11-extensions]
  union {
  ^
C:/Keil_v5/ARM/Packs/Keil/TM4C_DFP/1.1.0/Device/Include/TM4C129/TM4C1294NCPDT.h(1024): warning: anonymous unions are a C11 extension [-Wc11-extensions]
  union {
  ^
C:/Keil_v5/ARM/Packs/Keil/TM4C_DFP/1.1.0/Device/Include/TM4C129/TM4C1294NCPDT.h(1031): warning: anonymous unions are a C11 extension [-Wc11-extensions]
  union {
  ^
C:/Keil_v5/ARM/Packs/Keil/TM4C_DFP/1.1.0/Device/Include/TM4C129/TM4C1294NCPDT.h(1037): warning: anonymous unions are a C11 extension [-Wc11-extensions]
  union {
  ^
C:/Keil_v5/ARM/Packs/Keil/TM4C_DFP/1.1.0/Device/Include/TM4C129/TM4C1294NCPDT.h(1044): warning: anonymous unions are a C11 extension [-Wc11-extensions]
  union {
  ^
C:/Keil_v5/ARM/Packs/Keil/TM4C_DFP/1.1.0/Device/Include/TM4C129/TM4C1294NCPDT.h(1051): warning: anonymous unions are a C11 extension [-Wc11-extensions]
  union {
  ^
C:/Keil_v5/ARM/Packs/Keil/TM4C_DFP/1.1.0/Device/Include/TM4C129/TM4C1294NCPDT.h(1056): warning: anonymous unions are a C11 extension [-Wc11-extensions]
  union {
  ^
C:/Keil_v5/ARM/Packs/Keil/TM4C_DFP/1.1.0/Device/Include/TM4C129/TM4C1294NCPDT.h(1063): warning: anonymous unions are a C11 extension [-Wc11-extensions]
  union {
  ^
C:/Keil_v5/ARM/Packs/Keil/TM4C_DFP/1.1.0/Device/Include/TM4C129/TM4C1294NCPDT.h(1069): warning: anonymous unions are a C11 extension [-Wc11-extensions]
  union {
  ^
C:/Keil_v5/ARM/Packs/Keil/TM4C_DFP/1.1.0/Device/Include/TM4C129/TM4C1294NCPDT.h(1260): warning: anonymous unions are a C11 extension [-Wc11-extensions]
  union {
  ^
C:/Keil_v5/ARM/Packs/Keil/TM4C_DFP/1.1.0/Device/Include/TM4C129/TM4C1294NCPDT.h(1267): warning: anonymous unions are a C11 extension [-Wc11-extensions]
  union {
  ^
C:/Keil_v5/ARM/Packs/Keil/TM4C_DFP/1.1.0/Device/Include/TM4C129/TM4C1294NCPDT.h(1303): warning: anonymous unions are a C11 extension [-Wc11-extensions]
  union {
  ^
C:/Keil_v5/ARM/Packs/Keil/TM4C_DFP/1.1.0/Device/Include/TM4C129/TM4C1294NCPDT.h(1308): warning: anonymous unions are a C11 extension [-Wc11-extensions]
  union {
  ^
C:/Keil_v5/ARM/Packs/Keil/TM4C_DFP/1.1.0/Device/Include/TM4C129/TM4C1294NCPDT.h(1313): warning: anonymous unions are a C11 extension [-Wc11-extensions]
  union {
  ^
C:/Keil_v5/ARM/Packs/Keil/TM4C_DFP/1.1.0/Device/Include/TM4C129/TM4C1294NCPDT.h(1318): warning: anonymous unions are a C11 extension [-Wc11-extensions]
  union {
  ^
C:/Keil_v5/ARM/Packs/Keil/TM4C_DFP/1.1.0/Device/Include/TM4C129/TM4C1294NCPDT.h(1323): warning: anonymous unions are a C11 extension [-Wc11-extensions]
  union {
  ^
C:/Keil_v5/ARM/Packs/Keil/TM4C_DFP/1.1.0/Device/Include/TM4C129/TM4C1294NCPDT.h(1328): warning: anonymous unions are a C11 extension [-Wc11-extensions]
  union {
  ^
main.c(8): warning: In file included from...
./LCD_Display.h(72): warning: // comments are not allowed in this language [-Wcomment]
// Color definitions
^
./LCD_Display.h(115): warning: a function declaration without a prototype is deprecated in all versions of C [-Wstrict-prototypes]
extern void clearScreen();
                       ^
                        void
./LCD_Display.h(120): warning: a function declaration without a prototype is deprecated in all versions of C [-Wstrict-prototypes]
extern void initSPI();
                   ^
                    void
55 warnings generated.
compiling main.c...
assembling startup_TM4C129.s...
linking...
Program Size: Code=3886 RO-data=3202 RW-data=4 ZI-data=632  
".\Objects\Project.axf" - 0 Error(s), 106 Warning(s).

<h2>Software Packages used:</h2>

Package Vendor: ARM
                http://www.keil.com/pack/ARM.CMSIS.5.9.0.pack
                ARM.CMSIS.5.9.0
                CMSIS (Common Microcontroller Software Interface Standard)
   * Component: CORE Version: 5.6.0

Package Vendor: Keil
                http://www.keil.com/pack/Keil.TM4C_DFP.1.1.0.pack
                Keil.TM4C_DFP.1.1.0
                Texas Instruments Tiva C Series Device Support and Examples
   * Component: Startup Version: 1.0.0

<h2>Collection of Component include folders:</h2>
  ./RTE/_Target_1
  C:/Keil_v5/ARM/Packs/ARM/CMSIS/5.9.0/CMSIS/Core/Include
  C:/Keil_v5/ARM/Packs/Keil/TM4C_DFP/1.1.0/Device/Include/TM4C129

<h2>Collection of Component Files used:</h2>

   * Component: ARM::CMSIS:CORE:5.6.0

   * Component: Keil::Device:Startup:1.0.0
      Source file:   Device/Source/system_TM4C129.c
      Include file:  Device/Include/TM4C129/TM4C129.h
      Source file:   Device/Source/ARM/startup_TM4C129.s
Build Time Elapsed:  00:00:01
</pre>
</body>
</html>
